Archive member included to satisfy reference by file (symbol)

../lib/liblib.a(tasks.c.o)    CMakeFiles/app.dir/main.c.o (xTaskCreate)
../lib/liblib.a(timers.c.o)   ../lib/liblib.a(tasks.c.o) (xTimerCreateTimerTask)
../lib/liblib.a(heap_3.c.o)   ../lib/liblib.a(tasks.c.o) (pvPortMalloc)
../lib/liblib.a(port.c.o)     ../lib/liblib.a(tasks.c.o) (pxPortInitialiseStack)
../lib/liblib.a(list.c.o)     ../lib/liblib.a(tasks.c.o) (vListInitialise)
../lib/liblib.a(queue.c.o)    ../lib/liblib.a(timers.c.o) (xQueueGenericCreate)
/usr/lib/gcc/arm-none-eabi/13.2.1/../../../arm-none-eabi/lib/thumb/v8-m.main+fp/softfp/libm.a(libm_a-wf_sqrt.o)
                              CMakeFiles/app.dir/home/juan/pico-sdk/src/rp2_common/pico_float/float_math.c.o (sqrtf)
/usr/lib/gcc/arm-none-eabi/13.2.1/../../../arm-none-eabi/lib/thumb/v8-m.main+fp/softfp/libm.a(libm_a-ef_sqrt.o)
                              /usr/lib/gcc/arm-none-eabi/13.2.1/../../../arm-none-eabi/lib/thumb/v8-m.main+fp/softfp/libm.a(libm_a-wf_sqrt.o) (__ieee754_sqrtf)
/usr/lib/gcc/arm-none-eabi/13.2.1/thumb/v8-m.main+fp/softfp/libgcc.a(_arm_addsubdf3.o)
                              CMakeFiles/app.dir/home/juan/pico-sdk/src/rp2_common/pico_float/float_math.c.o (__aeabi_f2d)
/usr/lib/gcc/arm-none-eabi/13.2.1/thumb/v8-m.main+fp/softfp/libgcc.a(_aeabi_ldivmod.o)
                              CMakeFiles/app.dir/home/juan/pico-sdk/src/common/pico_time/time.c.o (__aeabi_ldivmod)
/usr/lib/gcc/arm-none-eabi/13.2.1/thumb/v8-m.main+fp/softfp/libgcc.a(_aeabi_uldivmod.o)
                              CMakeFiles/app.dir/home/juan/pico-sdk/src/rp2_common/hardware_clocks/clocks.c.o (__aeabi_uldivmod)
/usr/lib/gcc/arm-none-eabi/13.2.1/thumb/v8-m.main+fp/softfp/libgcc.a(_udivmoddi4.o)
                              /usr/lib/gcc/arm-none-eabi/13.2.1/thumb/v8-m.main+fp/softfp/libgcc.a(_aeabi_ldivmod.o) (__udivmoddi4)
/usr/lib/gcc/arm-none-eabi/13.2.1/thumb/v8-m.main+fp/softfp/libgcc.a(_dvmd_tls.o)
                              /usr/lib/gcc/arm-none-eabi/13.2.1/thumb/v8-m.main+fp/softfp/libgcc.a(_aeabi_ldivmod.o) (__aeabi_ldiv0)
/usr/lib/gcc/arm-none-eabi/13.2.1/../../../arm-none-eabi/lib/thumb/v8-m.main+fp/softfp/libg.a(libc_a-memset.o)
                              /usr/lib/gcc/arm-none-eabi/13.2.1/../../../arm-none-eabi/lib/thumb/v8-m.main+fp/softfp/crt0.o (memset)
/usr/lib/gcc/arm-none-eabi/13.2.1/../../../arm-none-eabi/lib/thumb/v8-m.main+fp/softfp/libg.a(libc_a-calloc.o)
                              CMakeFiles/app.dir/home/juan/pico-sdk/src/rp2_common/pico_malloc/malloc.c.o (calloc)
/usr/lib/gcc/arm-none-eabi/13.2.1/../../../arm-none-eabi/lib/thumb/v8-m.main+fp/softfp/libg.a(libc_a-errno.o)
                              /usr/lib/gcc/arm-none-eabi/13.2.1/../../../arm-none-eabi/lib/thumb/v8-m.main+fp/softfp/libm.a(libm_a-wf_sqrt.o) (__errno)
/usr/lib/gcc/arm-none-eabi/13.2.1/../../../arm-none-eabi/lib/thumb/v8-m.main+fp/softfp/libg.a(libc_a-impure.o)
                              /usr/lib/gcc/arm-none-eabi/13.2.1/../../../arm-none-eabi/lib/thumb/v8-m.main+fp/softfp/libg.a(libc_a-calloc.o) (_impure_ptr)
/usr/lib/gcc/arm-none-eabi/13.2.1/../../../arm-none-eabi/lib/thumb/v8-m.main+fp/softfp/libg.a(libc_a-callocr.o)
                              /usr/lib/gcc/arm-none-eabi/13.2.1/../../../arm-none-eabi/lib/thumb/v8-m.main+fp/softfp/libg.a(libc_a-calloc.o) (_calloc_r)
/usr/lib/gcc/arm-none-eabi/13.2.1/../../../arm-none-eabi/lib/thumb/v8-m.main+fp/softfp/libg.a(libc_a-realloc.o)
                              CMakeFiles/app.dir/home/juan/pico-sdk/src/rp2_common/pico_malloc/malloc.c.o (realloc)
/usr/lib/gcc/arm-none-eabi/13.2.1/../../../arm-none-eabi/lib/thumb/v8-m.main+fp/softfp/libg.a(libc_a-mallocr.o)
                              /usr/lib/gcc/arm-none-eabi/13.2.1/../../../arm-none-eabi/lib/thumb/v8-m.main+fp/softfp/libg.a(libc_a-callocr.o) (_malloc_r)
/usr/lib/gcc/arm-none-eabi/13.2.1/../../../arm-none-eabi/lib/thumb/v8-m.main+fp/softfp/libg.a(libc_a-freer.o)
                              /usr/lib/gcc/arm-none-eabi/13.2.1/../../../arm-none-eabi/lib/thumb/v8-m.main+fp/softfp/libg.a(libc_a-mallocr.o) (_free_r)
/usr/lib/gcc/arm-none-eabi/13.2.1/../../../arm-none-eabi/lib/thumb/v8-m.main+fp/softfp/libg.a(libc_a-memcmp.o)
                              CMakeFiles/app.dir/home/juan/pico-sdk/src/rp2_common/pico_atomic/atomic.c.o (memcmp)
/usr/lib/gcc/arm-none-eabi/13.2.1/../../../arm-none-eabi/lib/thumb/v8-m.main+fp/softfp/libg.a(libc_a-malloc.o)
                              CMakeFiles/app.dir/home/juan/pico-sdk/src/rp2_common/pico_malloc/malloc.c.o (malloc)
/usr/lib/gcc/arm-none-eabi/13.2.1/../../../arm-none-eabi/lib/thumb/v8-m.main+fp/softfp/libg.a(libc_a-memcpy.o)
                              CMakeFiles/app.dir/home/juan/pico-sdk/src/common/pico_util/queue.c.o (memcpy)
/usr/lib/gcc/arm-none-eabi/13.2.1/../../../arm-none-eabi/lib/thumb/v8-m.main+fp/softfp/libg.a(libc_a-sysconf.o)
[...]
Memory Configuration

Name             Origin             Length             Attributes
FLASH            0x10000000         0x00400000         xr
RAM              0x20000000         0x00080000         xrw
SCRATCH_X        0x20080000         0x00001000         xrw
SCRATCH_Y        0x20081000         0x00001000         xrw
*default*        0x00000000         0xffffffff

Linker script and memory map

LOAD /usr/lib/gcc/arm-none-eabi/13.2.1/thumb/v8-m.main+fp/softfp/crti.o
LOAD /usr/lib/gcc/arm-none-eabi/13.2.1/thumb/v8-m.main+fp/softfp/crtbegin.o
LOAD /usr/lib/gcc/arm-none-eabi/13.2.1/../../../arm-none-eabi/lib/thumb/v8-m.main+fp/softfp/crt0.o

.flash_begin    0x10000000        0x0
                0x10000000                        __flash_binary_start = .

.text           0x10000000     0x9b94
                0x10000000                        __logical_binary_start = .
 *(.vectors)
 .vectors       0x10000000      0x124 CMakeFiles/app.dir/home/juan/pico-sdk/src/rp2_common/pico_crt0/crt0.S.o
                0x10000000                __vectors
                0x10000000                __VECTOR_TABLE
                0x10000110                isr_invalid
                0x10000110                __default_isrs_start
                0x10000112                isr_nmi
                0x10000114                isr_hardfault
                0x1000011c                isr_irq30
                0x1000011c                __unhandled_user_irq
                0x1000011c                isr_irq49
                0x1000011c                isr_irq13
                0x1000011c                isr_irq43
                0x1000011c                isr_irq45
                0x1000011c                isr_irq27
                0x1000011c                isr_irq32
                0x1000011c                isr_irq31
                0x1000011c                isr_irq5
                0x1000011c                isr_irq11
                0x1000011c                isr_irq23
                0x1000011c                isr_irq48
                0x1000011c                isr_irq35
                0x1000011c                isr_irq18
                0x1000011c                isr_irq50
                0x1000011c                isr_irq40
                0x1000011c                isr_irq28
                0x1000011c                isr_irq19
                0x1000011c                isr_irq36
                0x1000011c                isr_irq41
                0x1000011c                isr_irq0
                0x1000011c                isr_irq6
                0x1000011c                isr_irq37
                0x1000011c                isr_irq42
                0x1000011c                isr_irq22
                0x1000011c                isr_irq17
                0x1000011c                isr_irq38
                0x1000011c                isr_irq14
                0x1000011c                isr_irq2
                0x1000011c                isr_irq10
                0x1000011c                isr_irq8
                0x1000011c                isr_irq24
                0x1000011c                isr_irq46
                0x1000011c                isr_irq1
                0x1000011c                isr_irq47
                0x1000011c                isr_irq51
                0x1000011c                isr_irq7
                0x1000011c                isr_irq21
                0x1000011c                isr_irq39
                0x1000011c                isr_irq20
                0x1000011c                isr_irq15
                0x1000011c                isr_irq25
                0x1000011c                isr_irq34
                0x1000011c                isr_irq4
                0x1000011c                isr_irq16
                0x1000011c                isr_irq44
                0x1000011c                isr_irq29
                0x1000011c                isr_irq26
                0x1000011c                __default_isrs_end
                0x1000011c                isr_irq33
                0x1000011c                isr_irq3
                0x1000011c                isr_irq12
                0x1000011c                isr_irq9
                0x10000122                unhandled_user_irq_num_in_r0
 *(.binary_info_header)
 .binary_info_header
                0x10000124       0x14 CMakeFiles/app.dir/home/juan/pico-sdk/src/rp2_common/pico_crt0/crt0.S.o
                0x10000138                        __binary_info_header_end = .
 *(.embedded_block)
 .embedded_block
                0x10000138       0x14 CMakeFiles/app.dir/home/juan/pico-sdk/src/rp2_common/pico_crt0/crt0.S.o
                0x1000014c                        __embedded_block_end = .
 *(.reset)
 .reset         0x1000014c       0xa0 CMakeFiles/app.dir/home/juan/pico-sdk/src/rp2_common/pico_crt0/crt0.S.o
                0x1000014c                _entry_point
 *(.init)
 .init          0x100001ec        0x4 /usr/lib/gcc/arm-none-eabi/13.2.1/thumb/v8-m.main+fp/softfp/crti.o
                0x100001ec                _init
 *libgcc.a:cmse_nonsecure_call.o()
 *(EXCLUDE_FILE(*libm.a: *libc.a:*lib_a-mem*.o *libgcc.a:) .text*)
 .text          0x100001f0       0x8c /usr/lib/gcc/arm-none-eabi/13.2.1/thumb/v8-m.main+fp/softfp/crtbegin.o
 .text.led_task
                0x1000027c       0x40 CMakeFiles/app.dir/main.c.o
                0x1000027c                led_task
 .text.intro_task
                0x100002bc       0x48 CMakeFiles/app.dir/main.c.o
                0x100002bc                intro_task
 .text.startup.main
                0x10000304       0xa4 CMakeFiles/app.dir/main.c.o
                0x10000304                main
 .text.gpio_set_function
                0x100003a8       0x3c CMakeFiles/app.dir/home/juan/pico-sdk/src/rp2_common/hardware_gpio/gpio.c.o
                0x100003a8                gpio_set_function
 .text.gpio_init
                0x100003e4       0x48 CMakeFiles/app.dir/home/juan/pico-sdk/src/rp2_common/hardware_gpio/gpio.c.o
                0x100003e4                gpio_init
 .text.panic    0x1000042c       0x30 CMakeFiles/app.dir/home/juan/pico-sdk/src/rp2_common/pico_platform_panic/panic.c.o
                0x1000042c                panic
 .text.hw_claim_or_assert
                0x1000045c       0x58 CMakeFiles/app.dir/home/juan/pico-sdk/src/common/hardware_claim/claim.c.o
                0x1000045c                hw_claim_or_assert
 .text.hw_claim_unused_from_range
                0x100004b4       0x9c CMakeFiles/app.dir/home/juan/pico-sdk/src/common/hardware_claim/claim.c.o
                0x100004b4                hw_claim_unused_from_range
 .text.next_striped_spin_lock_num
                0x10000550       0x18 CMakeFiles/app.dir/home/juan/pico-sdk/src/rp2_common/hardware_sync/sync.c.o
                0x10000550                next_striped_spin_lock_num
 .text.spin_lock_claim_unused
                0x10000568       0x20 CMakeFiles/app.dir/home/juan/pico-sdk/src/rp2_common/hardware_sync/sync.c.o
                0x10000568                spin_lock_claim_unused
 .text.spinlock_set_extexclall
                0x10000588       0x10 CMakeFiles/app.dir/home/juan/pico-sdk/src/rp2_common/hardware_sync_spin_lock/sync_spin_lock.c.o
 .text.spin_locks_reset
                0x10000598       0x18 CMakeFiles/app.dir/home/juan/pico-sdk/src/rp2_common/hardware_sync_spin_lock/sync_spin_lock.c.o
                0x10000598                spin_locks_reset
 .text.runtime_init_per_core_irq_priorities
                0x100005b0       0x40 CMakeFiles/app.dir/home/juan/pico-sdk/src/rp2_common/hardware_irq/irq.c.o
                0x100005b0                runtime_init_per_core_irq_priorities
 .text.irq_set_enabled
                0x100005f0       0x2c CMakeFiles/app.dir/home/juan/pico-sdk/src/rp2_common/hardware_irq/irq.c.o
                0x100005f0                irq_set_enabled
 .text.irq_is_enabled
                0x1000061c       0x20 CMakeFiles/app.dir/home/juan/pico-sdk/src/rp2_common/hardware_irq/irq.c.o
                0x1000061c                irq_is_enabled
 .text.irq_set_pending
                0x1000063c       0x18 CMakeFiles/app.dir/home/juan/pico-sdk/src/rp2_common/hardware_irq/irq.c.o
                0x1000063c                irq_set_pending
 .text.irq_has_shared_handler
                0x10000654       0x20 CMakeFiles/app.dir/home/juan/pico-sdk/src/rp2_common/hardware_irq/irq.c.o
                0x10000654                irq_has_shared_handler
 .text.irq_set_exclusive_handler
                0x10000674       0x60 CMakeFiles/app.dir/home/juan/pico-sdk/src/rp2_common/hardware_irq/irq.c.o
                0x10000674                irq_set_exclusive_handler
 .text.irq_add_shared_handler
                0x100006d4      0x1e8 CMakeFiles/app.dir/home/juan/pico-sdk/src/rp2_common/hardware_irq/irq.c.o
                0x100006d4                irq_add_shared_handler
 .text.irq_remove_handler
                0x100008bc      0x1fc CMakeFiles/app.dir/home/juan/pico-sdk/src/rp2_common/hardware_irq/irq.c.o
                0x100008bc                irq_remove_handler
 .text.irq_add_tail_to_free_list
                0x10000ab8       0xbc CMakeFiles/app.dir/home/juan/pico-sdk/src/rp2_common/hardware_irq/irq.c.o
                0x10000ab8                irq_add_tail_to_free_list
 .text.user_irq_claim_unused
                0x10000b74       0x28 CMakeFiles/app.dir/home/juan/pico-sdk/src/rp2_common/hardware_irq/irq.c.o
                0x10000b74                user_irq_claim_unused
 .text.lock_init
                0x10000b9c        0xc CMakeFiles/app.dir/home/juan/pico-sdk/src/common/pico_sync/lock_core.c.o
                0x10000b9c                lock_init
 .text.runtime_init_mutex
                0x10000ba8       0x4c CMakeFiles/app.dir/home/juan/pico-sdk/src/common/pico_sync/mutex.c.o
                0x10000ba8                runtime_init_mutex
 .text.mutex_init
                0x10000bf4       0x1c CMakeFiles/app.dir/home/juan/pico-sdk/src/common/pico_sync/mutex.c.o
                0x10000bf4                mutex_init
 .text.critical_section_init
                0x10000c10       0x1c CMakeFiles/app.dir/home/juan/pico-sdk/src/common/pico_sync/critical_section.c.o
                0x10000c10                critical_section_init
 .text.critical_section_init_with_lock_num
                0x10000c2c       0x10 CMakeFiles/app.dir/home/juan/pico-sdk/src/common/pico_sync/critical_section.c.o
                0x10000c2c                critical_section_init_with_lock_num
 .text.sleep_until_callback
                0x10000c3c       0x3c CMakeFiles/app.dir/home/juan/pico-sdk/src/common/pico_time/time.c.o
 .text.alarm_pool_irq_handler
                0x10000c78      0x2f0 CMakeFiles/app.dir/home/juan/pico-sdk/src/common/pico_time/time.c.o
 .text.runtime_init_default_alarm_pool
                0x10000f68      0x100 CMakeFiles/app.dir/home/juan/pico-sdk/src/common/pico_time/time.c.o
                0x10000f68                runtime_init_default_alarm_pool
 .text.alarm_pool_get_default
                0x10001068        0x8 CMakeFiles/app.dir/home/juan/pico-sdk/src/common/pico_time/time.c.o
                0x10001068                alarm_pool_get_default
 .text.alarm_pool_add_alarm_at
                0x10001070       0xdc CMakeFiles/app.dir/home/juan/pico-sdk/src/common/pico_time/time.c.o
                0x10001070                alarm_pool_add_alarm_at
 .text.alarm_pool_add_alarm_at_force_in_context
                0x1000114c       0xc8 CMakeFiles/app.dir/home/juan/pico-sdk/src/common/pico_time/time.c.o
                0x1000114c                alarm_pool_add_alarm_at_force_in_context
 .text.alarm_pool_cancel_alarm
                0x10001214       0x80 CMakeFiles/app.dir/home/juan/pico-sdk/src/common/pico_time/time.c.o
                0x10001214                alarm_pool_cancel_alarm
 .text.alarm_pool_core_num
                0x10001294        0x4 CMakeFiles/app.dir/home/juan/pico-sdk/src/common/pico_time/time.c.o
                0x10001294                alarm_pool_core_num
 .text.best_effort_wfe_or_timeout
                0x10001298       0xbc CMakeFiles/app.dir/home/juan/pico-sdk/src/common/pico_time/time.c.o
                0x10001298                best_effort_wfe_or_timeout
 .text.timer_hardware_alarm_claim
                0x10001354       0x24 CMakeFiles/app.dir/home/juan/pico-sdk/src/rp2_common/hardware_timer/timer.c.o
                0x10001354                timer_hardware_alarm_claim
 .text.timer_time_us_64
                0x10001378       0x10 CMakeFiles/app.dir/home/juan/pico-sdk/src/rp2_common/hardware_timer/timer.c.o
                0x10001378                timer_time_us_64
 .text.time_us_64
                0x10001388       0x14 CMakeFiles/app.dir/home/juan/pico-sdk/src/rp2_common/hardware_timer/timer.c.o
                0x10001388                time_us_64
 .text.busy_wait_us
                0x1000139c       0x64 CMakeFiles/app.dir/home/juan/pico-sdk/src/rp2_common/hardware_timer/timer.c.o
                0x1000139c                busy_wait_us
 .text.uart_init
                0x10001400      0x104 CMakeFiles/app.dir/home/juan/pico-sdk/src/rp2_common/hardware_uart/uart.c.o
                0x10001400                uart_init
 .text.clock_configure_undivided
                0x10001504       0xd0 CMakeFiles/app.dir/home/juan/pico-sdk/src/rp2_common/hardware_clocks/clocks.c.o
                0x10001504                clock_configure_undivided
 .text.clock_get_hz
                0x100015d4        0xc CMakeFiles/app.dir/home/juan/pico-sdk/src/rp2_common/hardware_clocks/clocks.c.o
                0x100015d4                clock_get_hz
 .text.pll_init
                0x100015e0       0x8c CMakeFiles/app.dir/home/juan/pico-sdk/src/rp2_common/hardware_pll/pll.c.o
                0x100015e0                pll_init
 .text.watchdog_reboot
                0x1000166c       0x98 CMakeFiles/app.dir/home/juan/pico-sdk/src/rp2_common/hardware_watchdog/watchdog.c.o
                0x1000166c                watchdog_reboot
 .text.tick_start
                0x10001704       0x18 CMakeFiles/app.dir/home/juan/pico-sdk/src/rp2_common/hardware_ticks/ticks.c.o
                0x10001704                tick_start
 .text.rom_reboot.constprop.0.isra.0
                0x1000171c       0x34 CMakeFiles/app.dir/home/juan/pico-sdk/src/rp2_common/pico_bootrom/bootrom.c.o
 .text.rom_func_lookup
                0x10001750       0x18 CMakeFiles/app.dir/home/juan/pico-sdk/src/rp2_common/pico_bootrom/bootrom.c.o
                0x10001750                rom_func_lookup
 .text.rom_reset_usb_boot_extra
                0x10001768       0x1c CMakeFiles/app.dir/home/juan/pico-sdk/src/rp2_common/pico_bootrom/bootrom.c.o
                0x10001768                rom_reset_usb_boot_extra
 .text.runtime_init_bootrom_locking_enable
                0x10001784       0x14 CMakeFiles/app.dir/home/juan/pico-sdk/src/rp2_common/pico_bootrom/bootrom_lock.c.o
                0x10001784                runtime_init_bootrom_locking_enable
 .text.runtime_init_boot_locks_reset
                0x10001798       0x1c CMakeFiles/app.dir/home/juan/pico-sdk/src/rp2_common/hardware_boot_lock/boot_lock.c.o
                0x10001798                runtime_init_boot_locks_reset
 .text.xosc_init
                0x100017b4       0x30 CMakeFiles/app.dir/home/juan/pico-sdk/src/rp2_common/hardware_xosc/xosc.c.o
                0x100017b4                xosc_init
 .text.first_per_core_initializer
                0x100017e4        0x4 CMakeFiles/app.dir/home/juan/pico-sdk/src/rp2_common/pico_runtime/runtime.c.o
 .text.hard_assertion_failure
                0x100017e8        0xc CMakeFiles/app.dir/home/juan/pico-sdk/src/rp2_common/pico_runtime/runtime.c.o
                0x100017e8                hard_assertion_failure
 .text.runtime_run_initializers
                0x100017f4       0x20 CMakeFiles/app.dir/home/juan/pico-sdk/src/rp2_common/pico_runtime/runtime.c.o
                0x100017f4                runtime_run_initializers
 .text.runtime_init_early_resets
                0x10001814       0x34 CMakeFiles/app.dir/home/juan/pico-sdk/src/rp2_common/pico_runtime_init/runtime_init.c.o
                0x10001814                runtime_init_early_resets
 .text.runtime_init_usb_power_down
                0x10001848       0x1c CMakeFiles/app.dir/home/juan/pico-sdk/src/rp2_common/pico_runtime_init/runtime_init.c.o
                0x10001848                runtime_init_usb_power_down
 .text.runtime_init_per_core_enable_coprocessors
                0x10001864       0x1c CMakeFiles/app.dir/home/juan/pico-sdk/src/rp2_common/pico_runtime_init/runtime_init.c.o
                0x10001864                runtime_init_per_core_enable_coprocessors
 .text.runtime_init_post_clock_resets
                0x10001880       0x20 CMakeFiles/app.dir/home/juan/pico-sdk/src/rp2_common/pico_runtime_init/runtime_init.c.o
                0x10001880                runtime_init_post_clock_resets
 .text.runtime_init_bootrom_reset
                0x100018a0       0x14 CMakeFiles/app.dir/home/juan/pico-sdk/src/rp2_common/pico_runtime_init/runtime_init.c.o
                0x100018a0                runtime_init_bootrom_reset
 .text.runtime_init_per_core_bootrom_reset
                0x100018b4       0x14 CMakeFiles/app.dir/home/juan/pico-sdk/src/rp2_common/pico_runtime_init/runtime_init.c.o
                0x100018b4                runtime_init_per_core_bootrom_reset
 .text.runtime_init_spin_locks_reset
                0x100018c8        0x4 CMakeFiles/app.dir/home/juan/pico-sdk/src/rp2_common/pico_runtime_init/runtime_init.c.o
                0x100018c8                runtime_init_spin_locks_reset
 .text.runtime_init_install_ram_vector_table
                0x100018cc       0x20 CMakeFiles/app.dir/home/juan/pico-sdk/src/rp2_common/pico_runtime_init/runtime_init.c.o
                0x100018cc                runtime_init_install_ram_vector_table
 .text.runtime_init_clocks
                0x100018ec       0xdc CMakeFiles/app.dir/home/juan/pico-sdk/src/rp2_common/pico_runtime_init/runtime_init_clocks.c.o
                0x100018ec                runtime_init_clocks
 .text.__rp2350_dcp_engaged_state_save_restore
                0x100019c8       0x3a CMakeFiles/app.dir/home/juan/pico-sdk/src/rp2_common/pico_double/double_aeabi_dcp.S.o
 *fill*         0x10001a02        0x2 
 .text.__wrap___aeabi_dadd
                0x10001a04       0x28 CMakeFiles/app.dir/home/juan/pico-sdk/src/rp2_common/pico_double/double_aeabi_dcp.S.o
                0x10001a0c                __wrap___aeabi_dadd
 .text.__wrap___aeabi_dsub
                0x10001a2c       0x28 CMakeFiles/app.dir/home/juan/pico-sdk/src/rp2_common/pico_double/double_aeabi_dcp.S.o
                0x10001a34                __wrap___aeabi_dsub
 .text.__wrap___aeabi_dmul
                0x10001a54       0x4c CMakeFiles/app.dir/home/juan/pico-sdk/src/rp2_common/pico_double/double_aeabi_dcp.S.o
                0x10001a5c                __wrap___aeabi_dmul
 .text.__wrap___aeabi_ddiv
                0x10001aa0       0x9c CMakeFiles/app.dir/home/juan/pico-sdk/src/rp2_common/pico_double/double_aeabi_dcp.S.o
                0x10001aa8                __wrap___aeabi_ddiv
 .text.__wrap___aeabi_i2d
                0x10001b3c       0x24 CMakeFiles/app.dir/home/juan/pico-sdk/src/rp2_common/pico_double/double_aeabi_dcp.S.o
                0x10001b44                __wrap___aeabi_i2d
                0x10001b44                int2double
 .text.__wrap___aeabi_ui2d
                0x10001b60       0x24 CMakeFiles/app.dir/home/juan/pico-sdk/src/rp2_common/pico_double/double_aeabi_dcp.S.o
                0x10001b68                __wrap___aeabi_ui2d
                0x10001b68                uint2double
 .text.__wrap___aeabi_d2iz
                0x10001b84       0x24 CMakeFiles/app.dir/home/juan/pico-sdk/src/rp2_common/pico_double/double_aeabi_dcp.S.o
                0x10001b8c                __wrap___aeabi_d2iz
                0x10001b8c                double2int_z
 .text.__wrap___aeabi_d2uiz
                0x10001ba8       0x24 CMakeFiles/app.dir/home/juan/pico-sdk/src/rp2_common/pico_double/double_aeabi_dcp.S.o
                0x10001bb0                double2uint_z
                0x10001bb0                double2uint
                0x10001bb0                __wrap___aeabi_d2uiz
 .text.__wrap___aeabi_dcmpun
                0x10001bcc       0x24 CMakeFiles/app.dir/home/juan/pico-sdk/src/rp2_common/pico_double/double_aeabi_dcp.S.o
                0x10001bd4                __wrap___aeabi_dcmpun
 .text.__wrap___aeabi_dcmplt
                0x10001bf0       0x28 CMakeFiles/app.dir/home/juan/pico-sdk/src/rp2_common/pico_double/double_aeabi_dcp.S.o
                0x10001bf8                __wrap___aeabi_dcmplt
 .text.__wrap___aeabi_dcmpge
                0x10001c18       0x28 CMakeFiles/app.dir/home/juan/pico-sdk/src/rp2_common/pico_double/double_aeabi_dcp.S.o
                0x10001c20                __wrap___aeabi_dcmpge
 .text.__wrap___aeabi_dcmpgt
                0x10001c40       0x28 CMakeFiles/app.dir/home/juan/pico-sdk/src/rp2_common/pico_double/double_aeabi_dcp.S.o
                0x10001c48                __wrap___aeabi_dcmpgt
 .text.__wrap_malloc
                0x10001c68       0x24 CMakeFiles/app.dir/home/juan/pico-sdk/src/rp2_common/pico_malloc/malloc.c.o
                0x10001c68                __wrap_malloc
 .text.__wrap_free
                0x10001c8c        0x4 CMakeFiles/app.dir/home/juan/pico-sdk/src/rp2_common/pico_malloc/malloc.c.o
                0x10001c8c                __wrap_free
 .text._out_null
                0x10001c90        0x4 CMakeFiles/app.dir/home/juan/pico-sdk/src/rp2_common/pico_printf/printf.c.o
 .text._out_rev
                0x10001c94       0x9c CMakeFiles/app.dir/home/juan/pico-sdk/src/rp2_common/pico_printf/printf.c.o
 .text._ntoa_format
                0x10001d30      0x2a4 CMakeFiles/app.dir/home/juan/pico-sdk/src/rp2_common/pico_printf/printf.c.o
 .text._out_char
                0x10001fd4        0x8 CMakeFiles/app.dir/home/juan/pico-sdk/src/rp2_common/pico_printf/printf.c.o
 .text._out_fct
                0x10001fdc        0xc CMakeFiles/app.dir/home/juan/pico-sdk/src/rp2_common/pico_printf/printf.c.o
 .text._etoa    0x10001fe8      0x460 CMakeFiles/app.dir/home/juan/pico-sdk/src/rp2_common/pico_printf/printf.c.o
 .text._ftoa    0x10002448      0x3f4 CMakeFiles/app.dir/home/juan/pico-sdk/src/rp2_common/pico_printf/printf.c.o
 .text._vsnprintf
                0x1000283c      0x9e8 CMakeFiles/app.dir/home/juan/pico-sdk/src/rp2_common/pico_printf/printf.c.o
 .text.vfctprintf
                0x10003224       0x28 CMakeFiles/app.dir/home/juan/pico-sdk/src/rp2_common/pico_printf/printf.c.o
                0x10003224                vfctprintf
 .text.weak_raw_vprintf
                0x1000324c       0x30 CMakeFiles/app.dir/home/juan/pico-sdk/src/rp2_common/pico_printf/printf.c.o
                0x1000324c                weak_raw_vprintf
 .text._exit    0x1000327c        0x4 CMakeFiles/app.dir/home/juan/pico-sdk/src/rp2_common/pico_clib_interface/newlib_interface.c.o
                0x1000327c                _exit
 .text._sbrk    0x10003280       0x2c CMakeFiles/app.dir/home/juan/pico-sdk/src/rp2_common/pico_clib_interface/newlib_interface.c.o
                0x10003280                _sbrk
 .text.exit     0x100032ac        0x8 CMakeFiles/app.dir/home/juan/pico-sdk/src/rp2_common/pico_clib_interface/newlib_interface.c.o
                0x100032ac                exit
 .text.runtime_init
                0x100032b4       0x24 CMakeFiles/app.dir/home/juan/pico-sdk/src/rp2_common/pico_clib_interface/newlib_interface.c.o
                0x100032b4                runtime_init
 .text.stdio_out_chars_no_crlf
                0x100032d8        0x8 CMakeFiles/app.dir/home/juan/pico-sdk/src/rp2_common/pico_stdio/stdio.c.o
 .text.stdio_out_chars_crlf
                0x100032e0       0xac CMakeFiles/app.dir/home/juan/pico-sdk/src/rp2_common/pico_stdio/stdio.c.o
 .text.stdio_buffered_printer
                0x1000338c       0x60 CMakeFiles/app.dir/home/juan/pico-sdk/src/rp2_common/pico_stdio/stdio.c.o
 .text.stdio_put_string
                0x100033ec       0xf0 CMakeFiles/app.dir/home/juan/pico-sdk/src/rp2_common/pico_stdio/stdio.c.o
                0x100033ec                stdio_put_string
 .text.stdio_set_driver_enabled
                0x100034dc       0x30 CMakeFiles/app.dir/home/juan/pico-sdk/src/rp2_common/pico_stdio/stdio.c.o
                0x100034dc                stdio_set_driver_enabled
 .text.stdio_init_all
                0x1000350c       0x10 CMakeFiles/app.dir/home/juan/pico-sdk/src/rp2_common/pico_stdio/stdio.c.o
                0x1000350c                stdio_init_all
 .text.__wrap_putchar
                0x1000351c       0x84 CMakeFiles/app.dir/home/juan/pico-sdk/src/rp2_common/pico_stdio/stdio.c.o
                0x1000351c                stdio_putchar
                0x1000351c                __wrap_putchar
 .text.__wrap_puts
                0x100035a0       0x3c CMakeFiles/app.dir/home/juan/pico-sdk/src/rp2_common/pico_stdio/stdio.c.o
                0x100035a0                __wrap_puts
                0x100035a0                stdio_puts
 .text.__wrap_vprintf
                0x100035dc       0xc8 CMakeFiles/app.dir/home/juan/pico-sdk/src/rp2_common/pico_stdio/stdio.c.o
                0x100035dc                __wrap_vprintf
                0x100035dc                stdio_vprintf
 .text.__wrap_printf
                0x100036a4       0x1c CMakeFiles/app.dir/home/juan/pico-sdk/src/rp2_common/pico_stdio/stdio.c.o
                0x100036a4                stdio_printf
                0x100036a4                __wrap_printf
 .text.stdio_uart_out_chars
                0x100036c0       0x50 CMakeFiles/app.dir/home/juan/pico-sdk/src/rp2_common/pico_stdio_uart/stdio_uart.c.o
 .text.stdio_uart_in_chars
                0x10003710       0x94 CMakeFiles/app.dir/home/juan/pico-sdk/src/rp2_common/pico_stdio_uart/stdio_uart.c.o
                0x10003710                stdio_uart_in_chars
 .text.on_uart_rx
                0x100037a4       0x24 CMakeFiles/app.dir/home/juan/pico-sdk/src/rp2_common/pico_stdio_uart/stdio_uart.c.o
 .text.stdio_uart_out_flush
                0x100037c8       0x10 CMakeFiles/app.dir/home/juan/pico-sdk/src/rp2_common/pico_stdio_uart/stdio_uart.c.o
 .text.stdio_uart_set_chars_available_callback
                0x100037d8       0x88 CMakeFiles/app.dir/home/juan/pico-sdk/src/rp2_common/pico_stdio_uart/stdio_uart.c.o
 .text.stdio_uart_init
                0x10003860       0x54 CMakeFiles/app.dir/home/juan/pico-sdk/src/rp2_common/pico_stdio_uart/stdio_uart.c.o
                0x10003860                stdio_uart_init
 .text.resetd_init
                0x100038b4        0x4 CMakeFiles/app.dir/home/juan/pico-sdk/src/rp2_common/pico_stdio_usb/reset_interface.c.o
 .text.resetd_reset
                0x100038b8        0xc CMakeFiles/app.dir/home/juan/pico-sdk/src/rp2_common/pico_stdio_usb/reset_interface.c.o
 .text.resetd_open
                0x100038c4       0x28 CMakeFiles/app.dir/home/juan/pico-sdk/src/rp2_common/pico_stdio_usb/reset_interface.c.o
 .text.resetd_xfer_cb
                0x100038ec        0x4 CMakeFiles/app.dir/home/juan/pico-sdk/src/rp2_common/pico_stdio_usb/reset_interface.c.o
 .text.resetd_control_xfer_cb
                0x100038f0       0x50 CMakeFiles/app.dir/home/juan/pico-sdk/src/rp2_common/pico_stdio_usb/reset_interface.c.o
 .text.tud_descriptor_bos_cb
                0x10003940        0x8 CMakeFiles/app.dir/home/juan/pico-sdk/src/rp2_common/pico_stdio_usb/reset_interface.c.o
                0x10003940                tud_descriptor_bos_cb
 .text.tud_vendor_control_xfer_cb
                0x10003948       0x28 CMakeFiles/app.dir/home/juan/pico-sdk/src/rp2_common/pico_stdio_usb/reset_interface.c.o
                0x10003948                tud_vendor_control_xfer_cb
 .text.usbd_app_driver_get_cb
                0x10003970       0x10 CMakeFiles/app.dir/home/juan/pico-sdk/src/rp2_common/pico_stdio_usb/reset_interface.c.o
                0x10003970                usbd_app_driver_get_cb
 .text.tud_cdc_line_coding_cb
                0x10003980       0x18 CMakeFiles/app.dir/home/juan/pico-sdk/src/rp2_common/pico_stdio_usb/reset_interface.c.o
                0x10003980                tud_cdc_line_coding_cb
 .text.stdio_usb_set_chars_available_callback
                0x10003998       0x14 CMakeFiles/app.dir/home/juan/pico-sdk/src/rp2_common/pico_stdio_usb/stdio_usb.c.o
                0x10003998                stdio_usb_set_chars_available_callback
 .text.timer_task
                0x100039ac       0x70 CMakeFiles/app.dir/home/juan/pico-sdk/src/rp2_common/pico_stdio_usb/stdio_usb.c.o
 .text.usb_irq  0x10003a1c        0xc CMakeFiles/app.dir/home/juan/pico-sdk/src/rp2_common/pico_stdio_usb/stdio_usb.c.o
 .text.stdio_usb_in_chars
                0x10003a28       0x88 CMakeFiles/app.dir/home/juan/pico-sdk/src/rp2_common/pico_stdio_usb/stdio_usb.c.o
                0x10003a28                stdio_usb_in_chars
 .text.stdio_usb_out_flush
                0x10003ab0       0x54 CMakeFiles/app.dir/home/juan/pico-sdk/src/rp2_common/pico_stdio_usb/stdio_usb.c.o
 .text.stdio_usb_out_chars
                0x10003b04       0xf4 CMakeFiles/app.dir/home/juan/pico-sdk/src/rp2_common/pico_stdio_usb/stdio_usb.c.o
 .text.low_priority_worker_irq
                0x10003bf8       0xd8 CMakeFiles/app.dir/home/juan/pico-sdk/src/rp2_common/pico_stdio_usb/stdio_usb.c.o
 .text.stdio_usb_init
                0x10003cd0       0xe8 CMakeFiles/app.dir/home/juan/pico-sdk/src/rp2_common/pico_stdio_usb/stdio_usb.c.o
                0x10003cd0                stdio_usb_init
 .text.tud_descriptor_device_cb
                0x10003db8        0x8 CMakeFiles/app.dir/home/juan/pico-sdk/src/rp2_common/pico_stdio_usb/stdio_usb_descriptors.c.o
                0x10003db8                tud_descriptor_device_cb
 .text.tud_descriptor_configuration_cb
                0x10003dc0        0x8 CMakeFiles/app.dir/home/juan/pico-sdk/src/rp2_common/pico_stdio_usb/stdio_usb_descriptors.c.o
                0x10003dc0                tud_descriptor_configuration_cb
 .text.tud_descriptor_string_cb
                0x10003dc8       0x70 CMakeFiles/app.dir/home/juan/pico-sdk/src/rp2_common/pico_stdio_usb/stdio_usb_descriptors.c.o
                0x10003dc8                tud_descriptor_string_cb
 .text.startup._retrieve_unique_id_on_boot
                0x10003e38       0x30 CMakeFiles/app.dir/home/juan/pico-sdk/src/rp2_common/pico_unique_id/unique_id.c.o
 .text.pico_get_unique_board_id_string
                0x10003e68      0x184 CMakeFiles/app.dir/home/juan/pico-sdk/src/rp2_common/pico_unique_id/unique_id.c.o
                0x10003e68                pico_get_unique_board_id_string
 .text.dcd_init
                0x10003fec       0x90 CMakeFiles/app.dir/home/juan/pico-sdk/lib/tinyusb/src/portable/raspberrypi/rp2040/dcd_rp2040.c.o
                0x10003fec                dcd_init
 .text.dcd_int_enable
                0x1000407c        0x8 CMakeFiles/app.dir/home/juan/pico-sdk/lib/tinyusb/src/portable/raspberrypi/rp2040/dcd_rp2040.c.o
                0x1000407c                dcd_int_enable
 .text.dcd_set_address
                0x10004084       0x10 CMakeFiles/app.dir/home/juan/pico-sdk/lib/tinyusb/src/portable/raspberrypi/rp2040/dcd_rp2040.c.o
                0x10004084                dcd_set_address
 .text.dcd_sof_enable
                0x10004094       0x1c CMakeFiles/app.dir/home/juan/pico-sdk/lib/tinyusb/src/portable/raspberrypi/rp2040/dcd_rp2040.c.o
                0x10004094                dcd_sof_enable
 .text.dcd_edpt0_status_complete
                0x100040b0       0x1c CMakeFiles/app.dir/home/juan/pico-sdk/lib/tinyusb/src/portable/raspberrypi/rp2040/dcd_rp2040.c.o
                0x100040b0                dcd_edpt0_status_complete
 .text.dcd_edpt_open
                0x100040cc      0x108 CMakeFiles/app.dir/home/juan/pico-sdk/lib/tinyusb/src/portable/raspberrypi/rp2040/dcd_rp2040.c.o
                0x100040cc                dcd_edpt_open
 .text.dcd_edpt_close_all
                0x100041d4        0x4 CMakeFiles/app.dir/home/juan/pico-sdk/lib/tinyusb/src/portable/raspberrypi/rp2040/dcd_rp2040.c.o
                0x100041d4                dcd_edpt_close_all
 .text.dcd_edpt_xfer
                0x100041d8       0x28 CMakeFiles/app.dir/home/juan/pico-sdk/lib/tinyusb/src/portable/raspberrypi/rp2040/dcd_rp2040.c.o
                0x100041d8                dcd_edpt_xfer
 .text.dcd_edpt_stall
                0x10004200       0x2c CMakeFiles/app.dir/home/juan/pico-sdk/lib/tinyusb/src/portable/raspberrypi/rp2040/dcd_rp2040.c.o
                0x10004200                dcd_edpt_stall
 .text.dcd_edpt_clear_stall
                0x1000422c       0x2c CMakeFiles/app.dir/home/juan/pico-sdk/lib/tinyusb/src/portable/raspberrypi/rp2040/dcd_rp2040.c.o
                0x1000422c                dcd_edpt_clear_stall
 .text.rp2040_usb_init
                0x10004258       0x40 CMakeFiles/app.dir/home/juan/pico-sdk/lib/tinyusb/src/portable/raspberrypi/rp2040/rp2040_usb.c.o
                0x10004258                rp2040_usb_init
 .text.hw_endpoint_xfer_start
                0x10004298       0x40 CMakeFiles/app.dir/home/juan/pico-sdk/lib/tinyusb/src/portable/raspberrypi/rp2040/rp2040_usb.c.o
                0x10004298                hw_endpoint_xfer_start
 .text.configuration_reset
                0x100042d8       0x8c CMakeFiles/app.dir/home/juan/pico-sdk/lib/tinyusb/src/device/usbd.c.o
 .text.tud_event_hook_cb
                0x10004364        0x4 CMakeFiles/app.dir/home/juan/pico-sdk/lib/tinyusb/src/device/usbd.c.o
                0x10004364                tud_event_hook_cb
 .text.tud_sof_cb
                0x10004368        0x4 CMakeFiles/app.dir/home/juan/pico-sdk/lib/tinyusb/src/device/usbd.c.o
                0x10004368                tud_sof_cb
 .text.tud_descriptor_device_qualifier_cb
                0x1000436c        0x4 CMakeFiles/app.dir/home/juan/pico-sdk/lib/tinyusb/src/device/usbd.c.o
                0x1000436c                tud_descriptor_device_qualifier_cb
 .text.tud_descriptor_other_speed_configuration_cb
                0x10004370        0x4 CMakeFiles/app.dir/home/juan/pico-sdk/lib/tinyusb/src/device/usbd.c.o
                0x10004370                tud_descriptor_other_speed_configuration_cb
 .text.tud_mount_cb
                0x10004374        0x4 CMakeFiles/app.dir/home/juan/pico-sdk/lib/tinyusb/src/device/usbd.c.o
                0x10004374                tud_mount_cb
 .text.tud_umount_cb
                0x10004378        0x4 CMakeFiles/app.dir/home/juan/pico-sdk/lib/tinyusb/src/device/usbd.c.o
                0x10004378                tud_umount_cb
 .text.tud_suspend_cb
                0x1000437c        0x4 CMakeFiles/app.dir/home/juan/pico-sdk/lib/tinyusb/src/device/usbd.c.o
                0x1000437c                tud_suspend_cb
 .text.tud_resume_cb
                0x10004380        0x4 CMakeFiles/app.dir/home/juan/pico-sdk/lib/tinyusb/src/device/usbd.c.o
                0x10004380                tud_resume_cb
 .text.tud_mounted
                0x10004384       0x10 CMakeFiles/app.dir/home/juan/pico-sdk/lib/tinyusb/src/device/usbd.c.o
                0x10004384                tud_mounted
 .text.tud_suspended
                0x10004394       0x10 CMakeFiles/app.dir/home/juan/pico-sdk/lib/tinyusb/src/device/usbd.c.o
                0x10004394                tud_suspended
 .text.tud_rhport_init
                0x100043a4       0xf8 CMakeFiles/app.dir/home/juan/pico-sdk/lib/tinyusb/src/device/usbd.c.o
                0x100043a4                tud_rhport_init
 .text.tud_task_ext
                0x1000449c      0x784 CMakeFiles/app.dir/home/juan/pico-sdk/lib/tinyusb/src/device/usbd.c.o
                0x1000449c                tud_task_ext
 .text.usbd_open_edpt_pair
                0x10004c20       0x98 CMakeFiles/app.dir/home/juan/pico-sdk/lib/tinyusb/src/device/usbd.c.o
                0x10004c20                usbd_open_edpt_pair
 .text.usbd_edpt_open
                0x10004cb8       0x44 CMakeFiles/app.dir/home/juan/pico-sdk/lib/tinyusb/src/device/usbd.c.o
                0x10004cb8                usbd_edpt_open
 .text.usbd_edpt_claim
                0x10004cfc       0x24 CMakeFiles/app.dir/home/juan/pico-sdk/lib/tinyusb/src/device/usbd.c.o
                0x10004cfc                usbd_edpt_claim
 .text.usbd_edpt_release
                0x10004d20       0x24 CMakeFiles/app.dir/home/juan/pico-sdk/lib/tinyusb/src/device/usbd.c.o
                0x10004d20                usbd_edpt_release
 .text.usbd_edpt_xfer
                0x10004d44       0x70 CMakeFiles/app.dir/home/juan/pico-sdk/lib/tinyusb/src/device/usbd.c.o
                0x10004d44                usbd_edpt_xfer
 .text.tud_control_status
                0x10004db4       0x34 CMakeFiles/app.dir/home/juan/pico-sdk/lib/tinyusb/src/device/usbd_control.c.o
                0x10004db4                tud_control_status
 .text.tud_control_xfer
                0x10004de8       0xac CMakeFiles/app.dir/home/juan/pico-sdk/lib/tinyusb/src/device/usbd_control.c.o
                0x10004de8                tud_control_xfer
 .text.usbd_control_reset
                0x10004e94       0x14 CMakeFiles/app.dir/home/juan/pico-sdk/lib/tinyusb/src/device/usbd_control.c.o
                0x10004e94                usbd_control_reset
 .text.usbd_control_set_complete_callback
                0x10004ea8        0xc CMakeFiles/app.dir/home/juan/pico-sdk/lib/tinyusb/src/device/usbd_control.c.o
                0x10004ea8                usbd_control_set_complete_callback
 .text.usbd_control_set_request
                0x10004eb4       0x1c CMakeFiles/app.dir/home/juan/pico-sdk/lib/tinyusb/src/device/usbd_control.c.o
                0x10004eb4                usbd_control_set_request
 .text.usbd_control_xfer_cb
                0x10004ed0       0xfc CMakeFiles/app.dir/home/juan/pico-sdk/lib/tinyusb/src/device/usbd_control.c.o
                0x10004ed0                usbd_control_xfer_cb
 .text._prep_out_transaction.isra.0
                0x10004fcc       0x74 CMakeFiles/app.dir/home/juan/pico-sdk/lib/tinyusb/src/class/cdc/cdc_device.c.o
 .text.tud_cdc_n_connected
                0x10005040       0x2c CMakeFiles/app.dir/home/juan/pico-sdk/lib/tinyusb/src/class/cdc/cdc_device.c.o
                0x10005040                tud_cdc_n_connected
 .text.tud_cdc_n_available
                0x1000506c       0x18 CMakeFiles/app.dir/home/juan/pico-sdk/lib/tinyusb/src/class/cdc/cdc_device.c.o
                0x1000506c                tud_cdc_n_available
 .text.tud_cdc_n_read
                0x10005084       0x8c CMakeFiles/app.dir/home/juan/pico-sdk/lib/tinyusb/src/class/cdc/cdc_device.c.o
                0x10005084                tud_cdc_n_read
 .text.tud_cdc_n_write_flush
                0x10005110       0x8c CMakeFiles/app.dir/home/juan/pico-sdk/lib/tinyusb/src/class/cdc/cdc_device.c.o
                0x10005110                tud_cdc_n_write_flush
 .text.tud_cdc_n_write
                0x1000519c       0x44 CMakeFiles/app.dir/home/juan/pico-sdk/lib/tinyusb/src/class/cdc/cdc_device.c.o
                0x1000519c                tud_cdc_n_write
 .text.tud_cdc_n_write_available
                0x100051e0       0x18 CMakeFiles/app.dir/home/juan/pico-sdk/lib/tinyusb/src/class/cdc/cdc_device.c.o
                0x100051e0                tud_cdc_n_write_available
 .text.cdcd_init
                0x100051f8       0x74 CMakeFiles/app.dir/home/juan/pico-sdk/lib/tinyusb/src/class/cdc/cdc_device.c.o
                0x100051f8                cdcd_init
 .text.cdcd_deinit
                0x1000526c       0x2c CMakeFiles/app.dir/home/juan/pico-sdk/lib/tinyusb/src/class/cdc/cdc_device.c.o
                0x1000526c                cdcd_deinit
 .text.cdcd_reset
                0x10005298       0x48 CMakeFiles/app.dir/home/juan/pico-sdk/lib/tinyusb/src/class/cdc/cdc_device.c.o
                0x10005298                cdcd_reset
 .text.cdcd_open
                0x100052e0       0xbc CMakeFiles/app.dir/home/juan/pico-sdk/lib/tinyusb/src/class/cdc/cdc_device.c.o
                0x100052e0                cdcd_open
 .text.cdcd_control_xfer_cb
                0x1000539c       0xc8 CMakeFiles/app.dir/home/juan/pico-sdk/lib/tinyusb/src/class/cdc/cdc_device.c.o
                0x1000539c                cdcd_control_xfer_cb
 .text.cdcd_xfer_cb
                0x10005464      0x100 CMakeFiles/app.dir/home/juan/pico-sdk/lib/tinyusb/src/class/cdc/cdc_device.c.o
                0x10005464                cdcd_xfer_cb
 .text.vendord_init
                0x10005564       0x5c CMakeFiles/app.dir/home/juan/pico-sdk/lib/tinyusb/src/class/vendor/vendor_device.c.o
                0x10005564                vendord_init
 .text.vendord_deinit
                0x100055c0       0x1c CMakeFiles/app.dir/home/juan/pico-sdk/lib/tinyusb/src/class/vendor/vendor_device.c.o
                0x100055c0                vendord_deinit
 .text.vendord_reset
                0x100055dc       0x24 CMakeFiles/app.dir/home/juan/pico-sdk/lib/tinyusb/src/class/vendor/vendor_device.c.o
                0x100055dc                vendord_reset
 .text.vendord_open
                0x10005600      0x104 CMakeFiles/app.dir/home/juan/pico-sdk/lib/tinyusb/src/class/vendor/vendor_device.c.o
                0x10005600                vendord_open
 .text.vendord_xfer_cb
                0x10005704       0x88 CMakeFiles/app.dir/home/juan/pico-sdk/lib/tinyusb/src/class/vendor/vendor_device.c.o
                0x10005704                vendord_xfer_cb
 .text.tusb_rhport_init
                0x1000578c       0x60 CMakeFiles/app.dir/home/juan/pico-sdk/lib/tinyusb/src/tusb.c.o
                0x1000578c                tusb_rhport_init
 .text.tu_edpt_claim
                0x100057ec       0x54 CMakeFiles/app.dir/home/juan/pico-sdk/lib/tinyusb/src/tusb.c.o
                0x100057ec                tu_edpt_claim
 .text.tu_edpt_release
                0x10005840       0x38 CMakeFiles/app.dir/home/juan/pico-sdk/lib/tinyusb/src/tusb.c.o
                0x10005840                tu_edpt_release
 .text.tu_edpt_validate
                0x10005878       0xa0 CMakeFiles/app.dir/home/juan/pico-sdk/lib/tinyusb/src/tusb.c.o
                0x10005878                tu_edpt_validate
 .text.tu_edpt_bind_driver
                0x10005918       0x58 CMakeFiles/app.dir/home/juan/pico-sdk/lib/tinyusb/src/tusb.c.o
                0x10005918                tu_edpt_bind_driver
 .text.tu_edpt_stream_init
                0x10005970       0x58 CMakeFiles/app.dir/home/juan/pico-sdk/lib/tinyusb/src/tusb.c.o
                0x10005970                tu_edpt_stream_init
 .text.tu_edpt_stream_deinit
                0x100059c8        0x4 CMakeFiles/app.dir/home/juan/pico-sdk/lib/tinyusb/src/tusb.c.o
                0x100059c8                tu_edpt_stream_deinit
 .text.tu_edpt_stream_write_zlp_if_needed
                0x100059cc       0x68 CMakeFiles/app.dir/home/juan/pico-sdk/lib/tinyusb/src/tusb.c.o
                0x100059cc                tu_edpt_stream_write_zlp_if_needed
 .text.tu_edpt_stream_write_xfer
                0x10005a34       0x70 CMakeFiles/app.dir/home/juan/pico-sdk/lib/tinyusb/src/tusb.c.o
                0x10005a34                tu_edpt_stream_write_xfer
 .text.tu_edpt_stream_read_xfer
                0x10005aa4       0xd0 CMakeFiles/app.dir/home/juan/pico-sdk/lib/tinyusb/src/tusb.c.o
                0x10005aa4                tu_edpt_stream_read_xfer
 .text.tu_fifo_config
                0x10005b74       0x60 CMakeFiles/app.dir/home/juan/pico-sdk/lib/tinyusb/src/common/tusb_fifo.c.o
                0x10005b74                tu_fifo_config
 .text.tu_fifo_count
                0x10005bd4       0x20 CMakeFiles/app.dir/home/juan/pico-sdk/lib/tinyusb/src/common/tusb_fifo.c.o
                0x10005bd4                tu_fifo_count
 .text.tu_fifo_empty
                0x10005bf4       0x14 CMakeFiles/app.dir/home/juan/pico-sdk/lib/tinyusb/src/common/tusb_fifo.c.o
                0x10005bf4                tu_fifo_empty
 .text.tu_fifo_remaining
                0x10005c08       0x24 CMakeFiles/app.dir/home/juan/pico-sdk/lib/tinyusb/src/common/tusb_fifo.c.o
                0x10005c08                tu_fifo_remaining
 .text.tu_fifo_read
                0x10005c2c       0x94 CMakeFiles/app.dir/home/juan/pico-sdk/lib/tinyusb/src/common/tusb_fifo.c.o
                0x10005c2c                tu_fifo_read
 .text.tu_fifo_read_n
                0x10005cc0       0xd8 CMakeFiles/app.dir/home/juan/pico-sdk/lib/tinyusb/src/common/tusb_fifo.c.o
                0x10005cc0                tu_fifo_read_n
 .text.tu_fifo_write
                0x10005d98       0xa0 CMakeFiles/app.dir/home/juan/pico-sdk/lib/tinyusb/src/common/tusb_fifo.c.o
                0x10005d98                tu_fifo_write
 .text.tu_fifo_write_n
                0x10005e38      0x158 CMakeFiles/app.dir/home/juan/pico-sdk/lib/tinyusb/src/common/tusb_fifo.c.o
                0x10005e38                tu_fifo_write_n
 .text.tu_fifo_clear
                0x10005f90       0x38 CMakeFiles/app.dir/home/juan/pico-sdk/lib/tinyusb/src/common/tusb_fifo.c.o
                0x10005f90                tu_fifo_clear
 .text.tu_fifo_set_overwritable
                0x10005fc8       0x44 CMakeFiles/app.dir/home/juan/pico-sdk/lib/tinyusb/src/common/tusb_fifo.c.o
                0x10005fc8                tu_fifo_set_overwritable
 .text          0x1000600c     0x1708 ../lib/liblib.a(tasks.c.o)
                0x10006254                xTaskCreate
                0x10006460                vTaskDelete
                0x10006504                uxTaskPriorityGet
                0x1000652c                uxTaskPriorityGetFromISR
                0x10006554                vTaskPrioritySet
                0x10006624                vTaskSuspend
                0x10006784                vTaskResume
                0x10006810                xTaskResumeFromISR
                0x100068b0                vTaskStartScheduler
                0x10006a3c                vTaskEndScheduler
                0x10006a50                vTaskSuspendAll
                0x10006a64                xTaskResumeAll
                0x10006ba0                xTaskDelayUntil
                0x10006c34                vTaskDelay
                0x10006ca8                xTaskGetTickCount
                0x10006cb4                xTaskGetTickCountFromISR
                0x10006cc0                uxTaskGetNumberOfTasks
                0x10006ccc                pcTaskGetName
                0x10006ce0                xTaskCatchUpTicks
                0x10006d10                xTaskIncrementTick
                0x10006d30                vTaskSwitchContext
                0x10006dec                vTaskPlaceOnEventList
                0x10006e84                vTaskPlaceOnUnorderedEventList
                0x10006f4c                vTaskPlaceOnEventListRestricted
                0x10007020                xTaskRemoveFromEventList
                0x100070e4                vTaskRemoveFromUnorderedEventList
                0x1000717c                vTaskSetTimeOutState
                0x100071a0                vTaskInternalSetTimeOutState
                0x100071b4                xTaskCheckForTimeOut
                0x10007210                vTaskMissedYield
                0x10007220                vTaskSetThreadLocalStoragePointer
                0x1000723c                pvTaskGetThreadLocalStoragePointer
                0x10007260                xTaskGetCurrentTaskHandle
                0x1000726c                xTaskGetSchedulerState
                0x1000728c                uxTaskResetEventItemValue
                0x100072ac                ulTaskGenericNotifyTake
                0x10007328                xTaskGenericNotifyWait
                0x100073cc                xTaskGenericNotify
                0x100074b4                xTaskGenericNotifyFromISR
                0x100075d4                vTaskGenericNotifyGiveFromISR
                0x100076b0                xTaskGenericNotifyStateClear
                0x100076e4                ulTaskGenericNotifyValueClear
 .text          0x10007714      0x4f4 ../lib/liblib.a(timers.c.o)
                0x100079ec                xTimerCreateTimerTask
                0x10007a60                xTimerCreate
                0x10007af8                xTimerGenericCommand
                0x10007b50                xTimerGetTimerDaemonTaskHandle
                0x10007b5c                xTimerGetPeriod
                0x10007b60                vTimerSetReloadMode
                0x10007b90                xTimerGetReloadMode
                0x10007ba8                uxTimerGetReloadMode
                0x10007bc0                xTimerGetExpiryTime
                0x10007bc4                pcTimerGetName
                0x10007bc8                xTimerIsTimerActive
                0x10007be0                pvTimerGetTimerID
                0x10007bf4                vTimerSetTimerID
 .text          0x10007c08       0x34 ../lib/liblib.a(heap_3.c.o)
                0x10007c08                pvPortMalloc
                0x10007c20                vPortFree
 *fill*         0x10007c3c        0x4 
 .text          0x10007c40      0x188 ../lib/liblib.a(port.c.o)
                0x10007c84                pxPortInitialiseStack
                0x10007ca4                isr_svcall
                0x10007ca8                vPortEndScheduler
                0x10007cac                vPortYield
                0x10007cc4                vPortEnterCritical
                0x10007cdc                vPortExitCritical
                0x10007cf0                ulSetInterruptMaskFromISR
                0x10007cf8                vClearInterruptMaskFromISR
                0x10007d00                isr_pendsv
                0x10007d44                isr_systick
                0x10007d68                vPortSetupTimerInterrupt
                0x10007d80                xPortStartScheduler
 .text          0x10007dc8       0x94 ../lib/liblib.a(list.c.o)
                0x10007dc8                vListInitialise
                0x10007de0                vListInitialiseItem
                0x10007de8                vListInsertEnd
                0x10007e04                vListInsert
                0x10007e34                uxListRemove
 *fill*         0x10007e5c        0x4 
 .text          0x10007e60     0x1190 ../lib/liblib.a(queue.c.o)
                0x10007e60                xQueueGenericReset
                0x10007ed4                xQueueGenericCreate
                0x10007f4c                xQueueGenericSend
                0x10008240                xQueueGenericSendFromISR
                0x10008348                xQueueGiveFromISR
                0x100083a0                xQueueReceive
                0x10008628                xQueueSemaphoreTake
                0x10008894                xQueuePeek
                0x10008b18                xQueueReceiveFromISR
                0x10008b9c                xQueuePeekFromISR
                0x10008be4                uxQueueMessagesWaiting
                0x10008bf8                uxQueueSpacesAvailable
                0x10008c10                uxQueueMessagesWaitingFromISR
                0x10008c14                vQueueDelete
                0x10008c9c                uxQueueGetQueueItemSize
                0x10008ca0                xQueueIsQueueEmptyFromISR
                0x10008cac                xQueueIsQueueFullFromISR
                0x10008cbc                vQueueAddToRegistry
                0x10008e3c                pcQueueGetName
                0x10008eb0                vQueueUnregisterQueue
                0x10008f28                vQueueWaitForMessageRestricted
 .text          0x10008ff0       0xa4 /usr/lib/gcc/arm-none-eabi/13.2.1/../../../arm-none-eabi/lib/thumb/v8-m.main+fp/softfp/libg.a(libc_a-memset.o)
                0x10008ff0                memset
 .text          0x10009094        0xc /usr/lib/gcc/arm-none-eabi/13.2.1/../../../arm-none-eabi/lib/thumb/v8-m.main+fp/softfp/libg.a(libc_a-errno.o)
                0x10009094                __errno
 .text          0x100090a0      0x548 /usr/lib/gcc/arm-none-eabi/13.2.1/../../../arm-none-eabi/lib/thumb/v8-m.main+fp/softfp/libg.a(libc_a-mallocr.o)
                0x100090a0                _malloc_r
 .text          0x100095e8      0x2b0 /usr/lib/gcc/arm-none-eabi/13.2.1/../../../arm-none-eabi/lib/thumb/v8-m.main+fp/softfp/libg.a(libc_a-freer.o)
                0x100095e8                _malloc_trim_r
                0x100096a0                _free_r
 .text          0x10009898       0x20 /usr/lib/gcc/arm-none-eabi/13.2.1/../../../arm-none-eabi/lib/thumb/v8-m.main+fp/softfp/libg.a(libc_a-malloc.o)
                0x10009898                malloc
                0x100098a8                free
 .text          0x100098b8       0xec /usr/lib/gcc/arm-none-eabi/13.2.1/../../../arm-none-eabi/lib/thumb/v8-m.main+fp/softfp/libg.a(libc_a-memcpy.o)
                0x100098b8                memcpy
 .text          0x100099a4       0x1c /usr/lib/gcc/arm-none-eabi/13.2.1/../../../arm-none-eabi/lib/thumb/v8-m.main+fp/softfp/libg.a(libc_a-sysconf.o)
                0x100099a4                sysconf
 .text          0x100099c0        0x8 /usr/lib/gcc/arm-none-eabi/13.2.1/../../../arm-none-eabi/lib/thumb/v8-m.main+fp/softfp/libg.a(libc_a-mlock.o)
                0x100099c0                __malloc_lock
                0x100099c4                __malloc_unlock
 .text          0x100099c8        0xc /usr/lib/gcc/arm-none-eabi/13.2.1/../../../arm-none-eabi/lib/thumb/v8-m.main+fp/softfp/libg.a(libc_a-atexit.o)
                0x100099c8                atexit
 .text          0x100099d4       0x5c /usr/lib/gcc/arm-none-eabi/13.2.1/../../../arm-none-eabi/lib/thumb/v8-m.main+fp/softfp/libg.a(libc_a-strlen-stub.o)
                0x100099d4                strlen
 .text          0x10009a30       0x24 /usr/lib/gcc/arm-none-eabi/13.2.1/../../../arm-none-eabi/lib/thumb/v8-m.main+fp/softfp/libg.a(libc_a-sbrkr.o)
                0x10009a30                _sbrk_r
 .text          0x10009a54       0x28 /usr/lib/gcc/arm-none-eabi/13.2.1/../../../arm-none-eabi/lib/thumb/v8-m.main+fp/softfp/libg.a(libc_a-fini.o)
                0x10009a54                __libc_fini_array
 .text          0x10009a7c       0x64 /usr/lib/gcc/arm-none-eabi/13.2.1/../../../arm-none-eabi/lib/thumb/v8-m.main+fp/softfp/libg.a(libc_a-__atexit.o)
                0x10009a7c                __register_exitproc
 .text.startup  0x10009ae0       0x14 /usr/lib/gcc/arm-none-eabi/13.2.1/../../../arm-none-eabi/lib/thumb/v8-m.main+fp/softfp/libg.a(libc_a-__call_atexit.o)
 *(.fini)
 .fini          0x10009af4        0x4 /usr/lib/gcc/arm-none-eabi/13.2.1/thumb/v8-m.main+fp/softfp/crti.o
                0x10009af4                _fini
 .fini.__stub   0x10009af8       0x50 linker stubs
 *crtbegin.o(.ctors)
 *crtbegin?.o(.ctors)
 *(EXCLUDE_FILE(*crtend.o *crtend?.o) .ctors)
 *(SORT_BY_NAME(.ctors.*))
 *(.ctors)
 *crtbegin.o(.dtors)
 *crtbegin?.o(.dtors)
 *(EXCLUDE_FILE(*crtend.o *crtend?.o) .dtors)
 *(SORT_BY_NAME(.dtors.*))
 *(.dtors)
                0x10009b48                        . = ALIGN (0x4)
                0x10009b48                        PROVIDE (__preinit_array_start = .)
 *(SORT_BY_NAME(.preinit_array.*))
 .preinit_array.00050
                0x10009b48        0x4 CMakeFiles/app.dir/home/juan/pico-sdk/src/rp2_common/pico_runtime_init/runtime_init.c.o
                0x10009b48                __pre_init_runtime_init_bootrom_reset
 .preinit_array.00100
                0x10009b4c        0x4 CMakeFiles/app.dir/home/juan/pico-sdk/src/rp2_common/pico_runtime_init/runtime_init.c.o
                0x10009b4c                __pre_init_runtime_init_early_resets
 .preinit_array.00101
                0x10009b50        0x4 CMakeFiles/app.dir/home/juan/pico-sdk/src/rp2_common/pico_runtime_init/runtime_init.c.o
                0x10009b50                __pre_init_runtime_init_usb_power_down
 .preinit_array.00500
                0x10009b54        0x4 CMakeFiles/app.dir/home/juan/pico-sdk/src/rp2_common/pico_runtime_init/runtime_init.c.o
                0x10009b54                __pre_init_runtime_init_clocks
 .preinit_array.00600
                0x10009b58        0x4 CMakeFiles/app.dir/home/juan/pico-sdk/src/rp2_common/pico_runtime_init/runtime_init.c.o
                0x10009b58                __pre_init_runtime_init_post_clock_resets
 .preinit_array.01000
                0x10009b5c        0x4 CMakeFiles/app.dir/home/juan/pico-sdk/src/rp2_common/hardware_boot_lock/boot_lock.c.o
                0x10009b5c                __pre_init_runtime_init_boot_locks_reset
 .preinit_array.01000
                0x10009b60        0x4 CMakeFiles/app.dir/home/juan/pico-sdk/src/rp2_common/pico_runtime_init/runtime_init.c.o
                0x10009b60                __pre_init_runtime_init_spin_locks_reset
 .preinit_array.01010
                0x10009b64        0x4 CMakeFiles/app.dir/home/juan/pico-sdk/src/rp2_common/pico_bootrom/bootrom_lock.c.o
                0x10009b64                __pre_init_runtime_init_bootrom_locking_enable
 .preinit_array.01100
                0x10009b68        0x4 CMakeFiles/app.dir/home/juan/pico-sdk/src/common/pico_sync/mutex.c.o
                0x10009b68                __pre_init_runtime_init_mutex
 .preinit_array.10080
                0x10009b6c        0x4 CMakeFiles/app.dir/home/juan/pico-sdk/src/rp2_common/pico_runtime_init/runtime_init.c.o
                0x10009b6c                __pre_init_runtime_init_install_ram_vector_table
 .preinit_array.11000
                0x10009b70        0x4 CMakeFiles/app.dir/home/juan/pico-sdk/src/common/pico_time/time.c.o
                0x10009b70                __pre_init_runtime_init_default_alarm_pool
 .preinit_array.YYYYY
                0x10009b74        0x4 CMakeFiles/app.dir/home/juan/pico-sdk/src/rp2_common/pico_runtime/runtime.c.o
                0x10009b74                __pre_init_first_per_core_initializer
 .preinit_array.ZZZZZ.00051
                0x10009b78        0x4 CMakeFiles/app.dir/home/juan/pico-sdk/src/rp2_common/pico_runtime_init/runtime_init.c.o
                0x10009b78                __pre_init_runtime_init_per_core_bootrom_reset
 .preinit_array.ZZZZZ.00200
                0x10009b7c        0x4 CMakeFiles/app.dir/home/juan/pico-sdk/src/rp2_common/pico_runtime_init/runtime_init.c.o
                0x10009b7c                __pre_init_runtime_init_per_core_enable_coprocessors
 .preinit_array.ZZZZZ.01000
                0x10009b80        0x4 CMakeFiles/app.dir/home/juan/pico-sdk/src/rp2_common/hardware_sync_spin_lock/sync_spin_lock.c.o
                0x10009b80                __pre_init_spinlock_set_extexclall
 .preinit_array.ZZZZZ.01200
                0x10009b84        0x4 CMakeFiles/app.dir/home/juan/pico-sdk/src/rp2_common/hardware_irq/irq.c.o
                0x10009b84                __pre_init_runtime_init_per_core_irq_priorities
 *(.preinit_array)
                0x10009b88                        PROVIDE (__preinit_array_end = .)
                0x10009b88                        . = ALIGN (0x4)
                0x10009b88                        PROVIDE (__init_array_start = .)
 *(SORT_BY_NAME(.init_array.*))
 .init_array.00000
                0x10009b88        0x4 /usr/lib/gcc/arm-none-eabi/13.2.1/../../../arm-none-eabi/lib/thumb/v8-m.main+fp/softfp/libg.a(libc_a-__call_atexit.o)
 *(.init_array)
 .init_array    0x10009b8c        0x4 /usr/lib/gcc/arm-none-eabi/13.2.1/thumb/v8-m.main+fp/softfp/crtbegin.o
 .init_array    0x10009b90        0x4 CMakeFiles/app.dir/home/juan/pico-sdk/src/rp2_common/pico_unique_id/unique_id.c.o
                0x10009b94                        PROVIDE (__init_array_end = .)
                0x10009b94                        . = ALIGN (0x4)
                0x10009b94                        PROVIDE (__fini_array_start = .)
 *(SORT_BY_NAME(.fini_array.*))
 *(.fini_array)
                0x10009b94                        PROVIDE (__fini_array_end = .)
 *(.eh_frame*)
 .eh_frame      0x10009b94        0x0 /usr/lib/gcc/arm-none-eabi/13.2.1/thumb/v8-m.main+fp/softfp/crtbegin.o
                0x10009b94                        . = ALIGN (0x4)

.glue_7         0x10009b94        0x0
 .glue_7        0x10009b94        0x0 linker stubs

.glue_7t        0x10009b94        0x0
 .glue_7t       0x10009b94        0x0 linker stubs

.vfp11_veneer   0x10009b94        0x0
 .vfp11_veneer  0x10009b94        0x0 linker stubs

.v4_bx          0x10009b94        0x0
 .v4_bx         0x10009b94        0x0 linker stubs

.iplt           0x10009b94        0x0
 .iplt          0x10009b94        0x0 /usr/lib/gcc/arm-none-eabi/13.2.1/thumb/v8-m.main+fp/softfp/crtbegin.o

.boot2          0x10009b94        0x0
                0x10009b94                        __boot2_start__ = .
 *(.boot2)
                0x10009b94                        __boot2_end__ = .
                0x00000001                        ASSERT (((__boot2_end__ - __boot2_start__) <= 0x100), ERROR: Pico second stage bootloader must be no more than 256 bytes in size)

.rodata         0x10009b98      0x4cc
 *(EXCLUDE_FILE(*libm.a: *libc.a:*lib_a-mem*.o *libgcc.a:) .rodata*)
 .rodata.led_task.str1.4
                0x10009b98      0x224 CMakeFiles/app.dir/main.c.o
                                 0x19 (size before relaxing)
 .rodata.intro_task.str1.4
                0x10009dbc       0x11 CMakeFiles/app.dir/main.c.o
 .rodata.main.str1.4
                0x10009dbc       0x22 CMakeFiles/app.dir/main.c.o
 .rodata.str1.4
                0x10009dbc       0x16 CMakeFiles/app.dir/main.c.o
 .rodata        0x10009dbc       0x24 CMakeFiles/app.dir/main.c.o
 .rodata.panic.str1.4
                0x10009de0       0x12 CMakeFiles/app.dir/home/juan/pico-sdk/src/rp2_common/pico_platform_panic/panic.c.o
 .rodata.spin_lock_claim_unused.str1.4
                0x10009de0       0x1b CMakeFiles/app.dir/home/juan/pico-sdk/src/rp2_common/hardware_sync/sync.c.o
 .rodata.user_irq_claim_unused.str1.4
                0x10009de0       0x1b CMakeFiles/app.dir/home/juan/pico-sdk/src/rp2_common/hardware_irq/irq.c.o
 .rodata.timer_hardware_alarm_claim.str1.4
                0x10009de0       0x22 CMakeFiles/app.dir/home/juan/pico-sdk/src/rp2_common/hardware_timer/timer.c.o
 .rodata.hard_assertion_failure.str1.4
                0x10009de0        0xc CMakeFiles/app.dir/home/juan/pico-sdk/src/rp2_common/pico_runtime/runtime.c.o
 .rodata.__wrap_malloc.str1.4
                0x10009de0        0xe CMakeFiles/app.dir/home/juan/pico-sdk/src/rp2_common/pico_malloc/malloc.c.o
 .rodata.str1.4
                0x10009de0       0x38 CMakeFiles/app.dir/home/juan/pico-sdk/src/rp2_common/pico_standard_binary_info/standard_binary_info.c.o
 .rodata.__bi_84
                0x10009de0        0xc CMakeFiles/app.dir/home/juan/pico-sdk/src/rp2_common/pico_standard_binary_info/standard_binary_info.c.o
 .rodata.__bi_78
                0x10009dec        0xc CMakeFiles/app.dir/home/juan/pico-sdk/src/rp2_common/pico_standard_binary_info/standard_binary_info.c.o
 .rodata.__bi_54
                0x10009df8        0xc CMakeFiles/app.dir/home/juan/pico-sdk/src/rp2_common/pico_standard_binary_info/standard_binary_info.c.o
 .rodata.__bi_48
                0x10009e04        0xc CMakeFiles/app.dir/home/juan/pico-sdk/src/rp2_common/pico_standard_binary_info/standard_binary_info.c.o
 .rodata.__bi_42
                0x10009e10        0xc CMakeFiles/app.dir/home/juan/pico-sdk/src/rp2_common/pico_standard_binary_info/standard_binary_info.c.o
 .rodata.__bi_34
                0x10009e1c        0xc CMakeFiles/app.dir/home/juan/pico-sdk/src/rp2_common/pico_standard_binary_info/standard_binary_info.c.o
 .rodata.__bi_26
                0x10009e28        0xc CMakeFiles/app.dir/home/juan/pico-sdk/src/rp2_common/pico_standard_binary_info/standard_binary_info.c.o
 .rodata._ftoa.str1.4
                0x10009e34       0x15 CMakeFiles/app.dir/home/juan/pico-sdk/src/rp2_common/pico_printf/printf.c.o
 *fill*         0x10009e34        0x4 
 .rodata.pow10.0
                0x10009e38       0x50 CMakeFiles/app.dir/home/juan/pico-sdk/src/rp2_common/pico_printf/printf.c.o
 .rodata.crlf_str.0
                0x10009e88        0x2 CMakeFiles/app.dir/home/juan/pico-sdk/src/rp2_common/pico_stdio/stdio.c.o
 .rodata.str1.4
                0x10009e8a       0x2c CMakeFiles/app.dir/home/juan/pico-sdk/src/rp2_common/pico_stdio_uart/stdio_uart.c.o
 *fill*         0x10009e8a        0x2 
 .rodata.__bi_45.4
                0x10009e8c        0xc CMakeFiles/app.dir/home/juan/pico-sdk/src/rp2_common/pico_stdio_uart/stdio_uart.c.o
 .rodata.__bi_49.5
                0x10009e98        0x8 CMakeFiles/app.dir/home/juan/pico-sdk/src/rp2_common/pico_stdio_uart/stdio_uart.c.o
 .rodata.__bi_50.6
                0x10009ea0        0x8 CMakeFiles/app.dir/home/juan/pico-sdk/src/rp2_common/pico_stdio_uart/stdio_uart.c.o
 .rodata._resetd_driver
                0x10009ea8       0x20 CMakeFiles/app.dir/home/juan/pico-sdk/src/rp2_common/pico_stdio_usb/reset_interface.c.o
 .rodata.desc_ms_os_20
                0x10009ec8       0xa6 CMakeFiles/app.dir/home/juan/pico-sdk/src/rp2_common/pico_stdio_usb/reset_interface.c.o
 *fill*         0x10009f6e        0x2 
 .rodata.desc_bos
                0x10009f70       0x21 CMakeFiles/app.dir/home/juan/pico-sdk/src/rp2_common/pico_stdio_usb/reset_interface.c.o
                0x10009f70                desc_bos
 .rodata.str1.4
                0x10009f91       0x13 CMakeFiles/app.dir/home/juan/pico-sdk/src/rp2_common/pico_stdio_usb/stdio_usb.c.o
 *fill*         0x10009f91        0x3 
 .rodata.__bi_197.0
                0x10009f94        0xc CMakeFiles/app.dir/home/juan/pico-sdk/src/rp2_common/pico_stdio_usb/stdio_usb.c.o
 .rodata.str1.4
                0x10009fa0       0x2a CMakeFiles/app.dir/home/juan/pico-sdk/src/rp2_common/pico_stdio_usb/stdio_usb_descriptors.c.o
 .rodata.usbd_desc_str
                0x10009fa0       0x18 CMakeFiles/app.dir/home/juan/pico-sdk/src/rp2_common/pico_stdio_usb/stdio_usb_descriptors.c.o
 .rodata.usbd_desc_cfg
                0x10009fb8       0x54 CMakeFiles/app.dir/home/juan/pico-sdk/src/rp2_common/pico_stdio_usb/stdio_usb_descriptors.c.o
 .rodata.usbd_desc_device
                0x1000a00c       0x12 CMakeFiles/app.dir/home/juan/pico-sdk/src/rp2_common/pico_stdio_usb/stdio_usb_descriptors.c.o
 .rodata.str1.4
                0x1000a01e       0x14 CMakeFiles/app.dir/home/juan/pico-sdk/lib/tinyusb/src/portable/raspberrypi/rp2040/dcd_rp2040.c.o
 .rodata.str1.4
                0x1000a01e       0x48 CMakeFiles/app.dir/home/juan/pico-sdk/lib/tinyusb/src/portable/raspberrypi/rp2040/rp2040_usb.c.o
 *fill*         0x1000a01e        0x2 
 .rodata._usbd_driver
                0x1000a020       0x40 CMakeFiles/app.dir/home/juan/pico-sdk/lib/tinyusb/src/device/usbd.c.o
 .rodata        0x1000a060        0x4 ../lib/liblib.a(tasks.c.o)
                0x1000a060                uxTopUsedPriority
 .rodata.str1.4
                0x1000a064       0x10 ../lib/liblib.a(timers.c.o)
 *(.srodata*)
                0x1000a074                        . = ALIGN (0x4)
 *(SORT_BY_ALIGNMENT(SORT_BY_NAME(.flashdata*)))
                0x1000a074                        . = ALIGN (0x4)

.ARM.extab
 *(.ARM.extab* .gnu.linkonce.armextab.*)
                0x1000a064                        __exidx_start = .

.ARM.exidx      0x1000a064        0x8
 *(.ARM.exidx* .gnu.linkonce.armexidx.*)
 .ARM.exidx     0x1000a064        0x8 /usr/lib/gcc/arm-none-eabi/13.2.1/../../../arm-none-eabi/lib/thumb/v8-m.main+fp/softfp/libg.a(libc_a-memcpy.o)
 .ARM.exidx     0x1000a06c        0x0 /usr/lib/gcc/arm-none-eabi/13.2.1/thumb/v8-m.main+fp/softfp/libgcc.a(_udivmoddi4.o)
                                  0x8 (size before relaxing)
                0x1000a06c                        __exidx_end = .
                0x1000a06c                        . = ALIGN (0x4)
                0x1000a06c                        __binary_info_start = .

.binary_info    0x1000a06c       0x2c
 *(.binary_info.keep.*)
 .binary_info.keep.__bi_ptr84
                0x1000a06c        0x4 CMakeFiles/app.dir/home/juan/pico-sdk/src/rp2_common/pico_standard_binary_info/standard_binary_info.c.o
 .binary_info.keep.__bi_ptr78
                0x1000a070        0x4 CMakeFiles/app.dir/home/juan/pico-sdk/src/rp2_common/pico_standard_binary_info/standard_binary_info.c.o
 .binary_info.keep.__bi_ptr54
                0x1000a074        0x4 CMakeFiles/app.dir/home/juan/pico-sdk/src/rp2_common/pico_standard_binary_info/standard_binary_info.c.o
 .binary_info.keep.__bi_ptr48
                0x1000a078        0x4 CMakeFiles/app.dir/home/juan/pico-sdk/src/rp2_common/pico_standard_binary_info/standard_binary_info.c.o
 .binary_info.keep.__bi_ptr42
                0x1000a07c        0x4 CMakeFiles/app.dir/home/juan/pico-sdk/src/rp2_common/pico_standard_binary_info/standard_binary_info.c.o
 .binary_info.keep.__bi_ptr34
                0x1000a080        0x4 CMakeFiles/app.dir/home/juan/pico-sdk/src/rp2_common/pico_standard_binary_info/standard_binary_info.c.o
 .binary_info.keep.__bi_ptr26
                0x1000a084        0x4 CMakeFiles/app.dir/home/juan/pico-sdk/src/rp2_common/pico_standard_binary_info/standard_binary_info.c.o
 *(.binary_info.*)
 .binary_info.__bi_ptr50
                0x1000a088        0x4 CMakeFiles/app.dir/home/juan/pico-sdk/src/rp2_common/pico_stdio_uart/stdio_uart.c.o
 .binary_info.__bi_ptr49
                0x1000a08c        0x4 CMakeFiles/app.dir/home/juan/pico-sdk/src/rp2_common/pico_stdio_uart/stdio_uart.c.o
 .binary_info.__bi_ptr45
                0x1000a090        0x4 CMakeFiles/app.dir/home/juan/pico-sdk/src/rp2_common/pico_stdio_uart/stdio_uart.c.o
 .binary_info.__bi_ptr197
                0x1000a094        0x4 CMakeFiles/app.dir/home/juan/pico-sdk/src/rp2_common/pico_stdio_usb/stdio_usb.c.o
                0x1000a098                        __binary_info_end = .
                0x1000a098                        . = ALIGN (0x4)

.ram_vector_table
                0x20000000      0x110
 *(.ram_vector_table)
 .ram_vector_table
                0x20000000      0x110 CMakeFiles/app.dir/home/juan/pico-sdk/src/rp2_common/pico_runtime_init/runtime_init.c.o
                0x20000000                ram_vector_table

.uninitialized_data
                0x20000110        0x0
                0x20000110                        . = ALIGN (0x4)
 *(.uninitialized_data*)

.data           0x20000110     0x1610 load address 0x1000a098
                0x20000110                        __data_start__ = .
 *(vtable)
 *(.time_critical*)
 .time_critical.mutex_try_enter
                0x20000110       0x50 CMakeFiles/app.dir/home/juan/pico-sdk/src/common/pico_sync/mutex.c.o
                0x20000110                mutex_try_enter
 .time_critical.mutex_enter_block_until
                0x20000160       0x70 CMakeFiles/app.dir/home/juan/pico-sdk/src/common/pico_sync/mutex.c.o
                0x20000160                mutex_enter_block_until
 .time_critical.mutex_try_enter_block_until
                0x200001d0       0x6c CMakeFiles/app.dir/home/juan/pico-sdk/src/common/pico_sync/mutex.c.o
                0x200001d0                mutex_try_enter_block_until
 .time_critical.mutex_enter_timeout_ms
                0x2000023c       0x38 CMakeFiles/app.dir/home/juan/pico-sdk/src/common/pico_sync/mutex.c.o
                0x2000023c                mutex_enter_timeout_ms
 .time_critical.mutex_exit
                0x20000274       0x3c CMakeFiles/app.dir/home/juan/pico-sdk/src/common/pico_sync/mutex.c.o
                0x20000274                mutex_exit
 .time_critical.reset_non_control_endpoints
                0x200002b0       0x64 CMakeFiles/app.dir/home/juan/pico-sdk/lib/tinyusb/src/portable/raspberrypi/rp2040/dcd_rp2040.c.o
 .time_critical.hw_handle_buff_status
                0x20000314       0x94 CMakeFiles/app.dir/home/juan/pico-sdk/lib/tinyusb/src/portable/raspberrypi/rp2040/dcd_rp2040.c.o
 .time_critical.dcd_rp2040_irq
                0x200003a8      0x4fc CMakeFiles/app.dir/home/juan/pico-sdk/lib/tinyusb/src/portable/raspberrypi/rp2040/dcd_rp2040.c.o
 .time_critical.prepare_ep_buffer
                0x200008a4       0xd0 CMakeFiles/app.dir/home/juan/pico-sdk/lib/tinyusb/src/portable/raspberrypi/rp2040/rp2040_usb.c.o
 .time_critical.sync_ep_buffer
                0x20000974       0xb8 CMakeFiles/app.dir/home/juan/pico-sdk/lib/tinyusb/src/portable/raspberrypi/rp2040/rp2040_usb.c.o
 .time_critical._hw_endpoint_xfer_sync
                0x20000a2c       0x2c CMakeFiles/app.dir/home/juan/pico-sdk/lib/tinyusb/src/portable/raspberrypi/rp2040/rp2040_usb.c.o
 .time_critical.e15_is_bulkin_ep
                0x20000a58       0x28 CMakeFiles/app.dir/home/juan/pico-sdk/lib/tinyusb/src/portable/raspberrypi/rp2040/rp2040_usb.c.o
 .time_critical.e15_is_critical_frame_period
                0x20000a80       0x28 CMakeFiles/app.dir/home/juan/pico-sdk/lib/tinyusb/src/portable/raspberrypi/rp2040/rp2040_usb.c.o
 .time_critical.hw_endpoint_reset_transfer
                0x20000aa8        0xc CMakeFiles/app.dir/home/juan/pico-sdk/lib/tinyusb/src/portable/raspberrypi/rp2040/rp2040_usb.c.o
                0x20000aa8                hw_endpoint_reset_transfer
 .time_critical._hw_endpoint_buffer_control_update32
                0x20000ab4       0x44 CMakeFiles/app.dir/home/juan/pico-sdk/lib/tinyusb/src/portable/raspberrypi/rp2040/rp2040_usb.c.o
                0x20000ab4                _hw_endpoint_buffer_control_update32
 .time_critical.hw_endpoint_start_next_buffer
                0x20000af8       0x64 CMakeFiles/app.dir/home/juan/pico-sdk/lib/tinyusb/src/portable/raspberrypi/rp2040/rp2040_usb.c.o
                0x20000af8                hw_endpoint_start_next_buffer
 .time_critical.hw_endpoint_xfer_continue
                0x20000b5c       0x3c CMakeFiles/app.dir/home/juan/pico-sdk/lib/tinyusb/src/portable/raspberrypi/rp2040/rp2040_usb.c.o
                0x20000b5c                hw_endpoint_xfer_continue
 .time_critical.tinyusb
                0x20000b98      0x224 CMakeFiles/app.dir/home/juan/pico-sdk/lib/tinyusb/src/device/usbd.c.o
                0x20000b98                dcd_event_handler
 *(.text*)
 .text          0x20000dbc       0x30 /usr/lib/gcc/arm-none-eabi/13.2.1/thumb/v8-m.main+fp/softfp/libgcc.a(_aeabi_uldivmod.o)
                0x20000dbc                __aeabi_uldivmod
 .text          0x20000dec      0x300 /usr/lib/gcc/arm-none-eabi/13.2.1/thumb/v8-m.main+fp/softfp/libgcc.a(_udivmoddi4.o)
                0x20000dec                __udivmoddi4
 .text          0x200010ec        0x4 /usr/lib/gcc/arm-none-eabi/13.2.1/thumb/v8-m.main+fp/softfp/libgcc.a(_dvmd_tls.o)
                0x200010ec                __aeabi_ldiv0
                0x200010ec                __aeabi_idiv0
 .text.__stub   0x200010f0       0x30 linker stubs
                0x20001120                        . = ALIGN (0x4)
 *(.rodata*)
                0x20001120                        . = ALIGN (0x4)
 *(.data*)
 .data.striped_spin_lock_num
                0x20001120        0x1 CMakeFiles/app.dir/home/juan/pico-sdk/src/rp2_common/hardware_sync/sync.c.o
 *fill*         0x20001121        0x3 
 .data          0x20001124       0x48 CMakeFiles/app.dir/home/juan/pico-sdk/src/rp2_common/hardware_irq/irq_handler_chain.S.o
                0x20001124                irq_handler_chain_slots
                0x20001154                irq_handler_chain_first_slot
                0x2000115e                irq_handler_chain_remove_tail
 .data.default_alarm_pool
                0x2000116c       0x18 CMakeFiles/app.dir/home/juan/pico-sdk/src/common/pico_time/time.c.o
 .data.stdio_uart
                0x20001184       0x18 CMakeFiles/app.dir/home/juan/pico-sdk/src/rp2_common/pico_stdio_uart/stdio_uart.c.o
                0x20001184                stdio_uart
 .data.stdio_usb
                0x2000119c       0x18 CMakeFiles/app.dir/home/juan/pico-sdk/src/rp2_common/pico_stdio_usb/stdio_usb.c.o
                0x2000119c                stdio_usb
 .data._usbd_qdef
                0x200011b4       0x1c CMakeFiles/app.dir/home/juan/pico-sdk/lib/tinyusb/src/device/usbd.c.o
                0x200011b4                _usbd_qdef
 .data._usbd_rhport
                0x200011d0        0x1 CMakeFiles/app.dir/home/juan/pico-sdk/lib/tinyusb/src/device/usbd.c.o
 *fill*         0x200011d1        0x3 
 .data._cdcd_cfg
                0x200011d4        0x1 CMakeFiles/app.dir/home/juan/pico-sdk/lib/tinyusb/src/class/cdc/cdc_device.c.o
 *fill*         0x200011d5        0x3 
 .data          0x200011d8        0x4 ../lib/liblib.a(port.c.o)
 *fill*         0x200011dc        0x4 
 .data          0x200011e0      0x128 /usr/lib/gcc/arm-none-eabi/13.2.1/../../../arm-none-eabi/lib/thumb/v8-m.main+fp/softfp/libg.a(libc_a-impure.o)
                0x200011e0                _impure_ptr
                0x200011e8                _impure_data
 .data          0x20001308      0x410 /usr/lib/gcc/arm-none-eabi/13.2.1/../../../arm-none-eabi/lib/thumb/v8-m.main+fp/softfp/libg.a(libc_a-mallocr.o)
                0x20001308                __malloc_av_
                0x20001710                __malloc_sbrk_base
                0x20001714                __malloc_trim_threshold
 *(.sdata*)
                0x20001718                        . = ALIGN (0x4)
 *(.after_data.*)
                0x20001718                        . = ALIGN (0x4)
                0x20001718                        PROVIDE (__mutex_array_start = .)
 *(SORT_BY_NAME(.mutex_array.*))
 *(.mutex_array)
 .mutex_array   0x20001718        0x8 CMakeFiles/app.dir/home/juan/pico-sdk/src/rp2_common/pico_stdio/stdio.c.o
                0x20001720                        PROVIDE (__mutex_array_end = .)
 *(.jcr)
                0x20001720                        . = ALIGN (0x4)

.tm_clone_table
                0x20001720        0x0 load address 0x1000b6a8
 .tm_clone_table
                0x20001720        0x0 /usr/lib/gcc/arm-none-eabi/13.2.1/thumb/v8-m.main+fp/softfp/crtbegin.o
 .tm_clone_table
                0x20001720        0x0 /usr/lib/gcc/arm-none-eabi/13.2.1/thumb/v8-m.main+fp/softfp/crtend.o

.igot.plt       0x20001720        0x0 load address 0x1000b6a8
 .igot.plt      0x20001720        0x0 /usr/lib/gcc/arm-none-eabi/13.2.1/thumb/v8-m.main+fp/softfp/crtbegin.o

.tdata          0x20001720        0x0 load address 0x1000b6a8
                0x20001720                        . = ALIGN (0x4)
 *(.tdata .tdata.* .gnu.linkonce.td.*)
                0x20001720                        __tdata_end = .
                0x20001720                        PROVIDE (__data_end__ = .)
                0x1000a098                        __etext = LOADADDR (.data)

.tbss           0x20001720        0x0 load address 0x1000b6a8
                0x20001720                        . = ALIGN (0x4)
                0x20001720                        __bss_start__ = .
                0x20001720                        __tls_base = .
 *(.tbss .tbss.* .gnu.linkonce.tb.*)
 *(.tcommon)
                0x20001720                        __tls_end = .

.bss            0x20001720     0x10d4 load address 0x1000b6a8
                0x20001720                        . = ALIGN (0x4)
                0x20001720                        __tbss_end = .
 *(SORT_BY_ALIGNMENT(SORT_BY_NAME(.bss*)))
 .bss           0x20001720       0x50 ../lib/liblib.a(queue.c.o)
                0x20001720                xQueueRegistry
 .bss._cdcd_itf
                0x20001770       0xc8 CMakeFiles/app.dir/home/juan/pico-sdk/lib/tinyusb/src/class/cdc/cdc_device.c.o
 .bss.default_alarm_pool_entries
                0x20001838      0x180 CMakeFiles/app.dir/home/juan/pico-sdk/src/common/pico_time/time.c.o
 .bss.last_avail_time.1
                0x200019b8        0x8 CMakeFiles/app.dir/home/juan/pico-sdk/src/rp2_common/pico_stdio_usb/stdio_usb.c.o
 .bss           0x200019c0       0x1c /usr/lib/gcc/arm-none-eabi/13.2.1/thumb/v8-m.main+fp/softfp/crtbegin.o
 .bss           0x200019dc      0x104 ../lib/liblib.a(tasks.c.o)
                0x20001a60                pxCurrentTCB
 .bss           0x20001ae0       0x3c ../lib/liblib.a(timers.c.o)
 .bss           0x20001b1c       0x34 /usr/lib/gcc/arm-none-eabi/13.2.1/../../../arm-none-eabi/lib/thumb/v8-m.main+fp/softfp/libg.a(libc_a-mallocr.o)
                0x20001b1c                __malloc_top_pad
                0x20001b20                __malloc_current_mallinfo
                0x20001b48                __malloc_max_sbrked_mem
                0x20001b4c                __malloc_max_total_mem
 .bss           0x20001b50      0x13c /usr/lib/gcc/arm-none-eabi/13.2.1/../../../arm-none-eabi/lib/thumb/v8-m.main+fp/softfp/libg.a(libc_a-findfp.o)
                0x20001b50                __sf
                0x20001c88                __stdio_exit_handler
 .bss           0x20001c8c        0x4 /usr/lib/gcc/arm-none-eabi/13.2.1/../../../arm-none-eabi/lib/thumb/v8-m.main+fp/softfp/libg.a(libc_a-reent.o)
                0x20001c8c                errno
 .bss           0x20001c90      0x190 /usr/lib/gcc/arm-none-eabi/13.2.1/../../../arm-none-eabi/lib/thumb/v8-m.main+fp/softfp/libg.a(libc_a-__atexit.o)
                0x20001c90                __atexit0
 .bss           0x20001e20        0x4 /usr/lib/gcc/arm-none-eabi/13.2.1/../../../arm-none-eabi/lib/thumb/v8-m.main+fp/softfp/libg.a(libc_a-__call_atexit.o)
                0x20001e20                __atexit
 .bss._app_driver
                0x20001e24        0x4 CMakeFiles/app.dir/home/juan/pico-sdk/lib/tinyusb/src/device/usbd.c.o
 .bss._cdcd_epbuf
                0x20001e28       0x80 CMakeFiles/app.dir/home/juan/pico-sdk/lib/tinyusb/src/class/cdc/cdc_device.c.o
 .bss._ctrl_epbuf
                0x20001ea8       0x40 CMakeFiles/app.dir/home/juan/pico-sdk/lib/tinyusb/src/device/usbd_control.c.o
 .bss._ctrl_xfer
                0x20001ee8       0x14 CMakeFiles/app.dir/home/juan/pico-sdk/lib/tinyusb/src/device/usbd_control.c.o
 .bss._sw_spin_locks
                0x20001efc       0x20 CMakeFiles/app.dir/home/juan/pico-sdk/src/rp2_common/hardware_sync_spin_lock/sync_spin_lock.c.o
                0x20001efc                _sw_spin_locks
 .bss._tusb_rhport_role
                0x20001f1c        0x2 CMakeFiles/app.dir/home/juan/pico-sdk/lib/tinyusb/src/tusb.c.o
                0x20001f1c                _tusb_rhport_role
 *fill*         0x20001f1e        0x2 
 .bss._ubsd_mutexdef
                0x20001f20        0x8 CMakeFiles/app.dir/home/juan/pico-sdk/lib/tinyusb/src/device/usbd.c.o
 .bss._usbd_dev
                0x20001f28       0x54 CMakeFiles/app.dir/home/juan/pico-sdk/lib/tinyusb/src/device/usbd.c.o
 .bss._usbd_mutex
                0x20001f7c        0x4 CMakeFiles/app.dir/home/juan/pico-sdk/lib/tinyusb/src/device/usbd.c.o
 .bss._usbd_q   0x20001f80        0x4 CMakeFiles/app.dir/home/juan/pico-sdk/lib/tinyusb/src/device/usbd.c.o
 .bss._usbd_qdef_buf
                0x20001f84       0xc0 CMakeFiles/app.dir/home/juan/pico-sdk/lib/tinyusb/src/device/usbd.c.o
                0x20001f84                _usbd_qdef_buf
 .bss._vendord_epbuf
                0x20002044       0x80 CMakeFiles/app.dir/home/juan/pico-sdk/lib/tinyusb/src/class/vendor/vendor_device.c.o
 .bss._vendord_itf
                0x200020c4      0x24c CMakeFiles/app.dir/home/juan/pico-sdk/lib/tinyusb/src/class/vendor/vendor_device.c.o
 .bss.chars_available_callback
                0x20002310        0x4 CMakeFiles/app.dir/home/juan/pico-sdk/src/rp2_common/pico_stdio_uart/stdio_uart.c.o
 .bss.chars_available_callback
                0x20002314        0x4 CMakeFiles/app.dir/home/juan/pico-sdk/src/rp2_common/pico_stdio_usb/stdio_usb.c.o
 .bss.chars_available_param
                0x20002318        0x4 CMakeFiles/app.dir/home/juan/pico-sdk/src/rp2_common/pico_stdio_uart/stdio_uart.c.o
 .bss.chars_available_param
                0x2000231c        0x4 CMakeFiles/app.dir/home/juan/pico-sdk/src/rp2_common/pico_stdio_usb/stdio_usb.c.o
 .bss.claimed   0x20002320        0x4 CMakeFiles/app.dir/home/juan/pico-sdk/src/rp2_common/hardware_sync/sync.c.o
 .bss.claimed   0x20002324        0x2 CMakeFiles/app.dir/home/juan/pico-sdk/src/rp2_common/hardware_timer/timer.c.o
 *fill*         0x20002326        0x2 
 .bss.configured_freq
                0x20002328       0x28 CMakeFiles/app.dir/home/juan/pico-sdk/src/rp2_common/hardware_clocks/clocks.c.o
 .bss.desc_str.0
                0x20002350       0x28 CMakeFiles/app.dir/home/juan/pico-sdk/src/rp2_common/pico_stdio_usb/stdio_usb_descriptors.c.o
 .bss.drivers   0x20002378        0x4 CMakeFiles/app.dir/home/juan/pico-sdk/src/rp2_common/pico_stdio/stdio.c.o
 .bss.e15_last_sof
                0x2000237c        0x4 CMakeFiles/app.dir/home/juan/pico-sdk/lib/tinyusb/src/portable/raspberrypi/rp2040/rp2040_usb.c.o
                0x2000237c                e15_last_sof
 .bss.filter    0x20002380        0x4 CMakeFiles/app.dir/home/juan/pico-sdk/src/rp2_common/pico_stdio/stdio.c.o
 .bss.heap_end.0
                0x20002384        0x4 CMakeFiles/app.dir/home/juan/pico-sdk/src/rp2_common/pico_clib_interface/newlib_interface.c.o
 .bss.hw_endpoints
                0x20002388      0x400 CMakeFiles/app.dir/home/juan/pico-sdk/lib/tinyusb/src/portable/raspberrypi/rp2040/dcd_rp2040.c.o
 .bss.lazy_vsnprintf
                0x20002788        0x4 CMakeFiles/app.dir/home/juan/pico-sdk/src/rp2_common/pico_printf/printf.c.o
 .bss.load_value
                0x2000278c        0x4 CMakeFiles/app.dir/home/juan/pico-sdk/src/rp2_common/hardware_watchdog/watchdog.c.o
 .bss.next_buffer_ptr
                0x20002790        0x4 CMakeFiles/app.dir/home/juan/pico-sdk/lib/tinyusb/src/portable/raspberrypi/rp2040/dcd_rp2040.c.o
 .bss.one_shot_timer_crit_sec
                0x20002794        0x8 CMakeFiles/app.dir/home/juan/pico-sdk/src/rp2_common/pico_stdio_usb/stdio_usb.c.o
 .bss.pools     0x2000279c       0x20 CMakeFiles/app.dir/home/juan/pico-sdk/src/common/pico_time/time.c.o
 .bss.retrieved_id
                0x200027bc        0x8 CMakeFiles/app.dir/home/juan/pico-sdk/src/rp2_common/pico_unique_id/unique_id.c.o
 .bss.sleep_notifier
                0x200027c4        0x4 CMakeFiles/app.dir/home/juan/pico-sdk/src/common/pico_time/time.c.o
 .bss.stdio_usb_mutex
                0x200027c8        0x8 CMakeFiles/app.dir/home/juan/pico-sdk/src/rp2_common/pico_stdio_usb/stdio_usb.c.o
 .bss.uart_char_to_line_feed
                0x200027d0        0x4 CMakeFiles/app.dir/home/juan/pico-sdk/src/rp2_common/hardware_uart/uart.c.o
                0x200027d0                uart_char_to_line_feed
 .bss.uart_instance
                0x200027d4        0x4 CMakeFiles/app.dir/home/juan/pico-sdk/src/rp2_common/pico_stdio_uart/stdio_uart.c.o
 .bss.usbd_serial_str
                0x200027d8       0x11 CMakeFiles/app.dir/home/juan/pico-sdk/src/rp2_common/pico_stdio_usb/stdio_usb_descriptors.c.o
 .bss._app_driver_count
                0x200027e9        0x1 CMakeFiles/app.dir/home/juan/pico-sdk/lib/tinyusb/src/device/usbd.c.o
 .bss._sof_enable
                0x200027ea        0x1 CMakeFiles/app.dir/home/juan/pico-sdk/lib/tinyusb/src/portable/raspberrypi/rp2040/dcd_rp2040.c.o
 .bss._usbd_queued_setup
                0x200027eb        0x1 CMakeFiles/app.dir/home/juan/pico-sdk/lib/tinyusb/src/device/usbd.c.o
 .bss.irq_handler_chain_free_slot_head
                0x200027ec        0x1 CMakeFiles/app.dir/home/juan/pico-sdk/src/rp2_common/hardware_irq/irq.c.o
 .bss.itf_num   0x200027ed        0x1 CMakeFiles/app.dir/home/juan/pico-sdk/src/rp2_common/pico_stdio_usb/reset_interface.c.o
 .bss.low_priority_irq_num
                0x200027ee        0x1 CMakeFiles/app.dir/home/juan/pico-sdk/src/rp2_common/pico_stdio_usb/stdio_usb.c.o
 .bss.one_shot_timer_pending
                0x200027ef        0x1 CMakeFiles/app.dir/home/juan/pico-sdk/src/rp2_common/pico_stdio_usb/stdio_usb.c.o
 .bss.user_irq_claimed
                0x200027f0        0x1 CMakeFiles/app.dir/home/juan/pico-sdk/src/rp2_common/hardware_irq/irq.c.o
 *(COMMON)
                [!provide]                        PROVIDE (__global_pointer$ = (. + 0x800))
 *(.sbss*)
                0x200027f4                        . = ALIGN (0x4)
 *fill*         0x200027f1        0x3 
                0x200027f4                        __bss_end__ = .

.heap           0x200027f4      0x800 load address 0x1000b6a8
                0x200027f4                        __end__ = .
                0x200027f4                        end = __end__
 *(.heap*)
 .heap          0x200027f4      0x800 CMakeFiles/app.dir/home/juan/pico-sdk/src/rp2_common/pico_crt0/crt0.S.o
                0x20080000                        __HeapLimit = (ORIGIN (RAM) + LENGTH (RAM))

.scratch_x      0x20080000        0x0 load address 0x1000b6a8
                0x20080000                        __scratch_x_start__ = .
 *(.scratch_x.*)
                0x20080000                        . = ALIGN (0x4)
                0x20080000                        __scratch_x_end__ = .
                0x1000b6a8                        __scratch_x_source__ = LOADADDR (.scratch_x)

.scratch_y      0x20081000        0x0 load address 0x1000b6a8
                0x20081000                        __scratch_y_start__ = .
 *(.scratch_y.*)
                0x20081000                        . = ALIGN (0x4)
                0x20081000                        __scratch_y_end__ = .
                0x1000b6a8                        __scratch_y_source__ = LOADADDR (.scratch_y)

.stack1_dummy
 *(.stack1*)

.stack_dummy    0x20081000      0x800
 *(.stack*)
 .stack         0x20081000      0x800 CMakeFiles/app.dir/home/juan/pico-sdk/src/rp2_common/pico_crt0/crt0.S.o

.flash_end      0x1000b6a8       0x14
 *(.embedded_end_block*)
 .embedded_end_block
                0x1000b6a8       0x14 CMakeFiles/app.dir/home/juan/pico-sdk/src/rp2_common/pico_crt0/crt0.S.o
                0x1000b6bc                        PROVIDE (__flash_binary_end = .)
                0x20080000                        __StackLimit = (ORIGIN (RAM) + LENGTH (RAM))
                0x20081000                        __StackOneTop = (ORIGIN (SCRATCH_X) + LENGTH (SCRATCH_X))
                0x20082000                        __StackTop = (ORIGIN (SCRATCH_Y) + LENGTH (SCRATCH_Y))
                0x20081000                        __StackOneBottom = (__StackOneTop - SIZEOF (.stack1_dummy))
                0x20081800                        __StackBottom = (__StackTop - SIZEOF (.stack_dummy))
                0x20082000                        PROVIDE (__stack = __StackTop)
                [!provide]                        PROVIDE (__heap_start = __end__)
                [!provide]                        PROVIDE (__heap_end = __HeapLimit)
                [!provide]                        PROVIDE (__tls_align = MAX (ALIGNOF (.tdata), ALIGNOF (.tbss)))
                [!provide]                        PROVIDE (__tls_size_align = (((__tls_size + __tls_align) - 0x1) & ~ ((__tls_align - 0x1))))
                [!provide]                        PROVIDE (__arm32_tls_tcb_offset = MAX (0x8, __tls_align))
                [!provide]                        PROVIDE (_end = __end__)
                [!provide]                        PROVIDE (__llvm_libc_heap_limit = __HeapLimit)
                0x00000001                        ASSERT ((__StackLimit >= __HeapLimit), region RAM overflowed)
                0x00000001                        ASSERT (((__binary_info_header_end - __logical_binary_start) <= 0x400), Binary info must be in first 1024 bytes of the binary)
                0x00000001                        ASSERT (((__embedded_block_end - __logical_binary_start) <= 0x1000), Embedded block must be in first 4096 bytes of the binary)
LOAD CMakeFiles/app.dir/main.c.o
LOAD CMakeFiles/app.dir/home/juan/pico-sdk/src/rp2_common/pico_stdlib/stdlib.c.o
LOAD CMakeFiles/app.dir/home/juan/pico-sdk/src/rp2_common/hardware_gpio/gpio.c.o
LOAD CMakeFiles/app.dir/home/juan/pico-sdk/src/rp2350/pico_platform/platform.c.o
LOAD CMakeFiles/app.dir/home/juan/pico-sdk/src/rp2_common/pico_platform_panic/panic.c.o
LOAD CMakeFiles/app.dir/home/juan/pico-sdk/src/common/hardware_claim/claim.c.o
LOAD CMakeFiles/app.dir/home/juan/pico-sdk/src/rp2_common/hardware_sync/sync.c.o
LOAD CMakeFiles/app.dir/home/juan/pico-sdk/src/rp2_common/hardware_sync_spin_lock/sync_spin_lock.c.o
LOAD CMakeFiles/app.dir/home/juan/pico-sdk/src/rp2_common/hardware_irq/irq.c.o
LOAD CMakeFiles/app.dir/home/juan/pico-sdk/src/rp2_common/hardware_irq/irq_handler_chain.S.o
LOAD CMakeFiles/app.dir/home/juan/pico-sdk/src/common/pico_sync/sem.c.o
LOAD CMakeFiles/app.dir/home/juan/pico-sdk/src/common/pico_sync/lock_core.c.o
LOAD CMakeFiles/app.dir/home/juan/pico-sdk/src/common/pico_sync/mutex.c.o
LOAD CMakeFiles/app.dir/home/juan/pico-sdk/src/common/pico_sync/critical_section.c.o
LOAD CMakeFiles/app.dir/home/juan/pico-sdk/src/common/pico_time/time.c.o
LOAD CMakeFiles/app.dir/home/juan/pico-sdk/src/common/pico_time/timeout_helper.c.o
LOAD CMakeFiles/app.dir/home/juan/pico-sdk/src/rp2_common/hardware_timer/timer.c.o
LOAD CMakeFiles/app.dir/home/juan/pico-sdk/src/common/pico_util/datetime.c.o
LOAD CMakeFiles/app.dir/home/juan/pico-sdk/src/common/pico_util/pheap.c.o
LOAD CMakeFiles/app.dir/home/juan/pico-sdk/src/common/pico_util/queue.c.o
LOAD CMakeFiles/app.dir/home/juan/pico-sdk/src/rp2_common/hardware_uart/uart.c.o
LOAD CMakeFiles/app.dir/home/juan/pico-sdk/src/rp2_common/hardware_clocks/clocks.c.o
LOAD CMakeFiles/app.dir/home/juan/pico-sdk/src/rp2_common/hardware_pll/pll.c.o
LOAD CMakeFiles/app.dir/home/juan/pico-sdk/src/rp2_common/hardware_vreg/vreg.c.o
LOAD CMakeFiles/app.dir/home/juan/pico-sdk/src/rp2_common/hardware_watchdog/watchdog.c.o
LOAD CMakeFiles/app.dir/home/juan/pico-sdk/src/rp2_common/hardware_ticks/ticks.c.o
LOAD CMakeFiles/app.dir/home/juan/pico-sdk/src/rp2_common/pico_bootrom/bootrom.c.o
LOAD CMakeFiles/app.dir/home/juan/pico-sdk/src/rp2_common/pico_bootrom/bootrom_lock.c.o
LOAD CMakeFiles/app.dir/home/juan/pico-sdk/src/rp2_common/hardware_boot_lock/boot_lock.c.o
LOAD CMakeFiles/app.dir/home/juan/pico-sdk/src/rp2_common/pico_flash/flash.c.o
LOAD CMakeFiles/app.dir/home/juan/pico-sdk/src/rp2_common/hardware_xosc/xosc.c.o
LOAD CMakeFiles/app.dir/home/juan/pico-sdk/src/rp2_common/hardware_divider/divider.c.o
LOAD CMakeFiles/app.dir/home/juan/pico-sdk/src/rp2_common/pico_runtime/runtime.c.o
LOAD CMakeFiles/app.dir/home/juan/pico-sdk/src/rp2_common/pico_runtime_init/runtime_init.c.o
LOAD CMakeFiles/app.dir/home/juan/pico-sdk/src/rp2_common/pico_runtime_init/runtime_init_clocks.c.o
LOAD CMakeFiles/app.dir/home/juan/pico-sdk/src/rp2_common/pico_runtime_init/runtime_init_stack_guard.c.o
LOAD CMakeFiles/app.dir/home/juan/pico-sdk/src/rp2_common/pico_bit_ops/bit_ops_aeabi.S.o
LOAD CMakeFiles/app.dir/home/juan/pico-sdk/src/rp2_common/pico_divider/divider_compiler.c.o