Archive member included to satisfy reference by file (symbol)

../lib/liblib.a(queue.c.o)    CMakeFiles/app.dir/main.c.o (xQueueGenericCreate)
../lib/liblib.a(tasks.c.o)    CMakeFiles/app.dir/main.c.o (xTaskCreate)
../lib/liblib.a(timers.c.o)   ../lib/liblib.a(tasks.c.o) (xTimerCreateTimerTask)
../lib/liblib.a(heap_3.c.o)   ../lib/liblib.a(queue.c.o) (pvPortMalloc)
../lib/liblib.a(port.c.o)     ../lib/liblib.a(tasks.c.o) (pxPortInitialiseStack)
../lib/liblib.a(list.c.o)     ../lib/liblib.a(queue.c.o) (vListInitialise)
/usr/lib/gcc/arm-none-eabi/13.2.1/../../../arm-none-eabi/lib/thumb/v8-m.main+fp/softfp/libm.a(libm_a-wf_sqrt.o)
                              CMakeFiles/app.dir/home/juan/pico-sdk/src/rp2_common/pico_float/float_math.c.o (sqrtf)
/usr/lib/gcc/arm-none-eabi/13.2.1/../../../arm-none-eabi/lib/thumb/v8-m.main+fp/softfp/libm.a(libm_a-ef_sqrt.o)
                              /usr/lib/gcc/arm-none-eabi/13.2.1/../../../arm-none-eabi/lib/thumb/v8-m.main+fp/softfp/libm.a(libm_a-wf_sqrt.o) (__ieee754_sqrtf)
/usr/lib/gcc/arm-none-eabi/13.2.1/thumb/v8-m.main+fp/softfp/libgcc.a(_arm_addsubdf3.o)
                              CMakeFiles/app.dir/home/juan/pico-sdk/src/rp2_common/pico_float/float_math.c.o (__aeabi_f2d)
/usr/lib/gcc/arm-none-eabi/13.2.1/thumb/v8-m.main+fp/softfp/libgcc.a(_aeabi_ldivmod.o)
                              CMakeFiles/app.dir/home/juan/pico-sdk/src/common/pico_time/time.c.o (__aeabi_ldivmod)
/usr/lib/gcc/arm-none-eabi/13.2.1/thumb/v8-m.main+fp/softfp/libgcc.a(_aeabi_uldivmod.o)
                              CMakeFiles/app.dir/home/juan/pico-sdk/src/rp2_common/hardware_clocks/clocks.c.o (__aeabi_uldivmod)
/usr/lib/gcc/arm-none-eabi/13.2.1/thumb/v8-m.main+fp/softfp/libgcc.a(_udivmoddi4.o)
                              /usr/lib/gcc/arm-none-eabi/13.2.1/thumb/v8-m.main+fp/softfp/libgcc.a(_aeabi_ldivmod.o) (__udivmoddi4)
/usr/lib/gcc/arm-none-eabi/13.2.1/thumb/v8-m.main+fp/softfp/libgcc.a(_dvmd_tls.o)
                              /usr/lib/gcc/arm-none-eabi/13.2.1/thumb/v8-m.main+fp/softfp/libgcc.a(_aeabi_ldivmod.o) (__aeabi_ldiv0)
/usr/lib/gcc/arm-none-eabi/13.2.1/../../../arm-none-eabi/lib/thumb/v8-m.main+fp/softfp/libg.a(libc_a-memset.o)
                              /usr/lib/gcc/arm-none-eabi/13.2.1/../../../arm-none-eabi/lib/thumb/v8-m.main+fp/softfp/crt0.o (memset)
/usr/lib/gcc/arm-none-eabi/13.2.1/../../../arm-none-eabi/lib/thumb/v8-m.main+fp/softfp/libg.a(libc_a-stpcpy.o)
                              ../lib/liblib.a(tasks.c.o) (stpcpy)
/usr/lib/gcc/arm-none-eabi/13.2.1/../../../arm-none-eabi/lib/thumb/v8-m.main+fp/softfp/libg.a(libc_a-calloc.o)
                              CMakeFiles/app.dir/home/juan/pico-sdk/src/rp2_common/pico_malloc/malloc.c.o (calloc)
/usr/lib/gcc/arm-none-eabi/13.2.1/../../../arm-none-eabi/lib/thumb/v8-m.main+fp/softfp/libg.a(libc_a-errno.o)
                              /usr/lib/gcc/arm-none-eabi/13.2.1/../../../arm-none-eabi/lib/thumb/v8-m.main+fp/softfp/libm.a(libm_a-wf_sqrt.o) (__errno)
/usr/lib/gcc/arm-none-eabi/13.2.1/../../../arm-none-eabi/lib/thumb/v8-m.main+fp/softfp/libg.a(libc_a-impure.o)
                              /usr/lib/gcc/arm-none-eabi/13.2.1/../../../arm-none-eabi/lib/thumb/v8-m.main+fp/softfp/libg.a(libc_a-calloc.o) (_impure_ptr)
/usr/lib/gcc/arm-none-eabi/13.2.1/../../../arm-none-eabi/lib/thumb/v8-m.main+fp/softfp/libg.a(libc_a-callocr.o)
                              /usr/lib/gcc/arm-none-eabi/13.2.1/../../../arm-none-eabi/lib/thumb/v8-m.main+fp/softfp/libg.a(libc_a-calloc.o) (_calloc_r)
/usr/lib/gcc/arm-none-eabi/13.2.1/../../../arm-none-eabi/lib/thumb/v8-m.main+fp/softfp/libg.a(libc_a-realloc.o)
                              CMakeFiles/app.dir/home/juan/pico-sdk/src/rp2_common/pico_malloc/malloc.c.o (realloc)
/usr/lib/gcc/arm-none-eabi/13.2.1/../../../arm-none-eabi/lib/thumb/v8-m.main+fp/softfp/libg.a(libc_a-mallocr.o)
                              /usr/lib/gcc/arm-none-eabi/13.2.1/../../../arm-none-eabi/lib/thumb/v8-m.main+fp/softfp/libg.a(libc_a-callocr.o) (_malloc_r)
/usr/lib/gcc/arm-none-eabi/13.2.1/../../../arm-none-eabi/lib/thumb/v8-m.main+fp/softfp/libg.a(libc_a-freer.o)
                              /usr/lib/gcc/arm-none-eabi/13.2.1/../../../arm-none-eabi/lib/thumb/v8-m.main+fp/softfp/libg.a(libc_a-mallocr.o) (_free_r)
/usr/lib/gcc/arm-none-eabi/13.2.1/../../../arm-none-eabi/lib/thumb/v8-m.main+fp/softfp/libg.a(libc_a-memcmp.o)
                              CMakeFiles/app.dir/home/juan/pico-sdk/src/rp2_common/pico_atomic/atomic.c.o (memcmp)
/usr/lib/gcc/arm-none-eabi/13.2.1/../../../arm-none-eabi/lib/thumb/v8-m.main+fp/softfp/libg.a(libc_a-malloc.o)
                              CMakeFiles/app.dir/home/juan/pico-sdk/src/rp2_common/pico_malloc/malloc.c.o (malloc)
/usr/lib/gcc/arm-none-eabi/13.2.1/../../../arm-none-eabi/lib/thumb/v8-m.main+fp/softfp/libg.a(libc_a-memcpy.o)
                              CMakeFiles/app.dir/home/juan/pico-sdk/src/common/pico_util/queue.c.o (memcpy)
[...]
Memory Configuration

Name             Origin             Length             Attributes
FLASH            0x10000000         0x00400000         xr
RAM              0x20000000         0x00080000         xrw
SCRATCH_X        0x20080000         0x00001000         xrw
SCRATCH_Y        0x20081000         0x00001000         xrw
*default*        0x00000000         0xffffffff

Linker script and memory map

LOAD /usr/lib/gcc/arm-none-eabi/13.2.1/thumb/v8-m.main+fp/softfp/crti.o
LOAD /usr/lib/gcc/arm-none-eabi/13.2.1/thumb/v8-m.main+fp/softfp/crtbegin.o
LOAD /usr/lib/gcc/arm-none-eabi/13.2.1/../../../arm-none-eabi/lib/thumb/v8-m.main+fp/softfp/crt0.o

.flash_begin    0x10000000        0x0
                0x10000000                        __flash_binary_start = .

.text           0x10000000     0xa46c
                0x10000000                        __logical_binary_start = .
 *(.vectors)
 .vectors       0x10000000      0x124 CMakeFiles/app.dir/home/juan/pico-sdk/src/rp2_common/pico_crt0/crt0.S.o
                0x10000000                __vectors
                0x10000000                __VECTOR_TABLE
                0x10000110                isr_invalid
                0x10000110                __default_isrs_start
                0x10000112                isr_nmi
                0x10000114                isr_hardfault
                0x1000011c                isr_irq30
                0x1000011c                __unhandled_user_irq
                0x1000011c                isr_irq49
                0x1000011c                isr_irq13
                0x1000011c                isr_irq43
                0x1000011c                isr_irq45
                0x1000011c                isr_irq27
                0x1000011c                isr_irq32
                0x1000011c                isr_irq31
                0x1000011c                isr_irq5
                0x1000011c                isr_irq11
                0x1000011c                isr_irq23
                0x1000011c                isr_irq48
                0x1000011c                isr_irq35
                0x1000011c                isr_irq18
                0x1000011c                isr_irq50
                0x1000011c                isr_irq40
                0x1000011c                isr_irq28
                0x1000011c                isr_irq19
                0x1000011c                isr_irq36
                0x1000011c                isr_irq41
                0x1000011c                isr_irq0
                0x1000011c                isr_irq6
                0x1000011c                isr_irq37
                0x1000011c                isr_irq42
                0x1000011c                isr_irq22
                0x1000011c                isr_irq17
                0x1000011c                isr_irq38
                0x1000011c                isr_irq14
                0x1000011c                isr_irq2
                0x1000011c                isr_irq10
                0x1000011c                isr_irq8
                0x1000011c                isr_irq24
                0x1000011c                isr_irq46
                0x1000011c                isr_irq1
                0x1000011c                isr_irq47
                0x1000011c                isr_irq51
                0x1000011c                isr_irq7
                0x1000011c                isr_irq21
                0x1000011c                isr_irq39
                0x1000011c                isr_irq20
                0x1000011c                isr_irq15
                0x1000011c                isr_irq25
                0x1000011c                isr_irq34
                0x1000011c                isr_irq4
                0x1000011c                isr_irq16
                0x1000011c                isr_irq44
                0x1000011c                isr_irq29
                0x1000011c                isr_irq26
                0x1000011c                __default_isrs_end
                0x1000011c                isr_irq33
                0x1000011c                isr_irq3
                0x1000011c                isr_irq12
                0x1000011c                isr_irq9
                0x10000122                unhandled_user_irq_num_in_r0
 *(.binary_info_header)
 .binary_info_header
                0x10000124       0x14 CMakeFiles/app.dir/home/juan/pico-sdk/src/rp2_common/pico_crt0/crt0.S.o
                0x10000138                        __binary_info_header_end = .
 *(.embedded_block)
 .embedded_block
                0x10000138       0x14 CMakeFiles/app.dir/home/juan/pico-sdk/src/rp2_common/pico_crt0/crt0.S.o
                0x1000014c                        __embedded_block_end = .
 *(.reset)
 .reset         0x1000014c       0xa0 CMakeFiles/app.dir/home/juan/pico-sdk/src/rp2_common/pico_crt0/crt0.S.o
                0x1000014c                _entry_point
 *(.init)
 .init          0x100001ec        0x4 /usr/lib/gcc/arm-none-eabi/13.2.1/thumb/v8-m.main+fp/softfp/crti.o
                0x100001ec                _init
 *libgcc.a:cmse_nonsecure_call.o()
 *(EXCLUDE_FILE(*libm.a: *libc.a:*lib_a-mem*.o *libgcc.a:) .text*)
 .text          0x100001f0       0x8c /usr/lib/gcc/arm-none-eabi/13.2.1/thumb/v8-m.main+fp/softfp/crtbegin.o
 .text.RGB_Led_task
                0x1000027c       0xc4 CMakeFiles/app.dir/main.c.o
                0x1000027c                RGB_Led_task
 .text.ADC_Read_Task
                0x10000340       0x80 CMakeFiles/app.dir/main.c.o
                0x10000340                ADC_Read_Task
 .text.startup.main
                0x100003c0       0x94 CMakeFiles/app.dir/main.c.o
                0x100003c0                main
 .text.led_task
                0x10000454       0x40 CMakeFiles/app.dir/led.c.o
                0x10000454                led_task
 .text.set_TaskHandler_Idex
                0x10000494       0x24 CMakeFiles/app.dir/cpu_monitor.c.o
                0x10000494                set_TaskHandler_Idex
 .text.vApplicationIdleHook
                0x100004b8       0x20 CMakeFiles/app.dir/cpu_monitor.c.o
                0x100004b8                vApplicationIdleHook
 .text.gpio_set_function
                0x100004d8       0x3c CMakeFiles/app.dir/home/juan/pico-sdk/src/rp2_common/hardware_gpio/gpio.c.o
                0x100004d8                gpio_set_function
 .text.gpio_set_pulls
                0x10000514       0x28 CMakeFiles/app.dir/home/juan/pico-sdk/src/rp2_common/hardware_gpio/gpio.c.o
                0x10000514                gpio_set_pulls
 .text.gpio_set_input_enabled
                0x1000053c       0x20 CMakeFiles/app.dir/home/juan/pico-sdk/src/rp2_common/hardware_gpio/gpio.c.o
                0x1000053c                gpio_set_input_enabled
 .text.gpio_init
                0x1000055c       0x48 CMakeFiles/app.dir/home/juan/pico-sdk/src/rp2_common/hardware_gpio/gpio.c.o
                0x1000055c                gpio_init
 .text.panic    0x100005a4       0x30 CMakeFiles/app.dir/home/juan/pico-sdk/src/rp2_common/pico_platform_panic/panic.c.o
                0x100005a4                panic
 .text.hw_claim_or_assert
                0x100005d4       0x58 CMakeFiles/app.dir/home/juan/pico-sdk/src/common/hardware_claim/claim.c.o
                0x100005d4                hw_claim_or_assert
 .text.hw_claim_unused_from_range
                0x1000062c       0x9c CMakeFiles/app.dir/home/juan/pico-sdk/src/common/hardware_claim/claim.c.o
                0x1000062c                hw_claim_unused_from_range
 .text.next_striped_spin_lock_num
                0x100006c8       0x18 CMakeFiles/app.dir/home/juan/pico-sdk/src/rp2_common/hardware_sync/sync.c.o
                0x100006c8                next_striped_spin_lock_num
 .text.spin_lock_claim_unused
                0x100006e0       0x20 CMakeFiles/app.dir/home/juan/pico-sdk/src/rp2_common/hardware_sync/sync.c.o
                0x100006e0                spin_lock_claim_unused
 .text.spinlock_set_extexclall
                0x10000700       0x10 CMakeFiles/app.dir/home/juan/pico-sdk/src/rp2_common/hardware_sync_spin_lock/sync_spin_lock.c.o
 .text.spin_locks_reset
                0x10000710       0x18 CMakeFiles/app.dir/home/juan/pico-sdk/src/rp2_common/hardware_sync_spin_lock/sync_spin_lock.c.o
                0x10000710                spin_locks_reset
 .text.runtime_init_per_core_irq_priorities
                0x10000728       0x40 CMakeFiles/app.dir/home/juan/pico-sdk/src/rp2_common/hardware_irq/irq.c.o
                0x10000728                runtime_init_per_core_irq_priorities
 .text.irq_set_enabled
                0x10000768       0x2c CMakeFiles/app.dir/home/juan/pico-sdk/src/rp2_common/hardware_irq/irq.c.o
                0x10000768                irq_set_enabled
 .text.irq_is_enabled
                0x10000794       0x20 CMakeFiles/app.dir/home/juan/pico-sdk/src/rp2_common/hardware_irq/irq.c.o
                0x10000794                irq_is_enabled
 .text.irq_set_pending
                0x100007b4       0x18 CMakeFiles/app.dir/home/juan/pico-sdk/src/rp2_common/hardware_irq/irq.c.o
                0x100007b4                irq_set_pending
 .text.irq_has_shared_handler
                0x100007cc       0x20 CMakeFiles/app.dir/home/juan/pico-sdk/src/rp2_common/hardware_irq/irq.c.o
                0x100007cc                irq_has_shared_handler
 .text.irq_set_exclusive_handler
                0x100007ec       0x60 CMakeFiles/app.dir/home/juan/pico-sdk/src/rp2_common/hardware_irq/irq.c.o
                0x100007ec                irq_set_exclusive_handler
 .text.irq_add_shared_handler
                0x1000084c      0x1e8 CMakeFiles/app.dir/home/juan/pico-sdk/src/rp2_common/hardware_irq/irq.c.o
                0x1000084c                irq_add_shared_handler
 .text.irq_remove_handler
                0x10000a34      0x1fc CMakeFiles/app.dir/home/juan/pico-sdk/src/rp2_common/hardware_irq/irq.c.o
                0x10000a34                irq_remove_handler
 .text.irq_add_tail_to_free_list
                0x10000c30       0xbc CMakeFiles/app.dir/home/juan/pico-sdk/src/rp2_common/hardware_irq/irq.c.o
                0x10000c30                irq_add_tail_to_free_list
 .text.user_irq_claim_unused
                0x10000cec       0x28 CMakeFiles/app.dir/home/juan/pico-sdk/src/rp2_common/hardware_irq/irq.c.o
                0x10000cec                user_irq_claim_unused
 .text.lock_init
                0x10000d14        0xc CMakeFiles/app.dir/home/juan/pico-sdk/src/common/pico_sync/lock_core.c.o
                0x10000d14                lock_init
 .text.runtime_init_mutex
                0x10000d20       0x4c CMakeFiles/app.dir/home/juan/pico-sdk/src/common/pico_sync/mutex.c.o
                0x10000d20                runtime_init_mutex
 .text.mutex_init
                0x10000d6c       0x1c CMakeFiles/app.dir/home/juan/pico-sdk/src/common/pico_sync/mutex.c.o
                0x10000d6c                mutex_init
 .text.critical_section_init
                0x10000d88       0x1c CMakeFiles/app.dir/home/juan/pico-sdk/src/common/pico_sync/critical_section.c.o
                0x10000d88                critical_section_init
 .text.critical_section_init_with_lock_num
                0x10000da4       0x10 CMakeFiles/app.dir/home/juan/pico-sdk/src/common/pico_sync/critical_section.c.o
                0x10000da4                critical_section_init_with_lock_num
 .text.sleep_until_callback
                0x10000db4       0x3c CMakeFiles/app.dir/home/juan/pico-sdk/src/common/pico_time/time.c.o
 .text.alarm_pool_irq_handler
                0x10000df0      0x2f0 CMakeFiles/app.dir/home/juan/pico-sdk/src/common/pico_time/time.c.o
 .text.runtime_init_default_alarm_pool
                0x100010e0      0x100 CMakeFiles/app.dir/home/juan/pico-sdk/src/common/pico_time/time.c.o
                0x100010e0                runtime_init_default_alarm_pool
 .text.alarm_pool_get_default
                0x100011e0        0x8 CMakeFiles/app.dir/home/juan/pico-sdk/src/common/pico_time/time.c.o
                0x100011e0                alarm_pool_get_default
 .text.alarm_pool_add_alarm_at
                0x100011e8       0xdc CMakeFiles/app.dir/home/juan/pico-sdk/src/common/pico_time/time.c.o
                0x100011e8                alarm_pool_add_alarm_at
 .text.alarm_pool_add_alarm_at_force_in_context
                0x100012c4       0xc8 CMakeFiles/app.dir/home/juan/pico-sdk/src/common/pico_time/time.c.o
                0x100012c4                alarm_pool_add_alarm_at_force_in_context
 .text.alarm_pool_cancel_alarm
                0x1000138c       0x80 CMakeFiles/app.dir/home/juan/pico-sdk/src/common/pico_time/time.c.o
                0x1000138c                alarm_pool_cancel_alarm
 .text.alarm_pool_core_num
                0x1000140c        0x4 CMakeFiles/app.dir/home/juan/pico-sdk/src/common/pico_time/time.c.o
                0x1000140c                alarm_pool_core_num
 .text.best_effort_wfe_or_timeout
                0x10001410       0xbc CMakeFiles/app.dir/home/juan/pico-sdk/src/common/pico_time/time.c.o
                0x10001410                best_effort_wfe_or_timeout
 .text.timer_hardware_alarm_claim
                0x100014cc       0x24 CMakeFiles/app.dir/home/juan/pico-sdk/src/rp2_common/hardware_timer/timer.c.o
                0x100014cc                timer_hardware_alarm_claim
 .text.timer_time_us_64
                0x100014f0       0x10 CMakeFiles/app.dir/home/juan/pico-sdk/src/rp2_common/hardware_timer/timer.c.o
                0x100014f0                timer_time_us_64
 .text.time_us_64
                0x10001500       0x14 CMakeFiles/app.dir/home/juan/pico-sdk/src/rp2_common/hardware_timer/timer.c.o
                0x10001500                time_us_64
 .text.busy_wait_us
                0x10001514       0x64 CMakeFiles/app.dir/home/juan/pico-sdk/src/rp2_common/hardware_timer/timer.c.o
                0x10001514                busy_wait_us
 .text.uart_init
                0x10001578      0x104 CMakeFiles/app.dir/home/juan/pico-sdk/src/rp2_common/hardware_uart/uart.c.o
                0x10001578                uart_init
 .text.clock_configure_undivided
                0x1000167c       0xd0 CMakeFiles/app.dir/home/juan/pico-sdk/src/rp2_common/hardware_clocks/clocks.c.o
                0x1000167c                clock_configure_undivided
 .text.clock_get_hz
                0x1000174c        0xc CMakeFiles/app.dir/home/juan/pico-sdk/src/rp2_common/hardware_clocks/clocks.c.o
                0x1000174c                clock_get_hz
 .text.pll_init
                0x10001758       0x8c CMakeFiles/app.dir/home/juan/pico-sdk/src/rp2_common/hardware_pll/pll.c.o
                0x10001758                pll_init
 .text.watchdog_reboot
                0x100017e4       0x98 CMakeFiles/app.dir/home/juan/pico-sdk/src/rp2_common/hardware_watchdog/watchdog.c.o
                0x100017e4                watchdog_reboot
 .text.tick_start
                0x1000187c       0x18 CMakeFiles/app.dir/home/juan/pico-sdk/src/rp2_common/hardware_ticks/ticks.c.o
                0x1000187c                tick_start
 .text.rom_reboot.constprop.0.isra.0
                0x10001894       0x34 CMakeFiles/app.dir/home/juan/pico-sdk/src/rp2_common/pico_bootrom/bootrom.c.o
 .text.rom_func_lookup
                0x100018c8       0x18 CMakeFiles/app.dir/home/juan/pico-sdk/src/rp2_common/pico_bootrom/bootrom.c.o
                0x100018c8                rom_func_lookup
 .text.rom_reset_usb_boot_extra
                0x100018e0       0x1c CMakeFiles/app.dir/home/juan/pico-sdk/src/rp2_common/pico_bootrom/bootrom.c.o
                0x100018e0                rom_reset_usb_boot_extra
 .text.runtime_init_bootrom_locking_enable
                0x100018fc       0x14 CMakeFiles/app.dir/home/juan/pico-sdk/src/rp2_common/pico_bootrom/bootrom_lock.c.o
                0x100018fc                runtime_init_bootrom_locking_enable
 .text.runtime_init_boot_locks_reset
                0x10001910       0x1c CMakeFiles/app.dir/home/juan/pico-sdk/src/rp2_common/hardware_boot_lock/boot_lock.c.o
                0x10001910                runtime_init_boot_locks_reset
 .text.xosc_init
                0x1000192c       0x30 CMakeFiles/app.dir/home/juan/pico-sdk/src/rp2_common/hardware_xosc/xosc.c.o
                0x1000192c                xosc_init
 .text.first_per_core_initializer
                0x1000195c        0x4 CMakeFiles/app.dir/home/juan/pico-sdk/src/rp2_common/pico_runtime/runtime.c.o
 .text.hard_assertion_failure
                0x10001960        0xc CMakeFiles/app.dir/home/juan/pico-sdk/src/rp2_common/pico_runtime/runtime.c.o
                0x10001960                hard_assertion_failure
 .text.runtime_run_initializers
                0x1000196c       0x20 CMakeFiles/app.dir/home/juan/pico-sdk/src/rp2_common/pico_runtime/runtime.c.o
                0x1000196c                runtime_run_initializers
 .text.runtime_init_early_resets
                0x1000198c       0x34 CMakeFiles/app.dir/home/juan/pico-sdk/src/rp2_common/pico_runtime_init/runtime_init.c.o
                0x1000198c                runtime_init_early_resets
 .text.runtime_init_usb_power_down
                0x100019c0       0x1c CMakeFiles/app.dir/home/juan/pico-sdk/src/rp2_common/pico_runtime_init/runtime_init.c.o
                0x100019c0                runtime_init_usb_power_down
 .text.runtime_init_per_core_enable_coprocessors
                0x100019dc       0x1c CMakeFiles/app.dir/home/juan/pico-sdk/src/rp2_common/pico_runtime_init/runtime_init.c.o
                0x100019dc                runtime_init_per_core_enable_coprocessors
 .text.runtime_init_post_clock_resets
                0x100019f8       0x20 CMakeFiles/app.dir/home/juan/pico-sdk/src/rp2_common/pico_runtime_init/runtime_init.c.o
                0x100019f8                runtime_init_post_clock_resets
 .text.runtime_init_bootrom_reset
                0x10001a18       0x14 CMakeFiles/app.dir/home/juan/pico-sdk/src/rp2_common/pico_runtime_init/runtime_init.c.o
                0x10001a18                runtime_init_bootrom_reset
 .text.runtime_init_per_core_bootrom_reset
                0x10001a2c       0x14 CMakeFiles/app.dir/home/juan/pico-sdk/src/rp2_common/pico_runtime_init/runtime_init.c.o
                0x10001a2c                runtime_init_per_core_bootrom_reset
 .text.runtime_init_spin_locks_reset
                0x10001a40        0x4 CMakeFiles/app.dir/home/juan/pico-sdk/src/rp2_common/pico_runtime_init/runtime_init.c.o
                0x10001a40                runtime_init_spin_locks_reset
 .text.runtime_init_install_ram_vector_table
                0x10001a44       0x20 CMakeFiles/app.dir/home/juan/pico-sdk/src/rp2_common/pico_runtime_init/runtime_init.c.o
                0x10001a44                runtime_init_install_ram_vector_table
 .text.runtime_init_clocks
                0x10001a64       0xdc CMakeFiles/app.dir/home/juan/pico-sdk/src/rp2_common/pico_runtime_init/runtime_init_clocks.c.o
                0x10001a64                runtime_init_clocks
 .text.__rp2350_dcp_engaged_state_save_restore
                0x10001b40       0x3a CMakeFiles/app.dir/home/juan/pico-sdk/src/rp2_common/pico_double/double_aeabi_dcp.S.o
 *fill*         0x10001b7a        0x2 
 .text.__wrap___aeabi_dadd
                0x10001b7c       0x28 CMakeFiles/app.dir/home/juan/pico-sdk/src/rp2_common/pico_double/double_aeabi_dcp.S.o
                0x10001b84                __wrap___aeabi_dadd
 .text.__wrap___aeabi_dsub
                0x10001ba4       0x28 CMakeFiles/app.dir/home/juan/pico-sdk/src/rp2_common/pico_double/double_aeabi_dcp.S.o
                0x10001bac                __wrap___aeabi_dsub
 .text.__wrap___aeabi_dmul
                0x10001bcc       0x4c CMakeFiles/app.dir/home/juan/pico-sdk/src/rp2_common/pico_double/double_aeabi_dcp.S.o
                0x10001bd4                __wrap___aeabi_dmul
 .text.__wrap___aeabi_ddiv
                0x10001c18       0x9c CMakeFiles/app.dir/home/juan/pico-sdk/src/rp2_common/pico_double/double_aeabi_dcp.S.o
                0x10001c20                __wrap___aeabi_ddiv
 .text.__wrap___aeabi_i2d
                0x10001cb4       0x24 CMakeFiles/app.dir/home/juan/pico-sdk/src/rp2_common/pico_double/double_aeabi_dcp.S.o
                0x10001cbc                __wrap___aeabi_i2d
                0x10001cbc                int2double
 .text.__wrap___aeabi_ui2d
                0x10001cd8       0x24 CMakeFiles/app.dir/home/juan/pico-sdk/src/rp2_common/pico_double/double_aeabi_dcp.S.o
                0x10001ce0                __wrap___aeabi_ui2d
                0x10001ce0                uint2double
 .text.__wrap___aeabi_d2iz
                0x10001cfc       0x24 CMakeFiles/app.dir/home/juan/pico-sdk/src/rp2_common/pico_double/double_aeabi_dcp.S.o
                0x10001d04                __wrap___aeabi_d2iz
                0x10001d04                double2int_z
 .text.__wrap___aeabi_d2uiz
                0x10001d20       0x24 CMakeFiles/app.dir/home/juan/pico-sdk/src/rp2_common/pico_double/double_aeabi_dcp.S.o
                0x10001d28                double2uint_z
                0x10001d28                double2uint
                0x10001d28                __wrap___aeabi_d2uiz
 .text.__wrap___aeabi_dcmpun
                0x10001d44       0x24 CMakeFiles/app.dir/home/juan/pico-sdk/src/rp2_common/pico_double/double_aeabi_dcp.S.o
                0x10001d4c                __wrap___aeabi_dcmpun
 .text.__wrap___aeabi_dcmplt
                0x10001d68       0x28 CMakeFiles/app.dir/home/juan/pico-sdk/src/rp2_common/pico_double/double_aeabi_dcp.S.o
                0x10001d70                __wrap___aeabi_dcmplt
 .text.__wrap___aeabi_dcmpge
                0x10001d90       0x28 CMakeFiles/app.dir/home/juan/pico-sdk/src/rp2_common/pico_double/double_aeabi_dcp.S.o
                0x10001d98                __wrap___aeabi_dcmpge
 .text.__wrap___aeabi_dcmpgt
                0x10001db8       0x28 CMakeFiles/app.dir/home/juan/pico-sdk/src/rp2_common/pico_double/double_aeabi_dcp.S.o
                0x10001dc0                __wrap___aeabi_dcmpgt
 .text.__wrap_malloc
                0x10001de0       0x24 CMakeFiles/app.dir/home/juan/pico-sdk/src/rp2_common/pico_malloc/malloc.c.o
                0x10001de0                __wrap_malloc
 .text.__wrap_free
                0x10001e04        0x4 CMakeFiles/app.dir/home/juan/pico-sdk/src/rp2_common/pico_malloc/malloc.c.o
                0x10001e04                __wrap_free
 .text._out_buffer
                0x10001e08        0x8 CMakeFiles/app.dir/home/juan/pico-sdk/src/rp2_common/pico_printf/printf.c.o
 .text._out_null
                0x10001e10        0x4 CMakeFiles/app.dir/home/juan/pico-sdk/src/rp2_common/pico_printf/printf.c.o
 .text._out_rev
                0x10001e14       0x9c CMakeFiles/app.dir/home/juan/pico-sdk/src/rp2_common/pico_printf/printf.c.o
 .text._ntoa_format
                0x10001eb0      0x2a4 CMakeFiles/app.dir/home/juan/pico-sdk/src/rp2_common/pico_printf/printf.c.o
 .text._out_char
                0x10002154        0x8 CMakeFiles/app.dir/home/juan/pico-sdk/src/rp2_common/pico_printf/printf.c.o
 .text._out_fct
                0x1000215c        0xc CMakeFiles/app.dir/home/juan/pico-sdk/src/rp2_common/pico_printf/printf.c.o
 .text._etoa    0x10002168      0x460 CMakeFiles/app.dir/home/juan/pico-sdk/src/rp2_common/pico_printf/printf.c.o
 .text._ftoa    0x100025c8      0x3f4 CMakeFiles/app.dir/home/juan/pico-sdk/src/rp2_common/pico_printf/printf.c.o
 .text._vsnprintf
                0x100029bc      0x9e8 CMakeFiles/app.dir/home/juan/pico-sdk/src/rp2_common/pico_printf/printf.c.o
 .text.__wrap_sprintf
                0x100033a4       0x2c CMakeFiles/app.dir/home/juan/pico-sdk/src/rp2_common/pico_printf/printf.c.o
                0x100033a4                __wrap_sprintf
 .text.vfctprintf
                0x100033d0       0x28 CMakeFiles/app.dir/home/juan/pico-sdk/src/rp2_common/pico_printf/printf.c.o
                0x100033d0                vfctprintf
 .text.weak_raw_vprintf
                0x100033f8       0x30 CMakeFiles/app.dir/home/juan/pico-sdk/src/rp2_common/pico_printf/printf.c.o
                0x100033f8                weak_raw_vprintf
 .text._exit    0x10003428        0x4 CMakeFiles/app.dir/home/juan/pico-sdk/src/rp2_common/pico_clib_interface/newlib_interface.c.o
                0x10003428                _exit
 .text._sbrk    0x1000342c       0x2c CMakeFiles/app.dir/home/juan/pico-sdk/src/rp2_common/pico_clib_interface/newlib_interface.c.o
                0x1000342c                _sbrk
 .text.exit     0x10003458        0x8 CMakeFiles/app.dir/home/juan/pico-sdk/src/rp2_common/pico_clib_interface/newlib_interface.c.o
                0x10003458                exit
 .text.runtime_init
                0x10003460       0x24 CMakeFiles/app.dir/home/juan/pico-sdk/src/rp2_common/pico_clib_interface/newlib_interface.c.o
                0x10003460                runtime_init
 .text.stdio_out_chars_no_crlf
                0x10003484        0x8 CMakeFiles/app.dir/home/juan/pico-sdk/src/rp2_common/pico_stdio/stdio.c.o
 .text.stdio_out_chars_crlf
                0x1000348c       0xac CMakeFiles/app.dir/home/juan/pico-sdk/src/rp2_common/pico_stdio/stdio.c.o
 .text.stdio_buffered_printer
                0x10003538       0x60 CMakeFiles/app.dir/home/juan/pico-sdk/src/rp2_common/pico_stdio/stdio.c.o
 .text.stdio_put_string
                0x10003598       0xf0 CMakeFiles/app.dir/home/juan/pico-sdk/src/rp2_common/pico_stdio/stdio.c.o
                0x10003598                stdio_put_string
 .text.stdio_set_driver_enabled
                0x10003688       0x30 CMakeFiles/app.dir/home/juan/pico-sdk/src/rp2_common/pico_stdio/stdio.c.o
                0x10003688                stdio_set_driver_enabled
 .text.stdio_init_all
                0x100036b8       0x10 CMakeFiles/app.dir/home/juan/pico-sdk/src/rp2_common/pico_stdio/stdio.c.o
                0x100036b8                stdio_init_all
 .text.__wrap_putchar
                0x100036c8       0x84 CMakeFiles/app.dir/home/juan/pico-sdk/src/rp2_common/pico_stdio/stdio.c.o
                0x100036c8                stdio_putchar
                0x100036c8                __wrap_putchar
 .text.__wrap_puts
                0x1000374c       0x3c CMakeFiles/app.dir/home/juan/pico-sdk/src/rp2_common/pico_stdio/stdio.c.o
                0x1000374c                __wrap_puts
                0x1000374c                stdio_puts
 .text.__wrap_vprintf
                0x10003788       0xc8 CMakeFiles/app.dir/home/juan/pico-sdk/src/rp2_common/pico_stdio/stdio.c.o
                0x10003788                __wrap_vprintf
                0x10003788                stdio_vprintf
 .text.__wrap_printf
                0x10003850       0x1c CMakeFiles/app.dir/home/juan/pico-sdk/src/rp2_common/pico_stdio/stdio.c.o
                0x10003850                stdio_printf
                0x10003850                __wrap_printf
 .text.stdio_uart_out_chars
                0x1000386c       0x50 CMakeFiles/app.dir/home/juan/pico-sdk/src/rp2_common/pico_stdio_uart/stdio_uart.c.o
 .text.stdio_uart_in_chars
                0x100038bc       0x94 CMakeFiles/app.dir/home/juan/pico-sdk/src/rp2_common/pico_stdio_uart/stdio_uart.c.o
                0x100038bc                stdio_uart_in_chars
 .text.on_uart_rx
                0x10003950       0x24 CMakeFiles/app.dir/home/juan/pico-sdk/src/rp2_common/pico_stdio_uart/stdio_uart.c.o
 .text.stdio_uart_out_flush
                0x10003974       0x10 CMakeFiles/app.dir/home/juan/pico-sdk/src/rp2_common/pico_stdio_uart/stdio_uart.c.o
 .text.stdio_uart_set_chars_available_callback
                0x10003984       0x88 CMakeFiles/app.dir/home/juan/pico-sdk/src/rp2_common/pico_stdio_uart/stdio_uart.c.o
 .text.stdio_uart_init
                0x10003a0c       0x54 CMakeFiles/app.dir/home/juan/pico-sdk/src/rp2_common/pico_stdio_uart/stdio_uart.c.o
                0x10003a0c                stdio_uart_init
 .text.resetd_init
                0x10003a60        0x4 CMakeFiles/app.dir/home/juan/pico-sdk/src/rp2_common/pico_stdio_usb/reset_interface.c.o
 .text.resetd_reset
                0x10003a64        0xc CMakeFiles/app.dir/home/juan/pico-sdk/src/rp2_common/pico_stdio_usb/reset_interface.c.o
 .text.resetd_open
                0x10003a70       0x28 CMakeFiles/app.dir/home/juan/pico-sdk/src/rp2_common/pico_stdio_usb/reset_interface.c.o
 .text.resetd_xfer_cb
                0x10003a98        0x4 CMakeFiles/app.dir/home/juan/pico-sdk/src/rp2_common/pico_stdio_usb/reset_interface.c.o
 .text.resetd_control_xfer_cb
                0x10003a9c       0x50 CMakeFiles/app.dir/home/juan/pico-sdk/src/rp2_common/pico_stdio_usb/reset_interface.c.o
 .text.tud_descriptor_bos_cb
                0x10003aec        0x8 CMakeFiles/app.dir/home/juan/pico-sdk/src/rp2_common/pico_stdio_usb/reset_interface.c.o
                0x10003aec                tud_descriptor_bos_cb
 .text.tud_vendor_control_xfer_cb
                0x10003af4       0x28 CMakeFiles/app.dir/home/juan/pico-sdk/src/rp2_common/pico_stdio_usb/reset_interface.c.o
                0x10003af4                tud_vendor_control_xfer_cb
 .text.usbd_app_driver_get_cb
                0x10003b1c       0x10 CMakeFiles/app.dir/home/juan/pico-sdk/src/rp2_common/pico_stdio_usb/reset_interface.c.o
                0x10003b1c                usbd_app_driver_get_cb
 .text.tud_cdc_line_coding_cb
                0x10003b2c       0x18 CMakeFiles/app.dir/home/juan/pico-sdk/src/rp2_common/pico_stdio_usb/reset_interface.c.o
                0x10003b2c                tud_cdc_line_coding_cb
 .text.stdio_usb_set_chars_available_callback
                0x10003b44       0x14 CMakeFiles/app.dir/home/juan/pico-sdk/src/rp2_common/pico_stdio_usb/stdio_usb.c.o
                0x10003b44                stdio_usb_set_chars_available_callback
 .text.timer_task
                0x10003b58       0x70 CMakeFiles/app.dir/home/juan/pico-sdk/src/rp2_common/pico_stdio_usb/stdio_usb.c.o
 .text.usb_irq  0x10003bc8        0xc CMakeFiles/app.dir/home/juan/pico-sdk/src/rp2_common/pico_stdio_usb/stdio_usb.c.o
 .text.stdio_usb_in_chars
                0x10003bd4       0x88 CMakeFiles/app.dir/home/juan/pico-sdk/src/rp2_common/pico_stdio_usb/stdio_usb.c.o
                0x10003bd4                stdio_usb_in_chars
 .text.stdio_usb_out_flush
                0x10003c5c       0x54 CMakeFiles/app.dir/home/juan/pico-sdk/src/rp2_common/pico_stdio_usb/stdio_usb.c.o
 .text.stdio_usb_out_chars
                0x10003cb0       0xf4 CMakeFiles/app.dir/home/juan/pico-sdk/src/rp2_common/pico_stdio_usb/stdio_usb.c.o
 .text.low_priority_worker_irq
                0x10003da4       0xd8 CMakeFiles/app.dir/home/juan/pico-sdk/src/rp2_common/pico_stdio_usb/stdio_usb.c.o
 .text.stdio_usb_init
                0x10003e7c       0xe8 CMakeFiles/app.dir/home/juan/pico-sdk/src/rp2_common/pico_stdio_usb/stdio_usb.c.o
                0x10003e7c                stdio_usb_init
 .text.tud_descriptor_device_cb
                0x10003f64        0x8 CMakeFiles/app.dir/home/juan/pico-sdk/src/rp2_common/pico_stdio_usb/stdio_usb_descriptors.c.o
                0x10003f64                tud_descriptor_device_cb
 .text.tud_descriptor_configuration_cb
                0x10003f6c        0x8 CMakeFiles/app.dir/home/juan/pico-sdk/src/rp2_common/pico_stdio_usb/stdio_usb_descriptors.c.o
                0x10003f6c                tud_descriptor_configuration_cb
 .text.tud_descriptor_string_cb
                0x10003f74       0x70 CMakeFiles/app.dir/home/juan/pico-sdk/src/rp2_common/pico_stdio_usb/stdio_usb_descriptors.c.o
                0x10003f74                tud_descriptor_string_cb
 .text.startup._retrieve_unique_id_on_boot
                0x10003fe4       0x30 CMakeFiles/app.dir/home/juan/pico-sdk/src/rp2_common/pico_unique_id/unique_id.c.o
 .text.pico_get_unique_board_id_string
                0x10004014      0x184 CMakeFiles/app.dir/home/juan/pico-sdk/src/rp2_common/pico_unique_id/unique_id.c.o
                0x10004014                pico_get_unique_board_id_string
 .text.dcd_init
                0x10004198       0x90 CMakeFiles/app.dir/home/juan/pico-sdk/lib/tinyusb/src/portable/raspberrypi/rp2040/dcd_rp2040.c.o
                0x10004198                dcd_init
 .text.dcd_int_enable
                0x10004228        0x8 CMakeFiles/app.dir/home/juan/pico-sdk/lib/tinyusb/src/portable/raspberrypi/rp2040/dcd_rp2040.c.o
                0x10004228                dcd_int_enable
 .text.dcd_set_address
                0x10004230       0x10 CMakeFiles/app.dir/home/juan/pico-sdk/lib/tinyusb/src/portable/raspberrypi/rp2040/dcd_rp2040.c.o
                0x10004230                dcd_set_address
 .text.dcd_sof_enable
                0x10004240       0x1c CMakeFiles/app.dir/home/juan/pico-sdk/lib/tinyusb/src/portable/raspberrypi/rp2040/dcd_rp2040.c.o
                0x10004240                dcd_sof_enable
 .text.dcd_edpt0_status_complete
                0x1000425c       0x1c CMakeFiles/app.dir/home/juan/pico-sdk/lib/tinyusb/src/portable/raspberrypi/rp2040/dcd_rp2040.c.o
                0x1000425c                dcd_edpt0_status_complete
 .text.dcd_edpt_open
                0x10004278      0x108 CMakeFiles/app.dir/home/juan/pico-sdk/lib/tinyusb/src/portable/raspberrypi/rp2040/dcd_rp2040.c.o
                0x10004278                dcd_edpt_open
 .text.dcd_edpt_close_all
                0x10004380        0x4 CMakeFiles/app.dir/home/juan/pico-sdk/lib/tinyusb/src/portable/raspberrypi/rp2040/dcd_rp2040.c.o
                0x10004380                dcd_edpt_close_all
 .text.dcd_edpt_xfer
                0x10004384       0x28 CMakeFiles/app.dir/home/juan/pico-sdk/lib/tinyusb/src/portable/raspberrypi/rp2040/dcd_rp2040.c.o
                0x10004384                dcd_edpt_xfer
 .text.dcd_edpt_stall
                0x100043ac       0x2c CMakeFiles/app.dir/home/juan/pico-sdk/lib/tinyusb/src/portable/raspberrypi/rp2040/dcd_rp2040.c.o
                0x100043ac                dcd_edpt_stall
 .text.dcd_edpt_clear_stall
                0x100043d8       0x2c CMakeFiles/app.dir/home/juan/pico-sdk/lib/tinyusb/src/portable/raspberrypi/rp2040/dcd_rp2040.c.o
                0x100043d8                dcd_edpt_clear_stall
 .text.rp2040_usb_init
                0x10004404       0x40 CMakeFiles/app.dir/home/juan/pico-sdk/lib/tinyusb/src/portable/raspberrypi/rp2040/rp2040_usb.c.o
                0x10004404                rp2040_usb_init
 .text.hw_endpoint_xfer_start
                0x10004444       0x40 CMakeFiles/app.dir/home/juan/pico-sdk/lib/tinyusb/src/portable/raspberrypi/rp2040/rp2040_usb.c.o
                0x10004444                hw_endpoint_xfer_start
 .text.configuration_reset
                0x10004484       0x8c CMakeFiles/app.dir/home/juan/pico-sdk/lib/tinyusb/src/device/usbd.c.o
 .text.tud_event_hook_cb
                0x10004510        0x4 CMakeFiles/app.dir/home/juan/pico-sdk/lib/tinyusb/src/device/usbd.c.o
                0x10004510                tud_event_hook_cb
 .text.tud_sof_cb
                0x10004514        0x4 CMakeFiles/app.dir/home/juan/pico-sdk/lib/tinyusb/src/device/usbd.c.o
                0x10004514                tud_sof_cb
 .text.tud_descriptor_device_qualifier_cb
                0x10004518        0x4 CMakeFiles/app.dir/home/juan/pico-sdk/lib/tinyusb/src/device/usbd.c.o
                0x10004518                tud_descriptor_device_qualifier_cb
 .text.tud_descriptor_other_speed_configuration_cb
                0x1000451c        0x4 CMakeFiles/app.dir/home/juan/pico-sdk/lib/tinyusb/src/device/usbd.c.o
                0x1000451c                tud_descriptor_other_speed_configuration_cb
 .text.tud_mount_cb
                0x10004520        0x4 CMakeFiles/app.dir/home/juan/pico-sdk/lib/tinyusb/src/device/usbd.c.o
                0x10004520                tud_mount_cb
 .text.tud_umount_cb
                0x10004524        0x4 CMakeFiles/app.dir/home/juan/pico-sdk/lib/tinyusb/src/device/usbd.c.o
                0x10004524                tud_umount_cb
 .text.tud_suspend_cb
                0x10004528        0x4 CMakeFiles/app.dir/home/juan/pico-sdk/lib/tinyusb/src/device/usbd.c.o
                0x10004528                tud_suspend_cb
 .text.tud_resume_cb
                0x1000452c        0x4 CMakeFiles/app.dir/home/juan/pico-sdk/lib/tinyusb/src/device/usbd.c.o
                0x1000452c                tud_resume_cb
 .text.tud_mounted
                0x10004530       0x10 CMakeFiles/app.dir/home/juan/pico-sdk/lib/tinyusb/src/device/usbd.c.o
                0x10004530                tud_mounted
 .text.tud_suspended
                0x10004540       0x10 CMakeFiles/app.dir/home/juan/pico-sdk/lib/tinyusb/src/device/usbd.c.o
                0x10004540                tud_suspended
 .text.tud_rhport_init
                0x10004550       0xf8 CMakeFiles/app.dir/home/juan/pico-sdk/lib/tinyusb/src/device/usbd.c.o
                0x10004550                tud_rhport_init
 .text.tud_task_ext
                0x10004648      0x784 CMakeFiles/app.dir/home/juan/pico-sdk/lib/tinyusb/src/device/usbd.c.o
                0x10004648                tud_task_ext
 .text.usbd_open_edpt_pair
                0x10004dcc       0x98 CMakeFiles/app.dir/home/juan/pico-sdk/lib/tinyusb/src/device/usbd.c.o
                0x10004dcc                usbd_open_edpt_pair
 .text.usbd_edpt_open
                0x10004e64       0x44 CMakeFiles/app.dir/home/juan/pico-sdk/lib/tinyusb/src/device/usbd.c.o
                0x10004e64                usbd_edpt_open
 .text.usbd_edpt_claim
                0x10004ea8       0x24 CMakeFiles/app.dir/home/juan/pico-sdk/lib/tinyusb/src/device/usbd.c.o
                0x10004ea8                usbd_edpt_claim
 .text.usbd_edpt_release
                0x10004ecc       0x24 CMakeFiles/app.dir/home/juan/pico-sdk/lib/tinyusb/src/device/usbd.c.o
                0x10004ecc                usbd_edpt_release
 .text.usbd_edpt_xfer
                0x10004ef0       0x70 CMakeFiles/app.dir/home/juan/pico-sdk/lib/tinyusb/src/device/usbd.c.o
                0x10004ef0                usbd_edpt_xfer
 .text.tud_control_status
                0x10004f60       0x34 CMakeFiles/app.dir/home/juan/pico-sdk/lib/tinyusb/src/device/usbd_control.c.o
                0x10004f60                tud_control_status
 .text.tud_control_xfer
                0x10004f94       0xac CMakeFiles/app.dir/home/juan/pico-sdk/lib/tinyusb/src/device/usbd_control.c.o
                0x10004f94                tud_control_xfer
 .text.usbd_control_reset
                0x10005040       0x14 CMakeFiles/app.dir/home/juan/pico-sdk/lib/tinyusb/src/device/usbd_control.c.o
                0x10005040                usbd_control_reset
 .text.usbd_control_set_complete_callback
                0x10005054        0xc CMakeFiles/app.dir/home/juan/pico-sdk/lib/tinyusb/src/device/usbd_control.c.o
                0x10005054                usbd_control_set_complete_callback
 .text.usbd_control_set_request
                0x10005060       0x1c CMakeFiles/app.dir/home/juan/pico-sdk/lib/tinyusb/src/device/usbd_control.c.o
                0x10005060                usbd_control_set_request
 .text.usbd_control_xfer_cb
                0x1000507c       0xfc CMakeFiles/app.dir/home/juan/pico-sdk/lib/tinyusb/src/device/usbd_control.c.o
                0x1000507c                usbd_control_xfer_cb
 .text._prep_out_transaction.isra.0
                0x10005178       0x74 CMakeFiles/app.dir/home/juan/pico-sdk/lib/tinyusb/src/class/cdc/cdc_device.c.o
 .text.tud_cdc_n_connected
                0x100051ec       0x2c CMakeFiles/app.dir/home/juan/pico-sdk/lib/tinyusb/src/class/cdc/cdc_device.c.o
                0x100051ec                tud_cdc_n_connected
 .text.tud_cdc_n_available
                0x10005218       0x18 CMakeFiles/app.dir/home/juan/pico-sdk/lib/tinyusb/src/class/cdc/cdc_device.c.o
                0x10005218                tud_cdc_n_available
 .text.tud_cdc_n_read
                0x10005230       0x8c CMakeFiles/app.dir/home/juan/pico-sdk/lib/tinyusb/src/class/cdc/cdc_device.c.o
                0x10005230                tud_cdc_n_read
 .text.tud_cdc_n_write_flush
                0x100052bc       0x8c CMakeFiles/app.dir/home/juan/pico-sdk/lib/tinyusb/src/class/cdc/cdc_device.c.o
                0x100052bc                tud_cdc_n_write_flush
 .text.tud_cdc_n_write
                0x10005348       0x44 CMakeFiles/app.dir/home/juan/pico-sdk/lib/tinyusb/src/class/cdc/cdc_device.c.o
                0x10005348                tud_cdc_n_write
 .text.tud_cdc_n_write_available
                0x1000538c       0x18 CMakeFiles/app.dir/home/juan/pico-sdk/lib/tinyusb/src/class/cdc/cdc_device.c.o
                0x1000538c                tud_cdc_n_write_available
 .text.cdcd_init
                0x100053a4       0x74 CMakeFiles/app.dir/home/juan/pico-sdk/lib/tinyusb/src/class/cdc/cdc_device.c.o
                0x100053a4                cdcd_init
 .text.cdcd_deinit
                0x10005418       0x2c CMakeFiles/app.dir/home/juan/pico-sdk/lib/tinyusb/src/class/cdc/cdc_device.c.o
                0x10005418                cdcd_deinit
 .text.cdcd_reset
                0x10005444       0x48 CMakeFiles/app.dir/home/juan/pico-sdk/lib/tinyusb/src/class/cdc/cdc_device.c.o
                0x10005444                cdcd_reset
 .text.cdcd_open
                0x1000548c       0xbc CMakeFiles/app.dir/home/juan/pico-sdk/lib/tinyusb/src/class/cdc/cdc_device.c.o
                0x1000548c                cdcd_open
 .text.cdcd_control_xfer_cb
                0x10005548       0xc8 CMakeFiles/app.dir/home/juan/pico-sdk/lib/tinyusb/src/class/cdc/cdc_device.c.o
                0x10005548                cdcd_control_xfer_cb
 .text.cdcd_xfer_cb
                0x10005610      0x100 CMakeFiles/app.dir/home/juan/pico-sdk/lib/tinyusb/src/class/cdc/cdc_device.c.o
                0x10005610                cdcd_xfer_cb
 .text.vendord_init
                0x10005710       0x5c CMakeFiles/app.dir/home/juan/pico-sdk/lib/tinyusb/src/class/vendor/vendor_device.c.o
                0x10005710                vendord_init
 .text.vendord_deinit
                0x1000576c       0x1c CMakeFiles/app.dir/home/juan/pico-sdk/lib/tinyusb/src/class/vendor/vendor_device.c.o
                0x1000576c                vendord_deinit
 .text.vendord_reset
                0x10005788       0x24 CMakeFiles/app.dir/home/juan/pico-sdk/lib/tinyusb/src/class/vendor/vendor_device.c.o
                0x10005788                vendord_reset
 .text.vendord_open
                0x100057ac      0x104 CMakeFiles/app.dir/home/juan/pico-sdk/lib/tinyusb/src/class/vendor/vendor_device.c.o
                0x100057ac                vendord_open
 .text.vendord_xfer_cb
                0x100058b0       0x88 CMakeFiles/app.dir/home/juan/pico-sdk/lib/tinyusb/src/class/vendor/vendor_device.c.o
                0x100058b0                vendord_xfer_cb
 .text.tusb_rhport_init
                0x10005938       0x60 CMakeFiles/app.dir/home/juan/pico-sdk/lib/tinyusb/src/tusb.c.o
                0x10005938                tusb_rhport_init
 .text.tu_edpt_claim
                0x10005998       0x54 CMakeFiles/app.dir/home/juan/pico-sdk/lib/tinyusb/src/tusb.c.o
                0x10005998                tu_edpt_claim
 .text.tu_edpt_release
                0x100059ec       0x38 CMakeFiles/app.dir/home/juan/pico-sdk/lib/tinyusb/src/tusb.c.o
                0x100059ec                tu_edpt_release
 .text.tu_edpt_validate
                0x10005a24       0xa0 CMakeFiles/app.dir/home/juan/pico-sdk/lib/tinyusb/src/tusb.c.o
                0x10005a24                tu_edpt_validate
 .text.tu_edpt_bind_driver
                0x10005ac4       0x58 CMakeFiles/app.dir/home/juan/pico-sdk/lib/tinyusb/src/tusb.c.o
                0x10005ac4                tu_edpt_bind_driver
 .text.tu_edpt_stream_init
                0x10005b1c       0x58 CMakeFiles/app.dir/home/juan/pico-sdk/lib/tinyusb/src/tusb.c.o
                0x10005b1c                tu_edpt_stream_init
 .text.tu_edpt_stream_deinit
                0x10005b74        0x4 CMakeFiles/app.dir/home/juan/pico-sdk/lib/tinyusb/src/tusb.c.o
                0x10005b74                tu_edpt_stream_deinit
 .text.tu_edpt_stream_write_zlp_if_needed
                0x10005b78       0x68 CMakeFiles/app.dir/home/juan/pico-sdk/lib/tinyusb/src/tusb.c.o
                0x10005b78                tu_edpt_stream_write_zlp_if_needed
 .text.tu_edpt_stream_write_xfer
                0x10005be0       0x70 CMakeFiles/app.dir/home/juan/pico-sdk/lib/tinyusb/src/tusb.c.o
                0x10005be0                tu_edpt_stream_write_xfer
 .text.tu_edpt_stream_read_xfer
                0x10005c50       0xd0 CMakeFiles/app.dir/home/juan/pico-sdk/lib/tinyusb/src/tusb.c.o
                0x10005c50                tu_edpt_stream_read_xfer
 .text.tu_fifo_config
                0x10005d20       0x60 CMakeFiles/app.dir/home/juan/pico-sdk/lib/tinyusb/src/common/tusb_fifo.c.o
                0x10005d20                tu_fifo_config
 .text.tu_fifo_count
                0x10005d80       0x20 CMakeFiles/app.dir/home/juan/pico-sdk/lib/tinyusb/src/common/tusb_fifo.c.o
                0x10005d80                tu_fifo_count
 .text.tu_fifo_empty
                0x10005da0       0x14 CMakeFiles/app.dir/home/juan/pico-sdk/lib/tinyusb/src/common/tusb_fifo.c.o
                0x10005da0                tu_fifo_empty
 .text.tu_fifo_remaining
                0x10005db4       0x24 CMakeFiles/app.dir/home/juan/pico-sdk/lib/tinyusb/src/common/tusb_fifo.c.o
                0x10005db4                tu_fifo_remaining
 .text.tu_fifo_read
                0x10005dd8       0x94 CMakeFiles/app.dir/home/juan/pico-sdk/lib/tinyusb/src/common/tusb_fifo.c.o
                0x10005dd8                tu_fifo_read
 .text.tu_fifo_read_n
                0x10005e6c       0xd8 CMakeFiles/app.dir/home/juan/pico-sdk/lib/tinyusb/src/common/tusb_fifo.c.o
                0x10005e6c                tu_fifo_read_n
 .text.tu_fifo_write
                0x10005f44       0xa0 CMakeFiles/app.dir/home/juan/pico-sdk/lib/tinyusb/src/common/tusb_fifo.c.o
                0x10005f44                tu_fifo_write
 .text.tu_fifo_write_n
                0x10005fe4      0x158 CMakeFiles/app.dir/home/juan/pico-sdk/lib/tinyusb/src/common/tusb_fifo.c.o
                0x10005fe4                tu_fifo_write_n
 .text.tu_fifo_clear
                0x1000613c       0x38 CMakeFiles/app.dir/home/juan/pico-sdk/lib/tinyusb/src/common/tusb_fifo.c.o
                0x1000613c                tu_fifo_clear
 .text.tu_fifo_set_overwritable
                0x10006174       0x44 CMakeFiles/app.dir/home/juan/pico-sdk/lib/tinyusb/src/common/tusb_fifo.c.o
                0x10006174                tu_fifo_set_overwritable
 .text.adc_init
                0x100061b8       0x30 CMakeFiles/app.dir/home/juan/pico-sdk/src/rp2_common/hardware_adc/adc.c.o
                0x100061b8                adc_init
 .text          0x100061e8     0x11a8 ../lib/liblib.a(queue.c.o)
                0x100061e8                xQueueGenericReset
                0x1000625c                xQueueGenericCreate
                0x100062dc                xQueueGenericSend
                0x100065d0                xQueueGenericSendFromISR
                0x100066d8                xQueueGiveFromISR
                0x10006730                xQueueReceive
                0x100069b8                xQueueSemaphoreTake
                0x10006c24                xQueuePeek
                0x10006ea8                xQueueReceiveFromISR
                0x10006f2c                xQueuePeekFromISR
                0x10006f74                uxQueueMessagesWaiting
                0x10006f88                uxQueueSpacesAvailable
                0x10006fa0                uxQueueMessagesWaitingFromISR
                0x10006fa4                vQueueDelete
                0x1000702c                uxQueueGetQueueNumber
                0x10007030                vQueueSetQueueNumber
                0x10007034                ucQueueGetQueueType
                0x1000703c                uxQueueGetQueueItemSize
                0x10007040                xQueueIsQueueEmptyFromISR
                0x1000704c                xQueueIsQueueFullFromISR
                0x1000705c                vQueueAddToRegistry
                0x100071dc                pcQueueGetName
                0x10007250                vQueueUnregisterQueue
                0x100072c8                vQueueWaitForMessageRestricted
 .text          0x10007390     0x1da0 ../lib/liblib.a(tasks.c.o)
                0x100076bc                xTaskCreate
                0x100078bc                vTaskDelete
                0x10007960                eTaskGetState
                0x100079ec                uxTaskPriorityGet
                0x10007a14                uxTaskPriorityGetFromISR
                0x10007a3c                vTaskPrioritySet
                0x10007b0c                vTaskSuspend
                0x10007bdc                vTaskResume
                0x10007c68                xTaskResumeFromISR
                0x10007d08                vTaskStartScheduler
                0x10007eb0                vTaskEndScheduler
                0x10007ec4                vTaskSuspendAll
                0x10007ed8                xTaskResumeAll
                0x10008014                xTaskDelayUntil
                0x100080a8                vTaskDelay
                0x10008218                xTaskGetTickCount
                0x10008224                xTaskGetTickCountFromISR
                0x10008230                uxTaskGetNumberOfTasks
                0x1000823c                pcTaskGetName
                0x10008250                uxTaskGetSystemState
                0x10008418                xTaskCatchUpTicks
                0x10008448                xTaskIncrementTick
                0x10008468                vTaskSwitchContext
                0x10008480                vTaskPlaceOnEventList
                0x10008518                vTaskPlaceOnUnorderedEventList
                0x100085e0                vTaskPlaceOnEventListRestricted
                0x100086b4                xTaskRemoveFromEventList
                0x10008778                vTaskRemoveFromUnorderedEventList
                0x10008810                vTaskSetTimeOutState
                0x10008834                vTaskInternalSetTimeOutState
                0x10008848                xTaskCheckForTimeOut
                0x100088a4                vTaskMissedYield
                0x100088b4                uxTaskGetTaskNumber
                0x100088bc                vTaskSetTaskNumber
                0x100088c4                vTaskSetThreadLocalStoragePointer
                0x100088e0                pvTaskGetThreadLocalStoragePointer
                0x10008904                vTaskGetInfo
                0x10008a2c                xTaskGetCurrentTaskHandle
                0x10008a38                xTaskGetSchedulerState
                0x10008a58                vTaskList
                0x10008b34                vTaskGetRunTimeStats
                0x10008c18                uxTaskResetEventItemValue
                0x10008c38                ulTaskGenericNotifyTake
                0x10008cc0                xTaskGenericNotifyWait
                0x10008d64                xTaskGenericNotify
                0x10008e50                xTaskGenericNotifyFromISR
                0x10008f74                vTaskGenericNotifyGiveFromISR
                0x10009050                xTaskGenericNotifyStateClear
                0x10009084                ulTaskGenericNotifyValueClear
                0x100090b4                ulTaskGetRunTimeCounter
                0x100090b8                ulTaskGetRunTimePercent
                0x100090e8                ulTaskGetIdleRunTimeCounter
                0x100090f8                ulTaskGetIdleRunTimePercent
 .text          0x10009130      0x4fc ../lib/liblib.a(timers.c.o)
                0x10009408                xTimerCreateTimerTask
                0x1000947c                xTimerCreate
                0x10009514                xTimerGenericCommand
                0x1000956c                xTimerGetTimerDaemonTaskHandle
                0x10009578                xTimerGetPeriod
                0x1000957c                vTimerSetReloadMode
                0x100095ac                xTimerGetReloadMode
                0x100095c4                uxTimerGetReloadMode
                0x100095dc                xTimerGetExpiryTime
                0x100095e0                pcTimerGetName
                0x100095e4                xTimerIsTimerActive
                0x100095fc                pvTimerGetTimerID
                0x10009610                vTimerSetTimerID
                0x10009624                uxTimerGetTimerNumber
                0x10009628                vTimerSetTimerNumber
 .text          0x1000962c       0x34 ../lib/liblib.a(heap_3.c.o)
                0x1000962c                pvPortMalloc
                0x10009644                vPortFree
 .text          0x10009660      0x188 ../lib/liblib.a(port.c.o)
                0x100096a4                pxPortInitialiseStack
                0x100096c4                isr_svcall
                0x100096c8                vPortEndScheduler
                0x100096cc                vPortYield
                0x100096e4                vPortEnterCritical
                0x100096fc                vPortExitCritical
                0x10009710                ulSetInterruptMaskFromISR
                0x10009718                vClearInterruptMaskFromISR
                0x10009720                isr_pendsv
                0x10009764                isr_systick
                0x10009788                vPortSetupTimerInterrupt
                0x100097a0                xPortStartScheduler
 .text          0x100097e8       0x94 ../lib/liblib.a(list.c.o)
                0x100097e8                vListInitialise
                0x10009800                vListInitialiseItem
                0x10009808                vListInsertEnd
                0x10009824                vListInsert
                0x10009854                uxListRemove
 .text          0x1000987c       0xa4 /usr/lib/gcc/arm-none-eabi/13.2.1/../../../arm-none-eabi/lib/thumb/v8-m.main+fp/softfp/libg.a(libc_a-memset.o)
                0x1000987c                memset
 .text          0x10009920       0x48 /usr/lib/gcc/arm-none-eabi/13.2.1/../../../arm-none-eabi/lib/thumb/v8-m.main+fp/softfp/libg.a(libc_a-stpcpy.o)
                0x10009920                stpcpy
 .text          0x10009968        0xc /usr/lib/gcc/arm-none-eabi/13.2.1/../../../arm-none-eabi/lib/thumb/v8-m.main+fp/softfp/libg.a(libc_a-errno.o)
                0x10009968                __errno
 .text          0x10009974      0x548 /usr/lib/gcc/arm-none-eabi/13.2.1/../../../arm-none-eabi/lib/thumb/v8-m.main+fp/softfp/libg.a(libc_a-mallocr.o)
                0x10009974                _malloc_r
 .text          0x10009ebc      0x2b0 /usr/lib/gcc/arm-none-eabi/13.2.1/../../../arm-none-eabi/lib/thumb/v8-m.main+fp/softfp/libg.a(libc_a-freer.o)
                0x10009ebc                _malloc_trim_r
                0x10009f74                _free_r
 .text          0x1000a16c       0x20 /usr/lib/gcc/arm-none-eabi/13.2.1/../../../arm-none-eabi/lib/thumb/v8-m.main+fp/softfp/libg.a(libc_a-malloc.o)
                0x1000a16c                malloc
                0x1000a17c                free
 .text          0x1000a18c       0xec /usr/lib/gcc/arm-none-eabi/13.2.1/../../../arm-none-eabi/lib/thumb/v8-m.main+fp/softfp/libg.a(libc_a-memcpy.o)
                0x1000a18c                memcpy
 .text          0x1000a278       0x1c /usr/lib/gcc/arm-none-eabi/13.2.1/../../../arm-none-eabi/lib/thumb/v8-m.main+fp/softfp/libg.a(libc_a-sysconf.o)
                0x1000a278                sysconf
 .text          0x1000a294        0x8 /usr/lib/gcc/arm-none-eabi/13.2.1/../../../arm-none-eabi/lib/thumb/v8-m.main+fp/softfp/libg.a(libc_a-mlock.o)
                0x1000a294                __malloc_lock
                0x1000a298                __malloc_unlock
 .text          0x1000a29c        0xc /usr/lib/gcc/arm-none-eabi/13.2.1/../../../arm-none-eabi/lib/thumb/v8-m.main+fp/softfp/libg.a(libc_a-atexit.o)
                0x1000a29c                atexit
 .text          0x1000a2a8       0x5c /usr/lib/gcc/arm-none-eabi/13.2.1/../../../arm-none-eabi/lib/thumb/v8-m.main+fp/softfp/libg.a(libc_a-strlen-stub.o)
                0x1000a2a8                strlen
 .text          0x1000a304       0x24 /usr/lib/gcc/arm-none-eabi/13.2.1/../../../arm-none-eabi/lib/thumb/v8-m.main+fp/softfp/libg.a(libc_a-sbrkr.o)
                0x1000a304                _sbrk_r
 .text          0x1000a328       0x28 /usr/lib/gcc/arm-none-eabi/13.2.1/../../../arm-none-eabi/lib/thumb/v8-m.main+fp/softfp/libg.a(libc_a-fini.o)
                0x1000a328                __libc_fini_array
 .text          0x1000a350       0x64 /usr/lib/gcc/arm-none-eabi/13.2.1/../../../arm-none-eabi/lib/thumb/v8-m.main+fp/softfp/libg.a(libc_a-__atexit.o)
                0x1000a350                __register_exitproc
 .text.startup  0x1000a3b4       0x14 /usr/lib/gcc/arm-none-eabi/13.2.1/../../../arm-none-eabi/lib/thumb/v8-m.main+fp/softfp/libg.a(libc_a-__call_atexit.o)
 *(.fini)
 .fini          0x1000a3c8        0x4 /usr/lib/gcc/arm-none-eabi/13.2.1/thumb/v8-m.main+fp/softfp/crti.o
                0x1000a3c8                _fini
 *fill*         0x1000a3cc        0x4 
 .fini.__stub   0x1000a3d0       0x50 linker stubs
 *crtbegin.o(.ctors)
 *crtbegin?.o(.ctors)
 *(EXCLUDE_FILE(*crtend.o *crtend?.o) .ctors)
 *(SORT_BY_NAME(.ctors.*))
 *(.ctors)
 *crtbegin.o(.dtors)
 *crtbegin?.o(.dtors)
 *(EXCLUDE_FILE(*crtend.o *crtend?.o) .dtors)
 *(SORT_BY_NAME(.dtors.*))
 *(.dtors)
                0x1000a420                        . = ALIGN (0x4)
                0x1000a420                        PROVIDE (__preinit_array_start = .)
 *(SORT_BY_NAME(.preinit_array.*))
 .preinit_array.00050
                0x1000a420        0x4 CMakeFiles/app.dir/home/juan/pico-sdk/src/rp2_common/pico_runtime_init/runtime_init.c.o
                0x1000a420                __pre_init_runtime_init_bootrom_reset
 .preinit_array.00100
                0x1000a424        0x4 CMakeFiles/app.dir/home/juan/pico-sdk/src/rp2_common/pico_runtime_init/runtime_init.c.o
                0x1000a424                __pre_init_runtime_init_early_resets
 .preinit_array.00101
                0x1000a428        0x4 CMakeFiles/app.dir/home/juan/pico-sdk/src/rp2_common/pico_runtime_init/runtime_init.c.o
                0x1000a428                __pre_init_runtime_init_usb_power_down
 .preinit_array.00500
                0x1000a42c        0x4 CMakeFiles/app.dir/home/juan/pico-sdk/src/rp2_common/pico_runtime_init/runtime_init.c.o
                0x1000a42c                __pre_init_runtime_init_clocks
 .preinit_array.00600
                0x1000a430        0x4 CMakeFiles/app.dir/home/juan/pico-sdk/src/rp2_common/pico_runtime_init/runtime_init.c.o
                0x1000a430                __pre_init_runtime_init_post_clock_resets
 .preinit_array.01000
                0x1000a434        0x4 CMakeFiles/app.dir/home/juan/pico-sdk/src/rp2_common/hardware_boot_lock/boot_lock.c.o
                0x1000a434                __pre_init_runtime_init_boot_locks_reset
 .preinit_array.01000
                0x1000a438        0x4 CMakeFiles/app.dir/home/juan/pico-sdk/src/rp2_common/pico_runtime_init/runtime_init.c.o
                0x1000a438                __pre_init_runtime_init_spin_locks_reset
 .preinit_array.01010
                0x1000a43c        0x4 CMakeFiles/app.dir/home/juan/pico-sdk/src/rp2_common/pico_bootrom/bootrom_lock.c.o
                0x1000a43c                __pre_init_runtime_init_bootrom_locking_enable
 .preinit_array.01100
                0x1000a440        0x4 CMakeFiles/app.dir/home/juan/pico-sdk/src/common/pico_sync/mutex.c.o
                0x1000a440                __pre_init_runtime_init_mutex
 .preinit_array.10080
                0x1000a444        0x4 CMakeFiles/app.dir/home/juan/pico-sdk/src/rp2_common/pico_runtime_init/runtime_init.c.o
                0x1000a444                __pre_init_runtime_init_install_ram_vector_table
 .preinit_array.11000
                0x1000a448        0x4 CMakeFiles/app.dir/home/juan/pico-sdk/src/common/pico_time/time.c.o
                0x1000a448                __pre_init_runtime_init_default_alarm_pool
 .preinit_array.YYYYY
                0x1000a44c        0x4 CMakeFiles/app.dir/home/juan/pico-sdk/src/rp2_common/pico_runtime/runtime.c.o
                0x1000a44c                __pre_init_first_per_core_initializer
 .preinit_array.ZZZZZ.00051
                0x1000a450        0x4 CMakeFiles/app.dir/home/juan/pico-sdk/src/rp2_common/pico_runtime_init/runtime_init.c.o
                0x1000a450                __pre_init_runtime_init_per_core_bootrom_reset
 .preinit_array.ZZZZZ.00200
                0x1000a454        0x4 CMakeFiles/app.dir/home/juan/pico-sdk/src/rp2_common/pico_runtime_init/runtime_init.c.o
                0x1000a454                __pre_init_runtime_init_per_core_enable_coprocessors
 .preinit_array.ZZZZZ.01000
                0x1000a458        0x4 CMakeFiles/app.dir/home/juan/pico-sdk/src/rp2_common/hardware_sync_spin_lock/sync_spin_lock.c.o
                0x1000a458                __pre_init_spinlock_set_extexclall
 .preinit_array.ZZZZZ.01200
                0x1000a45c        0x4 CMakeFiles/app.dir/home/juan/pico-sdk/src/rp2_common/hardware_irq/irq.c.o
                0x1000a45c                __pre_init_runtime_init_per_core_irq_priorities
 *(.preinit_array)
                0x1000a460                        PROVIDE (__preinit_array_end = .)
                0x1000a460                        . = ALIGN (0x4)
                0x1000a460                        PROVIDE (__init_array_start = .)
 *(SORT_BY_NAME(.init_array.*))
 .init_array.00000
                0x1000a460        0x4 /usr/lib/gcc/arm-none-eabi/13.2.1/../../../arm-none-eabi/lib/thumb/v8-m.main+fp/softfp/libg.a(libc_a-__call_atexit.o)
 *(.init_array)
 .init_array    0x1000a464        0x4 /usr/lib/gcc/arm-none-eabi/13.2.1/thumb/v8-m.main+fp/softfp/crtbegin.o
 .init_array    0x1000a468        0x4 CMakeFiles/app.dir/home/juan/pico-sdk/src/rp2_common/pico_unique_id/unique_id.c.o
                0x1000a46c                        PROVIDE (__init_array_end = .)
                0x1000a46c                        . = ALIGN (0x4)
                0x1000a46c                        PROVIDE (__fini_array_start = .)
 *(SORT_BY_NAME(.fini_array.*))
 *(.fini_array)
                0x1000a46c                        PROVIDE (__fini_array_end = .)
 *(.eh_frame*)
 .eh_frame      0x1000a46c        0x0 /usr/lib/gcc/arm-none-eabi/13.2.1/thumb/v8-m.main+fp/softfp/crtbegin.o
                0x1000a46c                        . = ALIGN (0x4)

.glue_7         0x1000a46c        0x0
 .glue_7        0x1000a46c        0x0 linker stubs

.glue_7t        0x1000a46c        0x0
 .glue_7t       0x1000a46c        0x0 linker stubs

.vfp11_veneer   0x1000a46c        0x0
 .vfp11_veneer  0x1000a46c        0x0 linker stubs

.v4_bx          0x1000a46c        0x0
 .v4_bx         0x1000a46c        0x0 linker stubs

.iplt           0x1000a46c        0x0
 .iplt          0x1000a46c        0x0 /usr/lib/gcc/arm-none-eabi/13.2.1/thumb/v8-m.main+fp/softfp/crtbegin.o

.boot2          0x1000a46c        0x0
                0x1000a46c                        __boot2_start__ = .
 *(.boot2)
                0x1000a46c                        __boot2_end__ = .
                0x00000001                        ASSERT (((__boot2_end__ - __boot2_start__) <= 0x100), ERROR: Pico second stage bootloader must be no more than 256 bytes in size)

.rodata         0x1000a470      0x4b4
 *(EXCLUDE_FILE(*libm.a: *libc.a:*lib_a-mem*.o *libgcc.a:) .rodata*)
 .rodata.ADC_Read_Task.str1.4
                0x1000a470      0x21c CMakeFiles/app.dir/main.c.o
                                  0xf (size before relaxing)
 .rodata.main.str1.4
                0x1000a68c       0x26 CMakeFiles/app.dir/main.c.o
 .rodata.str1.4
                0x1000a68c        0x6 CMakeFiles/app.dir/main.c.o
 .rodata        0x1000a68c       0x10 CMakeFiles/app.dir/main.c.o
 .rodata.panic.str1.4
                0x1000a69c       0x12 CMakeFiles/app.dir/home/juan/pico-sdk/src/rp2_common/pico_platform_panic/panic.c.o
 .rodata.spin_lock_claim_unused.str1.4
                0x1000a69c       0x1b CMakeFiles/app.dir/home/juan/pico-sdk/src/rp2_common/hardware_sync/sync.c.o
 .rodata.user_irq_claim_unused.str1.4
                0x1000a69c       0x1b CMakeFiles/app.dir/home/juan/pico-sdk/src/rp2_common/hardware_irq/irq.c.o
 .rodata.timer_hardware_alarm_claim.str1.4
                0x1000a69c       0x22 CMakeFiles/app.dir/home/juan/pico-sdk/src/rp2_common/hardware_timer/timer.c.o
 .rodata.hard_assertion_failure.str1.4
                0x1000a69c        0xc CMakeFiles/app.dir/home/juan/pico-sdk/src/rp2_common/pico_runtime/runtime.c.o
 .rodata.__wrap_malloc.str1.4
                0x1000a69c        0xe CMakeFiles/app.dir/home/juan/pico-sdk/src/rp2_common/pico_malloc/malloc.c.o
 .rodata.str1.4
                0x1000a69c       0x38 CMakeFiles/app.dir/home/juan/pico-sdk/src/rp2_common/pico_standard_binary_info/standard_binary_info.c.o
 .rodata.__bi_84
                0x1000a69c        0xc CMakeFiles/app.dir/home/juan/pico-sdk/src/rp2_common/pico_standard_binary_info/standard_binary_info.c.o
 .rodata.__bi_78
                0x1000a6a8        0xc CMakeFiles/app.dir/home/juan/pico-sdk/src/rp2_common/pico_standard_binary_info/standard_binary_info.c.o
 .rodata.__bi_54
                0x1000a6b4        0xc CMakeFiles/app.dir/home/juan/pico-sdk/src/rp2_common/pico_standard_binary_info/standard_binary_info.c.o
 .rodata.__bi_48
                0x1000a6c0        0xc CMakeFiles/app.dir/home/juan/pico-sdk/src/rp2_common/pico_standard_binary_info/standard_binary_info.c.o
 .rodata.__bi_42
                0x1000a6cc        0xc CMakeFiles/app.dir/home/juan/pico-sdk/src/rp2_common/pico_standard_binary_info/standard_binary_info.c.o
 .rodata.__bi_34
                0x1000a6d8        0xc CMakeFiles/app.dir/home/juan/pico-sdk/src/rp2_common/pico_standard_binary_info/standard_binary_info.c.o
 .rodata.__bi_26
                0x1000a6e4        0xc CMakeFiles/app.dir/home/juan/pico-sdk/src/rp2_common/pico_standard_binary_info/standard_binary_info.c.o
 .rodata._ftoa.str1.4
                0x1000a6f0       0x15 CMakeFiles/app.dir/home/juan/pico-sdk/src/rp2_common/pico_printf/printf.c.o
 .rodata.pow10.0
                0x1000a6f0       0x50 CMakeFiles/app.dir/home/juan/pico-sdk/src/rp2_common/pico_printf/printf.c.o
 .rodata.crlf_str.0
                0x1000a740        0x2 CMakeFiles/app.dir/home/juan/pico-sdk/src/rp2_common/pico_stdio/stdio.c.o
 .rodata.str1.4
                0x1000a742       0x2c CMakeFiles/app.dir/home/juan/pico-sdk/src/rp2_common/pico_stdio_uart/stdio_uart.c.o
 *fill*         0x1000a742        0x2 
 .rodata.__bi_45.4
                0x1000a744        0xc CMakeFiles/app.dir/home/juan/pico-sdk/src/rp2_common/pico_stdio_uart/stdio_uart.c.o
 .rodata.__bi_49.5
                0x1000a750        0x8 CMakeFiles/app.dir/home/juan/pico-sdk/src/rp2_common/pico_stdio_uart/stdio_uart.c.o
 .rodata.__bi_50.6
                0x1000a758        0x8 CMakeFiles/app.dir/home/juan/pico-sdk/src/rp2_common/pico_stdio_uart/stdio_uart.c.o
 .rodata._resetd_driver
                0x1000a760       0x20 CMakeFiles/app.dir/home/juan/pico-sdk/src/rp2_common/pico_stdio_usb/reset_interface.c.o
 .rodata.desc_ms_os_20
                0x1000a780       0xa6 CMakeFiles/app.dir/home/juan/pico-sdk/src/rp2_common/pico_stdio_usb/reset_interface.c.o
 *fill*         0x1000a826        0x2 
 .rodata.desc_bos
                0x1000a828       0x21 CMakeFiles/app.dir/home/juan/pico-sdk/src/rp2_common/pico_stdio_usb/reset_interface.c.o
                0x1000a828                desc_bos
 .rodata.str1.4
                0x1000a849       0x13 CMakeFiles/app.dir/home/juan/pico-sdk/src/rp2_common/pico_stdio_usb/stdio_usb.c.o
 *fill*         0x1000a849        0x3 
 .rodata.__bi_197.0
                0x1000a84c        0xc CMakeFiles/app.dir/home/juan/pico-sdk/src/rp2_common/pico_stdio_usb/stdio_usb.c.o
 .rodata.str1.4
                0x1000a858       0x2a CMakeFiles/app.dir/home/juan/pico-sdk/src/rp2_common/pico_stdio_usb/stdio_usb_descriptors.c.o
 .rodata.usbd_desc_str
                0x1000a858       0x18 CMakeFiles/app.dir/home/juan/pico-sdk/src/rp2_common/pico_stdio_usb/stdio_usb_descriptors.c.o
 .rodata.usbd_desc_cfg
                0x1000a870       0x54 CMakeFiles/app.dir/home/juan/pico-sdk/src/rp2_common/pico_stdio_usb/stdio_usb_descriptors.c.o
 .rodata.usbd_desc_device
                0x1000a8c4       0x12 CMakeFiles/app.dir/home/juan/pico-sdk/src/rp2_common/pico_stdio_usb/stdio_usb_descriptors.c.o
 .rodata.str1.4
                0x1000a8d6       0x14 CMakeFiles/app.dir/home/juan/pico-sdk/lib/tinyusb/src/portable/raspberrypi/rp2040/dcd_rp2040.c.o
 .rodata.str1.4
                0x1000a8d6       0x48 CMakeFiles/app.dir/home/juan/pico-sdk/lib/tinyusb/src/portable/raspberrypi/rp2040/rp2040_usb.c.o
 *fill*         0x1000a8d6        0x2 
 .rodata._usbd_driver
                0x1000a8d8       0x40 CMakeFiles/app.dir/home/juan/pico-sdk/lib/tinyusb/src/device/usbd.c.o
 .rodata.str1.4
                0x1000a918       0x28 ../lib/liblib.a(tasks.c.o)
 .rodata        0x1000a918        0x9 ../lib/liblib.a(tasks.c.o)
                0x1000a918                uxTopUsedPriority
 .rodata.str1.4
                0x1000a921       0x10 ../lib/liblib.a(timers.c.o)
 *(.srodata*)
                0x1000a940                        . = ALIGN (0x4)
 *fill*         0x1000a921        0x3 
 *(SORT_BY_ALIGNMENT(SORT_BY_NAME(.flashdata*)))
                0x1000a924                        . = ALIGN (0x4)

.ARM.extab
 *(.ARM.extab* .gnu.linkonce.armextab.*)
                0x1000a924                        __exidx_start = .

.ARM.exidx      0x1000a924        0x8
 *(.ARM.exidx* .gnu.linkonce.armexidx.*)
 .ARM.exidx     0x1000a924        0x8 /usr/lib/gcc/arm-none-eabi/13.2.1/../../../arm-none-eabi/lib/thumb/v8-m.main+fp/softfp/libg.a(libc_a-memcpy.o)
 .ARM.exidx     0x1000a92c        0x0 /usr/lib/gcc/arm-none-eabi/13.2.1/thumb/v8-m.main+fp/softfp/libgcc.a(_udivmoddi4.o)
                                  0x8 (size before relaxing)
                0x1000a92c                        __exidx_end = .
                0x1000a92c                        . = ALIGN (0x4)
                0x1000a92c                        __binary_info_start = .

.binary_info    0x1000a92c       0x2c
 *(.binary_info.keep.*)
 .binary_info.keep.__bi_ptr84
                0x1000a92c        0x4 CMakeFiles/app.dir/home/juan/pico-sdk/src/rp2_common/pico_standard_binary_info/standard_binary_info.c.o
 .binary_info.keep.__bi_ptr78
                0x1000a930        0x4 CMakeFiles/app.dir/home/juan/pico-sdk/src/rp2_common/pico_standard_binary_info/standard_binary_info.c.o
 .binary_info.keep.__bi_ptr54
                0x1000a934        0x4 CMakeFiles/app.dir/home/juan/pico-sdk/src/rp2_common/pico_standard_binary_info/standard_binary_info.c.o
 .binary_info.keep.__bi_ptr48
                0x1000a938        0x4 CMakeFiles/app.dir/home/juan/pico-sdk/src/rp2_common/pico_standard_binary_info/standard_binary_info.c.o
 .binary_info.keep.__bi_ptr42
                0x1000a93c        0x4 CMakeFiles/app.dir/home/juan/pico-sdk/src/rp2_common/pico_standard_binary_info/standard_binary_info.c.o
 .binary_info.keep.__bi_ptr34
                0x1000a940        0x4 CMakeFiles/app.dir/home/juan/pico-sdk/src/rp2_common/pico_standard_binary_info/standard_binary_info.c.o
 .binary_info.keep.__bi_ptr26
                0x1000a944        0x4 CMakeFiles/app.dir/home/juan/pico-sdk/src/rp2_common/pico_standard_binary_info/standard_binary_info.c.o
 *(.binary_info.*)
 .binary_info.__bi_ptr50
                0x1000a948        0x4 CMakeFiles/app.dir/home/juan/pico-sdk/src/rp2_common/pico_stdio_uart/stdio_uart.c.o
 .binary_info.__bi_ptr49
                0x1000a94c        0x4 CMakeFiles/app.dir/home/juan/pico-sdk/src/rp2_common/pico_stdio_uart/stdio_uart.c.o
 .binary_info.__bi_ptr45
                0x1000a950        0x4 CMakeFiles/app.dir/home/juan/pico-sdk/src/rp2_common/pico_stdio_uart/stdio_uart.c.o
 .binary_info.__bi_ptr197
                0x1000a954        0x4 CMakeFiles/app.dir/home/juan/pico-sdk/src/rp2_common/pico_stdio_usb/stdio_usb.c.o
                0x1000a958                        __binary_info_end = .
                0x1000a958                        . = ALIGN (0x4)

.ram_vector_table
                0x20000000      0x110
 *(.ram_vector_table)
 .ram_vector_table
                0x20000000      0x110 CMakeFiles/app.dir/home/juan/pico-sdk/src/rp2_common/pico_runtime_init/runtime_init.c.o
                0x20000000                ram_vector_table

.uninitialized_data
                0x20000110        0x0
                0x20000110                        . = ALIGN (0x4)
 *(.uninitialized_data*)

.data           0x20000110     0x1610 load address 0x1000a958
                0x20000110                        __data_start__ = .
 *(vtable)
 *(.time_critical*)
 .time_critical.mutex_try_enter
                0x20000110       0x50 CMakeFiles/app.dir/home/juan/pico-sdk/src/common/pico_sync/mutex.c.o
                0x20000110                mutex_try_enter
 .time_critical.mutex_enter_block_until
                0x20000160       0x70 CMakeFiles/app.dir/home/juan/pico-sdk/src/common/pico_sync/mutex.c.o
                0x20000160                mutex_enter_block_until
 .time_critical.mutex_try_enter_block_until
                0x200001d0       0x6c CMakeFiles/app.dir/home/juan/pico-sdk/src/common/pico_sync/mutex.c.o
                0x200001d0                mutex_try_enter_block_until
 .time_critical.mutex_enter_timeout_ms
                0x2000023c       0x38 CMakeFiles/app.dir/home/juan/pico-sdk/src/common/pico_sync/mutex.c.o
                0x2000023c                mutex_enter_timeout_ms
 .time_critical.mutex_exit
                0x20000274       0x3c CMakeFiles/app.dir/home/juan/pico-sdk/src/common/pico_sync/mutex.c.o
                0x20000274                mutex_exit
 .time_critical.reset_non_control_endpoints
                0x200002b0       0x64 CMakeFiles/app.dir/home/juan/pico-sdk/lib/tinyusb/src/portable/raspberrypi/rp2040/dcd_rp2040.c.o
 .time_critical.hw_handle_buff_status
                0x20000314       0x94 CMakeFiles/app.dir/home/juan/pico-sdk/lib/tinyusb/src/portable/raspberrypi/rp2040/dcd_rp2040.c.o
 .time_critical.dcd_rp2040_irq
                0x200003a8      0x4fc CMakeFiles/app.dir/home/juan/pico-sdk/lib/tinyusb/src/portable/raspberrypi/rp2040/dcd_rp2040.c.o
 .time_critical.prepare_ep_buffer
                0x200008a4       0xd0 CMakeFiles/app.dir/home/juan/pico-sdk/lib/tinyusb/src/portable/raspberrypi/rp2040/rp2040_usb.c.o
 .time_critical.sync_ep_buffer
                0x20000974       0xb8 CMakeFiles/app.dir/home/juan/pico-sdk/lib/tinyusb/src/portable/raspberrypi/rp2040/rp2040_usb.c.o
 .time_critical._hw_endpoint_xfer_sync
                0x20000a2c       0x2c CMakeFiles/app.dir/home/juan/pico-sdk/lib/tinyusb/src/portable/raspberrypi/rp2040/rp2040_usb.c.o
 .time_critical.e15_is_bulkin_ep
                0x20000a58       0x28 CMakeFiles/app.dir/home/juan/pico-sdk/lib/tinyusb/src/portable/raspberrypi/rp2040/rp2040_usb.c.o
 .time_critical.e15_is_critical_frame_period
                0x20000a80       0x28 CMakeFiles/app.dir/home/juan/pico-sdk/lib/tinyusb/src/portable/raspberrypi/rp2040/rp2040_usb.c.o
 .time_critical.hw_endpoint_reset_transfer
                0x20000aa8        0xc CMakeFiles/app.dir/home/juan/pico-sdk/lib/tinyusb/src/portable/raspberrypi/rp2040/rp2040_usb.c.o
                0x20000aa8                hw_endpoint_reset_transfer
 .time_critical._hw_endpoint_buffer_control_update32
                0x20000ab4       0x44 CMakeFiles/app.dir/home/juan/pico-sdk/lib/tinyusb/src/portable/raspberrypi/rp2040/rp2040_usb.c.o
                0x20000ab4                _hw_endpoint_buffer_control_update32
 .time_critical.hw_endpoint_start_next_buffer
                0x20000af8       0x64 CMakeFiles/app.dir/home/juan/pico-sdk/lib/tinyusb/src/portable/raspberrypi/rp2040/rp2040_usb.c.o
                0x20000af8                hw_endpoint_start_next_buffer
 .time_critical.hw_endpoint_xfer_continue
                0x20000b5c       0x3c CMakeFiles/app.dir/home/juan/pico-sdk/lib/tinyusb/src/portable/raspberrypi/rp2040/rp2040_usb.c.o
                0x20000b5c                hw_endpoint_xfer_continue
 .time_critical.tinyusb
                0x20000b98      0x224 CMakeFiles/app.dir/home/juan/pico-sdk/lib/tinyusb/src/device/usbd.c.o
                0x20000b98                dcd_event_handler
 *(.text*)
 .text          0x20000dbc       0x30 /usr/lib/gcc/arm-none-eabi/13.2.1/thumb/v8-m.main+fp/softfp/libgcc.a(_aeabi_uldivmod.o)
                0x20000dbc                __aeabi_uldivmod
 .text          0x20000dec      0x300 /usr/lib/gcc/arm-none-eabi/13.2.1/thumb/v8-m.main+fp/softfp/libgcc.a(_udivmoddi4.o)
                0x20000dec                __udivmoddi4
 .text          0x200010ec        0x4 /usr/lib/gcc/arm-none-eabi/13.2.1/thumb/v8-m.main+fp/softfp/libgcc.a(_dvmd_tls.o)
                0x200010ec                __aeabi_ldiv0
                0x200010ec                __aeabi_idiv0
 .text.__stub   0x200010f0       0x30 linker stubs
                0x20001120                        . = ALIGN (0x4)
 *(.rodata*)
                0x20001120                        . = ALIGN (0x4)
 *(.data*)
 .data.striped_spin_lock_num
                0x20001120        0x1 CMakeFiles/app.dir/home/juan/pico-sdk/src/rp2_common/hardware_sync/sync.c.o
 *fill*         0x20001121        0x3 
 .data          0x20001124       0x48 CMakeFiles/app.dir/home/juan/pico-sdk/src/rp2_common/hardware_irq/irq_handler_chain.S.o
                0x20001124                irq_handler_chain_slots
                0x20001154                irq_handler_chain_first_slot
                0x2000115e                irq_handler_chain_remove_tail
 .data.default_alarm_pool
                0x2000116c       0x18 CMakeFiles/app.dir/home/juan/pico-sdk/src/common/pico_time/time.c.o
 .data.stdio_uart
                0x20001184       0x18 CMakeFiles/app.dir/home/juan/pico-sdk/src/rp2_common/pico_stdio_uart/stdio_uart.c.o
                0x20001184                stdio_uart
 .data.stdio_usb
                0x2000119c       0x18 CMakeFiles/app.dir/home/juan/pico-sdk/src/rp2_common/pico_stdio_usb/stdio_usb.c.o
                0x2000119c                stdio_usb
 .data._usbd_qdef
                0x200011b4       0x1c CMakeFiles/app.dir/home/juan/pico-sdk/lib/tinyusb/src/device/usbd.c.o
                0x200011b4                _usbd_qdef
 .data._usbd_rhport
                0x200011d0        0x1 CMakeFiles/app.dir/home/juan/pico-sdk/lib/tinyusb/src/device/usbd.c.o
 *fill*         0x200011d1        0x3 
 .data._cdcd_cfg
                0x200011d4        0x1 CMakeFiles/app.dir/home/juan/pico-sdk/lib/tinyusb/src/class/cdc/cdc_device.c.o
 *fill*         0x200011d5        0x3 
 .data          0x200011d8        0x4 ../lib/liblib.a(port.c.o)
 *fill*         0x200011dc        0x4 
 .data          0x200011e0      0x128 /usr/lib/gcc/arm-none-eabi/13.2.1/../../../arm-none-eabi/lib/thumb/v8-m.main+fp/softfp/libg.a(libc_a-impure.o)
                0x200011e0                _impure_ptr
                0x200011e8                _impure_data
 .data          0x20001308      0x410 /usr/lib/gcc/arm-none-eabi/13.2.1/../../../arm-none-eabi/lib/thumb/v8-m.main+fp/softfp/libg.a(libc_a-mallocr.o)
                0x20001308                __malloc_av_
                0x20001710                __malloc_sbrk_base
                0x20001714                __malloc_trim_threshold
 *(.sdata*)
                0x20001718                        . = ALIGN (0x4)
 *(.after_data.*)
                0x20001718                        . = ALIGN (0x4)
                0x20001718                        PROVIDE (__mutex_array_start = .)
 *(SORT_BY_NAME(.mutex_array.*))
 *(.mutex_array)
 .mutex_array   0x20001718        0x8 CMakeFiles/app.dir/home/juan/pico-sdk/src/rp2_common/pico_stdio/stdio.c.o
                0x20001720                        PROVIDE (__mutex_array_end = .)
 *(.jcr)
                0x20001720                        . = ALIGN (0x4)

.tm_clone_table
                0x20001720        0x0 load address 0x1000bf68
 .tm_clone_table
                0x20001720        0x0 /usr/lib/gcc/arm-none-eabi/13.2.1/thumb/v8-m.main+fp/softfp/crtbegin.o
 .tm_clone_table
                0x20001720        0x0 /usr/lib/gcc/arm-none-eabi/13.2.1/thumb/v8-m.main+fp/softfp/crtend.o

.igot.plt       0x20001720        0x0 load address 0x1000bf68
 .igot.plt      0x20001720        0x0 /usr/lib/gcc/arm-none-eabi/13.2.1/thumb/v8-m.main+fp/softfp/crtbegin.o

.tdata          0x20001720        0x0 load address 0x1000bf68
                0x20001720                        . = ALIGN (0x4)
 *(.tdata .tdata.* .gnu.linkonce.td.*)
                0x20001720                        __tdata_end = .
                0x20001720                        PROVIDE (__data_end__ = .)
                0x1000a958                        __etext = LOADADDR (.data)

.tbss           0x20001720        0x0 load address 0x1000bf68
                0x20001720                        . = ALIGN (0x4)
                0x20001720                        __bss_start__ = .
                0x20001720                        __tls_base = .
 *(.tbss .tbss.* .gnu.linkonce.tb.*)
 *(.tcommon)
                0x20001720                        __tls_end = .

.bss            0x20001720     0x110c load address 0x1000bf68
                0x20001720                        . = ALIGN (0x4)
                0x20001720                        __tbss_end = .
 *(SORT_BY_ALIGNMENT(SORT_BY_NAME(.bss*)))
 .bss           0x20001720       0x50 ../lib/liblib.a(queue.c.o)
                0x20001720                xQueueRegistry
 .bss._cdcd_itf
                0x20001770       0xc8 CMakeFiles/app.dir/home/juan/pico-sdk/lib/tinyusb/src/class/cdc/cdc_device.c.o
 .bss.default_alarm_pool_entries
                0x20001838      0x180 CMakeFiles/app.dir/home/juan/pico-sdk/src/common/pico_time/time.c.o
 .bss.last_avail_time.1
                0x200019b8        0x8 CMakeFiles/app.dir/home/juan/pico-sdk/src/rp2_common/pico_stdio_usb/stdio_usb.c.o
 .bss           0x200019c0       0x1c /usr/lib/gcc/arm-none-eabi/13.2.1/thumb/v8-m.main+fp/softfp/crtbegin.o
 .bss           0x200019dc      0x10c ../lib/liblib.a(tasks.c.o)
                0x20001a60                pxCurrentTCB
 .bss           0x20001ae8       0x3c ../lib/liblib.a(timers.c.o)
 .bss           0x20001b24       0x34 /usr/lib/gcc/arm-none-eabi/13.2.1/../../../arm-none-eabi/lib/thumb/v8-m.main+fp/softfp/libg.a(libc_a-mallocr.o)
                0x20001b24                __malloc_top_pad
                0x20001b28                __malloc_current_mallinfo
                0x20001b50                __malloc_max_sbrked_mem
                0x20001b54                __malloc_max_total_mem
 .bss           0x20001b58      0x13c /usr/lib/gcc/arm-none-eabi/13.2.1/../../../arm-none-eabi/lib/thumb/v8-m.main+fp/softfp/libg.a(libc_a-findfp.o)
                0x20001b58                __sf
                0x20001c90                __stdio_exit_handler
 .bss           0x20001c94        0x4 /usr/lib/gcc/arm-none-eabi/13.2.1/../../../arm-none-eabi/lib/thumb/v8-m.main+fp/softfp/libg.a(libc_a-reent.o)
                0x20001c94                errno
 .bss           0x20001c98      0x190 /usr/lib/gcc/arm-none-eabi/13.2.1/../../../arm-none-eabi/lib/thumb/v8-m.main+fp/softfp/libg.a(libc_a-__atexit.o)
                0x20001c98                __atexit0
 .bss           0x20001e28        0x4 /usr/lib/gcc/arm-none-eabi/13.2.1/../../../arm-none-eabi/lib/thumb/v8-m.main+fp/softfp/libg.a(libc_a-__call_atexit.o)
                0x20001e28                __atexit
 .bss.ADC_queue
                0x20001e2c        0x4 CMakeFiles/app.dir/main.c.o
                0x20001e2c                ADC_queue
 .bss._app_driver
                0x20001e30        0x4 CMakeFiles/app.dir/home/juan/pico-sdk/lib/tinyusb/src/device/usbd.c.o
 .bss._cdcd_epbuf
                0x20001e34       0x80 CMakeFiles/app.dir/home/juan/pico-sdk/lib/tinyusb/src/class/cdc/cdc_device.c.o
 .bss._ctrl_epbuf
                0x20001eb4       0x40 CMakeFiles/app.dir/home/juan/pico-sdk/lib/tinyusb/src/device/usbd_control.c.o
 .bss._ctrl_xfer
                0x20001ef4       0x14 CMakeFiles/app.dir/home/juan/pico-sdk/lib/tinyusb/src/device/usbd_control.c.o
 .bss._sw_spin_locks
                0x20001f08       0x20 CMakeFiles/app.dir/home/juan/pico-sdk/src/rp2_common/hardware_sync_spin_lock/sync_spin_lock.c.o
                0x20001f08                _sw_spin_locks
 .bss._tusb_rhport_role
                0x20001f28        0x2 CMakeFiles/app.dir/home/juan/pico-sdk/lib/tinyusb/src/tusb.c.o
                0x20001f28                _tusb_rhport_role
 *fill*         0x20001f2a        0x2 
 .bss._ubsd_mutexdef
                0x20001f2c        0x8 CMakeFiles/app.dir/home/juan/pico-sdk/lib/tinyusb/src/device/usbd.c.o
 .bss._usbd_dev
                0x20001f34       0x54 CMakeFiles/app.dir/home/juan/pico-sdk/lib/tinyusb/src/device/usbd.c.o
 .bss._usbd_mutex
                0x20001f88        0x4 CMakeFiles/app.dir/home/juan/pico-sdk/lib/tinyusb/src/device/usbd.c.o
 .bss._usbd_q   0x20001f8c        0x4 CMakeFiles/app.dir/home/juan/pico-sdk/lib/tinyusb/src/device/usbd.c.o
 .bss._usbd_qdef_buf
                0x20001f90       0xc0 CMakeFiles/app.dir/home/juan/pico-sdk/lib/tinyusb/src/device/usbd.c.o
                0x20001f90                _usbd_qdef_buf
 .bss._vendord_epbuf
                0x20002050       0x80 CMakeFiles/app.dir/home/juan/pico-sdk/lib/tinyusb/src/class/vendor/vendor_device.c.o
 .bss._vendord_itf
                0x200020d0      0x24c CMakeFiles/app.dir/home/juan/pico-sdk/lib/tinyusb/src/class/vendor/vendor_device.c.o
 .bss.chars_available_callback
                0x2000231c        0x4 CMakeFiles/app.dir/home/juan/pico-sdk/src/rp2_common/pico_stdio_uart/stdio_uart.c.o
 .bss.chars_available_callback
                0x20002320        0x4 CMakeFiles/app.dir/home/juan/pico-sdk/src/rp2_common/pico_stdio_usb/stdio_usb.c.o
 .bss.chars_available_param
                0x20002324        0x4 CMakeFiles/app.dir/home/juan/pico-sdk/src/rp2_common/pico_stdio_uart/stdio_uart.c.o
 .bss.chars_available_param
                0x20002328        0x4 CMakeFiles/app.dir/home/juan/pico-sdk/src/rp2_common/pico_stdio_usb/stdio_usb.c.o
 .bss.claimed   0x2000232c        0x4 CMakeFiles/app.dir/home/juan/pico-sdk/src/rp2_common/hardware_sync/sync.c.o
 .bss.claimed   0x20002330        0x2 CMakeFiles/app.dir/home/juan/pico-sdk/src/rp2_common/hardware_timer/timer.c.o
 *fill*         0x20002332        0x2 
 .bss.configured_freq
                0x20002334       0x28 CMakeFiles/app.dir/home/juan/pico-sdk/src/rp2_common/hardware_clocks/clocks.c.o
 .bss.desc_str.0
                0x2000235c       0x28 CMakeFiles/app.dir/home/juan/pico-sdk/src/rp2_common/pico_stdio_usb/stdio_usb_descriptors.c.o
 .bss.drivers   0x20002384        0x4 CMakeFiles/app.dir/home/juan/pico-sdk/src/rp2_common/pico_stdio/stdio.c.o
 .bss.e15_last_sof
                0x20002388        0x4 CMakeFiles/app.dir/home/juan/pico-sdk/lib/tinyusb/src/portable/raspberrypi/rp2040/rp2040_usb.c.o
                0x20002388                e15_last_sof
 .bss.filter    0x2000238c        0x4 CMakeFiles/app.dir/home/juan/pico-sdk/src/rp2_common/pico_stdio/stdio.c.o
 .bss.heap_end.0
                0x20002390        0x4 CMakeFiles/app.dir/home/juan/pico-sdk/src/rp2_common/pico_clib_interface/newlib_interface.c.o
 .bss.hw_endpoints
                0x20002394      0x400 CMakeFiles/app.dir/home/juan/pico-sdk/lib/tinyusb/src/portable/raspberrypi/rp2040/dcd_rp2040.c.o
 .bss.idle_tick_counter
                0x20002794        0x4 CMakeFiles/app.dir/cpu_monitor.c.o
 .bss.lazy_vsnprintf
                0x20002798        0x4 CMakeFiles/app.dir/home/juan/pico-sdk/src/rp2_common/pico_printf/printf.c.o
 .bss.load_value
                0x2000279c        0x4 CMakeFiles/app.dir/home/juan/pico-sdk/src/rp2_common/hardware_watchdog/watchdog.c.o
 .bss.next_buffer_ptr
                0x200027a0        0x4 CMakeFiles/app.dir/home/juan/pico-sdk/lib/tinyusb/src/portable/raspberrypi/rp2040/dcd_rp2040.c.o
 .bss.one_shot_timer_crit_sec
                0x200027a4        0x8 CMakeFiles/app.dir/home/juan/pico-sdk/src/rp2_common/pico_stdio_usb/stdio_usb.c.o
 .bss.pTaskParams
                0x200027ac       0x28 CMakeFiles/app.dir/cpu_monitor.c.o
                0x200027ac                pTaskParams
 .bss.pools     0x200027d4       0x20 CMakeFiles/app.dir/home/juan/pico-sdk/src/common/pico_time/time.c.o
 .bss.retrieved_id
                0x200027f4        0x8 CMakeFiles/app.dir/home/juan/pico-sdk/src/rp2_common/pico_unique_id/unique_id.c.o
 .bss.sleep_notifier
                0x200027fc        0x4 CMakeFiles/app.dir/home/juan/pico-sdk/src/common/pico_time/time.c.o
 .bss.stdio_usb_mutex
                0x20002800        0x8 CMakeFiles/app.dir/home/juan/pico-sdk/src/rp2_common/pico_stdio_usb/stdio_usb.c.o
 .bss.uart_char_to_line_feed
                0x20002808        0x4 CMakeFiles/app.dir/home/juan/pico-sdk/src/rp2_common/hardware_uart/uart.c.o
                0x20002808                uart_char_to_line_feed
 .bss.uart_instance
                0x2000280c        0x4 CMakeFiles/app.dir/home/juan/pico-sdk/src/rp2_common/pico_stdio_uart/stdio_uart.c.o
 .bss.usbd_serial_str
                0x20002810       0x11 CMakeFiles/app.dir/home/juan/pico-sdk/src/rp2_common/pico_stdio_usb/stdio_usb_descriptors.c.o
 .bss.Handler_cnt
                0x20002821        0x1 CMakeFiles/app.dir/cpu_monitor.c.o
                0x20002821                Handler_cnt
 .bss._app_driver_count
                0x20002822        0x1 CMakeFiles/app.dir/home/juan/pico-sdk/lib/tinyusb/src/device/usbd.c.o
 .bss._sof_enable
                0x20002823        0x1 CMakeFiles/app.dir/home/juan/pico-sdk/lib/tinyusb/src/portable/raspberrypi/rp2040/dcd_rp2040.c.o
 .bss._usbd_queued_setup
                0x20002824        0x1 CMakeFiles/app.dir/home/juan/pico-sdk/lib/tinyusb/src/device/usbd.c.o
 .bss.irq_handler_chain_free_slot_head
                0x20002825        0x1 CMakeFiles/app.dir/home/juan/pico-sdk/src/rp2_common/hardware_irq/irq.c.o
 .bss.itf_num   0x20002826        0x1 CMakeFiles/app.dir/home/juan/pico-sdk/src/rp2_common/pico_stdio_usb/reset_interface.c.o
 .bss.low_priority_irq_num
                0x20002827        0x1 CMakeFiles/app.dir/home/juan/pico-sdk/src/rp2_common/pico_stdio_usb/stdio_usb.c.o
 .bss.one_shot_timer_pending
                0x20002828        0x1 CMakeFiles/app.dir/home/juan/pico-sdk/src/rp2_common/pico_stdio_usb/stdio_usb.c.o
 .bss.user_irq_claimed
                0x20002829        0x1 CMakeFiles/app.dir/home/juan/pico-sdk/src/rp2_common/hardware_irq/irq.c.o
 *(COMMON)
                [!provide]                        PROVIDE (__global_pointer$ = (. + 0x800))
 *(.sbss*)
                0x2000282c                        . = ALIGN (0x4)
 *fill*         0x2000282a        0x2 
                0x2000282c                        __bss_end__ = .

.heap           0x2000282c      0x800 load address 0x1000bf68
                0x2000282c                        __end__ = .
                0x2000282c                        end = __end__
 *(.heap*)
 .heap          0x2000282c      0x800 CMakeFiles/app.dir/home/juan/pico-sdk/src/rp2_common/pico_crt0/crt0.S.o
                0x20080000                        __HeapLimit = (ORIGIN (RAM) + LENGTH (RAM))

.scratch_x      0x20080000        0x0 load address 0x1000bf68
                0x20080000                        __scratch_x_start__ = .
 *(.scratch_x.*)
                0x20080000                        . = ALIGN (0x4)
                0x20080000                        __scratch_x_end__ = .
                0x1000bf68                        __scratch_x_source__ = LOADADDR (.scratch_x)

.scratch_y      0x20081000        0x0 load address 0x1000bf68
                0x20081000                        __scratch_y_start__ = .
 *(.scratch_y.*)
                0x20081000                        . = ALIGN (0x4)
                0x20081000                        __scratch_y_end__ = .
                0x1000bf68                        __scratch_y_source__ = LOADADDR (.scratch_y)

.stack1_dummy
 *(.stack1*)

.stack_dummy    0x20081000      0x800
 *(.stack*)
 .stack         0x20081000      0x800 CMakeFiles/app.dir/home/juan/pico-sdk/src/rp2_common/pico_crt0/crt0.S.o

.flash_end      0x1000bf68       0x14
 *(.embedded_end_block*)
 .embedded_end_block
                0x1000bf68       0x14 CMakeFiles/app.dir/home/juan/pico-sdk/src/rp2_common/pico_crt0/crt0.S.o
                0x1000bf7c                        PROVIDE (__flash_binary_end = .)
                0x20080000                        __StackLimit = (ORIGIN (RAM) + LENGTH (RAM))
                0x20081000                        __StackOneTop = (ORIGIN (SCRATCH_X) + LENGTH (SCRATCH_X))
                0x20082000                        __StackTop = (ORIGIN (SCRATCH_Y) + LENGTH (SCRATCH_Y))
                0x20081000                        __StackOneBottom = (__StackOneTop - SIZEOF (.stack1_dummy))
                0x20081800                        __StackBottom = (__StackTop - SIZEOF (.stack_dummy))
                0x20082000                        PROVIDE (__stack = __StackTop)
                [!provide]                        PROVIDE (__heap_start = __end__)
                [!provide]                        PROVIDE (__heap_end = __HeapLimit)
                [!provide]                        PROVIDE (__tls_align = MAX (ALIGNOF (.tdata), ALIGNOF (.tbss)))
                [!provide]                        PROVIDE (__tls_size_align = (((__tls_size + __tls_align) - 0x1) & ~ ((__tls_align - 0x1))))
                [!provide]                        PROVIDE (__arm32_tls_tcb_offset = MAX (0x8, __tls_align))
                [!provide]                        PROVIDE (_end = __end__)
                [!provide]                        PROVIDE (__llvm_libc_heap_limit = __HeapLimit)
                0x00000001                        ASSERT ((__StackLimit >= __HeapLimit), region RAM overflowed)
                0x00000001                        ASSERT (((__binary_info_header_end - __logical_binary_start) <= 0x400), Binary info must be in first 1024 bytes of the binary)
                0x00000001                        ASSERT (((__embedded_block_end - __logical_binary_start) <= 0x1000), Embedded block must be in first 4096 bytes of the binary)
LOAD CMakeFiles/app.dir/main.c.o
LOAD CMakeFiles/app.dir/led.c.o
LOAD CMakeFiles/app.dir/cpu_monitor.c.o