Archive member included to satisfy reference by file (symbol)

../lib/liblib.a(queue.c.o)    CMakeFiles/app.dir/main.c.o (xQueueGenericCreate)
../lib/liblib.a(tasks.c.o)    CMakeFiles/app.dir/main.c.o (xTaskCreate)
../lib/liblib.a(timers.c.o)   ../lib/liblib.a(tasks.c.o) (xTimerCreateTimerTask)
../lib/liblib.a(heap_3.c.o)   ../lib/liblib.a(queue.c.o) (pvPortMalloc)
../lib/liblib.a(port.c.o)     ../lib/liblib.a(tasks.c.o) (pxPortInitialiseStack)
../lib/liblib.a(list.c.o)     ../lib/liblib.a(queue.c.o) (vListInitialise)
/usr/lib/gcc/arm-none-eabi/13.2.1/../../../arm-none-eabi/lib/thumb/v8-m.main+fp/softfp/libm.a(libm_a-wf_sqrt.o)
                              CMakeFiles/app.dir/home/juan/pico-sdk/src/rp2_common/pico_float/float_math.c.o (sqrtf)
/usr/lib/gcc/arm-none-eabi/13.2.1/../../../arm-none-eabi/lib/thumb/v8-m.main+fp/softfp/libm.a(libm_a-ef_sqrt.o)
                              /usr/lib/gcc/arm-none-eabi/13.2.1/../../../arm-none-eabi/lib/thumb/v8-m.main+fp/softfp/libm.a(libm_a-wf_sqrt.o) (__ieee754_sqrtf)
/usr/lib/gcc/arm-none-eabi/13.2.1/thumb/v8-m.main+fp/softfp/libgcc.a(_arm_addsubdf3.o)
                              CMakeFiles/app.dir/home/juan/pico-sdk/src/rp2_common/pico_float/float_math.c.o (__aeabi_f2d)
/usr/lib/gcc/arm-none-eabi/13.2.1/thumb/v8-m.main+fp/softfp/libgcc.a(_aeabi_ldivmod.o)
                              CMakeFiles/app.dir/home/juan/pico-sdk/src/common/pico_time/time.c.o (__aeabi_ldivmod)
/usr/lib/gcc/arm-none-eabi/13.2.1/thumb/v8-m.main+fp/softfp/libgcc.a(_aeabi_uldivmod.o)
                              CMakeFiles/app.dir/home/juan/pico-sdk/src/rp2_common/hardware_clocks/clocks.c.o (__aeabi_uldivmod)
/usr/lib/gcc/arm-none-eabi/13.2.1/thumb/v8-m.main+fp/softfp/libgcc.a(_udivmoddi4.o)
                              /usr/lib/gcc/arm-none-eabi/13.2.1/thumb/v8-m.main+fp/softfp/libgcc.a(_aeabi_ldivmod.o) (__udivmoddi4)
/usr/lib/gcc/arm-none-eabi/13.2.1/thumb/v8-m.main+fp/softfp/libgcc.a(_dvmd_tls.o)
                              /usr/lib/gcc/arm-none-eabi/13.2.1/thumb/v8-m.main+fp/softfp/libgcc.a(_aeabi_ldivmod.o) (__aeabi_ldiv0)
/usr/lib/gcc/arm-none-eabi/13.2.1/../../../arm-none-eabi/lib/thumb/v8-m.main+fp/softfp/libg.a(libc_a-memset.o)
                              /usr/lib/gcc/arm-none-eabi/13.2.1/../../../arm-none-eabi/lib/thumb/v8-m.main+fp/softfp/crt0.o (memset)
/usr/lib/gcc/arm-none-eabi/13.2.1/../../../arm-none-eabi/lib/thumb/v8-m.main+fp/softfp/libg.a(libc_a-stpcpy.o)
                              ../lib/liblib.a(tasks.c.o) (stpcpy)
/usr/lib/gcc/arm-none-eabi/13.2.1/../../../arm-none-eabi/lib/thumb/v8-m.main+fp/softfp/libg.a(libc_a-calloc.o)
                              CMakeFiles/app.dir/home/juan/pico-sdk/src/rp2_common/pico_malloc/malloc.c.o (calloc)
/usr/lib/gcc/arm-none-eabi/13.2.1/../../../arm-none-eabi/lib/thumb/v8-m.main+fp/softfp/libg.a(libc_a-errno.o)
                              /usr/lib/gcc/arm-none-eabi/13.2.1/../../../arm-none-eabi/lib/thumb/v8-m.main+fp/softfp/libm.a(libm_a-wf_sqrt.o) (__errno)
/usr/lib/gcc/arm-none-eabi/13.2.1/../../../arm-none-eabi/lib/thumb/v8-m.main+fp/softfp/libg.a(libc_a-impure.o)
                              /usr/lib/gcc/arm-none-eabi/13.2.1/../../../arm-none-eabi/lib/thumb/v8-m.main+fp/softfp/libg.a(libc_a-calloc.o) (_impure_ptr)
/usr/lib/gcc/arm-none-eabi/13.2.1/../../../arm-none-eabi/lib/thumb/v8-m.main+fp/softfp/libg.a(libc_a-callocr.o)
                              /usr/lib/gcc/arm-none-eabi/13.2.1/../../../arm-none-eabi/lib/thumb/v8-m.main+fp/softfp/libg.a(libc_a-calloc.o) (_calloc_r)
/usr/lib/gcc/arm-none-eabi/13.2.1/../../../arm-none-eabi/lib/thumb/v8-m.main+fp/softfp/libg.a(libc_a-realloc.o)
                              CMakeFiles/app.dir/home/juan/pico-sdk/src/rp2_common/pico_malloc/malloc.c.o (realloc)
/usr/lib/gcc/arm-none-eabi/13.2.1/../../../arm-none-eabi/lib/thumb/v8-m.main+fp/softfp/libg.a(libc_a-mallocr.o)
                              /usr/lib/gcc/arm-none-eabi/13.2.1/../../../arm-none-eabi/lib/thumb/v8-m.main+fp/softfp/libg.a(libc_a-callocr.o) (_malloc_r)
/usr/lib/gcc/arm-none-eabi/13.2.1/../../../arm-none-eabi/lib/thumb/v8-m.main+fp/softfp/libg.a(libc_a-freer.o)
                              /usr/lib/gcc/arm-none-eabi/13.2.1/../../../arm-none-eabi/lib/thumb/v8-m.main+fp/softfp/libg.a(libc_a-mallocr.o) (_free_r)
/usr/lib/gcc/arm-none-eabi/13.2.1/../../../arm-none-eabi/lib/thumb/v8-m.main+fp/softfp/libg.a(libc_a-memcmp.o)
                              CMakeFiles/app.dir/home/juan/pico-sdk/src/rp2_common/pico_atomic/atomic.c.o (memcmp)
/usr/lib/gcc/arm-none-eabi/13.2.1/../../../arm-none-eabi/lib/thumb/v8-m.main+fp/softfp/libg.a(libc_a-malloc.o)
                              CMakeFiles/app.dir/home/juan/pico-sdk/src/rp2_common/pico_malloc/malloc.c.o (malloc)
/usr/lib/gcc/arm-none-eabi/13.2.1/../../../arm-none-eabi/lib/thumb/v8-m.main+fp/softfp/libg.a(libc_a-memcpy.o)
                              CMakeFiles/app.dir/home/juan/pico-sdk/src/common/pico_util/queue.c.o (memcpy)
[...]
Memory Configuration

Name             Origin             Length             Attributes
FLASH            0x10000000         0x00400000         xr
RAM              0x20000000         0x00080000         xrw
SCRATCH_X        0x20080000         0x00001000         xrw
SCRATCH_Y        0x20081000         0x00001000         xrw
*default*        0x00000000         0xffffffff

Linker script and memory map

LOAD /usr/lib/gcc/arm-none-eabi/13.2.1/thumb/v8-m.main+fp/softfp/crti.o
LOAD /usr/lib/gcc/arm-none-eabi/13.2.1/thumb/v8-m.main+fp/softfp/crtbegin.o
LOAD /usr/lib/gcc/arm-none-eabi/13.2.1/../../../arm-none-eabi/lib/thumb/v8-m.main+fp/softfp/crt0.o

.flash_begin    0x10000000        0x0
                0x10000000                        __flash_binary_start = .

.text           0x10000000     0xa7bc
                0x10000000                        __logical_binary_start = .
 *(.vectors)
 .vectors       0x10000000      0x124 CMakeFiles/app.dir/home/juan/pico-sdk/src/rp2_common/pico_crt0/crt0.S.o
                0x10000000                __vectors
                0x10000000                __VECTOR_TABLE
                0x10000110                isr_invalid
                0x10000110                __default_isrs_start
                0x10000112                isr_nmi
                0x10000114                isr_hardfault
                0x1000011c                isr_irq30
                0x1000011c                __unhandled_user_irq
                0x1000011c                isr_irq49
                0x1000011c                isr_irq13
                0x1000011c                isr_irq43
                0x1000011c                isr_irq45
                0x1000011c                isr_irq27
                0x1000011c                isr_irq32
                0x1000011c                isr_irq31
                0x1000011c                isr_irq5
                0x1000011c                isr_irq11
                0x1000011c                isr_irq23
                0x1000011c                isr_irq48
                0x1000011c                isr_irq35
                0x1000011c                isr_irq18
                0x1000011c                isr_irq50
                0x1000011c                isr_irq40
                0x1000011c                isr_irq28
                0x1000011c                isr_irq19
                0x1000011c                isr_irq36
                0x1000011c                isr_irq41
                0x1000011c                isr_irq0
                0x1000011c                isr_irq6
                0x1000011c                isr_irq37
                0x1000011c                isr_irq42
                0x1000011c                isr_irq22
                0x1000011c                isr_irq17
                0x1000011c                isr_irq38
                0x1000011c                isr_irq14
                0x1000011c                isr_irq2
                0x1000011c                isr_irq10
                0x1000011c                isr_irq8
                0x1000011c                isr_irq24
                0x1000011c                isr_irq46
                0x1000011c                isr_irq1
                0x1000011c                isr_irq47
                0x1000011c                isr_irq51
                0x1000011c                isr_irq7
                0x1000011c                isr_irq21
                0x1000011c                isr_irq39
                0x1000011c                isr_irq20
                0x1000011c                isr_irq15
                0x1000011c                isr_irq25
                0x1000011c                isr_irq34
                0x1000011c                isr_irq4
                0x1000011c                isr_irq16
                0x1000011c                isr_irq44
                0x1000011c                isr_irq29
                0x1000011c                isr_irq26
                0x1000011c                __default_isrs_end
                0x1000011c                isr_irq33
                0x1000011c                isr_irq3
                0x1000011c                isr_irq12
                0x1000011c                isr_irq9
                0x10000122                unhandled_user_irq_num_in_r0
 *(.binary_info_header)
 .binary_info_header
                0x10000124       0x14 CMakeFiles/app.dir/home/juan/pico-sdk/src/rp2_common/pico_crt0/crt0.S.o
                0x10000138                        __binary_info_header_end = .
 *(.embedded_block)
 .embedded_block
                0x10000138       0x14 CMakeFiles/app.dir/home/juan/pico-sdk/src/rp2_common/pico_crt0/crt0.S.o
                0x1000014c                        __embedded_block_end = .
 *(.reset)
 .reset         0x1000014c       0xa0 CMakeFiles/app.dir/home/juan/pico-sdk/src/rp2_common/pico_crt0/crt0.S.o
                0x1000014c                _entry_point
 *(.init)
 .init          0x100001ec        0x4 /usr/lib/gcc/arm-none-eabi/13.2.1/thumb/v8-m.main+fp/softfp/crti.o
                0x100001ec                _init
 *libgcc.a:cmse_nonsecure_call.o()
 *(EXCLUDE_FILE(*libm.a: *libc.a:*lib_a-mem*.o *libgcc.a:) .text*)
 .text          0x100001f0       0x8c /usr/lib/gcc/arm-none-eabi/13.2.1/thumb/v8-m.main+fp/softfp/crtbegin.o
 .text.gpio_callback
                0x1000027c       0x30 CMakeFiles/app.dir/main.c.o
                0x1000027c                gpio_callback
 .text.Button_task
                0x100002ac       0x30 CMakeFiles/app.dir/main.c.o
                0x100002ac                Button_task
 .text.process_button_task
                0x100002dc       0x74 CMakeFiles/app.dir/main.c.o
                0x100002dc                process_button_task
 .text.startup.main
                0x10000350       0xfc CMakeFiles/app.dir/main.c.o
                0x10000350                main
 .text.set_TaskHandler_Idex
                0x1000044c       0x24 CMakeFiles/app.dir/cpu_monitor.c.o
                0x1000044c                set_TaskHandler_Idex
 .text.vApplicationIdleHook
                0x10000470       0x20 CMakeFiles/app.dir/cpu_monitor.c.o
                0x10000470                vApplicationIdleHook
 .text.ADC_Read_Task
                0x10000490       0x8c CMakeFiles/app.dir/adc_custom.c.o
                0x10000490                ADC_Read_Task
 .text.RGB_Led_task
                0x1000051c       0xc4 CMakeFiles/app.dir/adc_custom.c.o
                0x1000051c                RGB_Led_task
 .text.gpio_default_irq_handler
                0x100005e0      0x1b4 CMakeFiles/app.dir/home/juan/pico-sdk/src/rp2_common/hardware_gpio/gpio.c.o
 .text.gpio_set_function
                0x10000794       0x3c CMakeFiles/app.dir/home/juan/pico-sdk/src/rp2_common/hardware_gpio/gpio.c.o
                0x10000794                gpio_set_function
 .text.gpio_set_pulls
                0x100007d0       0x28 CMakeFiles/app.dir/home/juan/pico-sdk/src/rp2_common/hardware_gpio/gpio.c.o
                0x100007d0                gpio_set_pulls
 .text.gpio_set_irq_enabled
                0x100007f8       0x50 CMakeFiles/app.dir/home/juan/pico-sdk/src/rp2_common/hardware_gpio/gpio.c.o
                0x100007f8                gpio_set_irq_enabled
 .text.gpio_set_irq_callback
                0x10000848       0x40 CMakeFiles/app.dir/home/juan/pico-sdk/src/rp2_common/hardware_gpio/gpio.c.o
                0x10000848                gpio_set_irq_callback
 .text.gpio_set_input_enabled
                0x10000888       0x20 CMakeFiles/app.dir/home/juan/pico-sdk/src/rp2_common/hardware_gpio/gpio.c.o
                0x10000888                gpio_set_input_enabled
 .text.gpio_init
                0x100008a8       0x48 CMakeFiles/app.dir/home/juan/pico-sdk/src/rp2_common/hardware_gpio/gpio.c.o
                0x100008a8                gpio_init
 .text.panic    0x100008f0       0x30 CMakeFiles/app.dir/home/juan/pico-sdk/src/rp2_common/pico_platform_panic/panic.c.o
                0x100008f0                panic
 .text.hw_claim_or_assert
                0x10000920       0x58 CMakeFiles/app.dir/home/juan/pico-sdk/src/common/hardware_claim/claim.c.o
                0x10000920                hw_claim_or_assert
 .text.hw_claim_unused_from_range
                0x10000978       0x9c CMakeFiles/app.dir/home/juan/pico-sdk/src/common/hardware_claim/claim.c.o
                0x10000978                hw_claim_unused_from_range
 .text.next_striped_spin_lock_num
                0x10000a14       0x18 CMakeFiles/app.dir/home/juan/pico-sdk/src/rp2_common/hardware_sync/sync.c.o
                0x10000a14                next_striped_spin_lock_num
 .text.spin_lock_claim_unused
                0x10000a2c       0x20 CMakeFiles/app.dir/home/juan/pico-sdk/src/rp2_common/hardware_sync/sync.c.o
                0x10000a2c                spin_lock_claim_unused
 .text.spinlock_set_extexclall
                0x10000a4c       0x10 CMakeFiles/app.dir/home/juan/pico-sdk/src/rp2_common/hardware_sync_spin_lock/sync_spin_lock.c.o
 .text.spin_locks_reset
                0x10000a5c       0x18 CMakeFiles/app.dir/home/juan/pico-sdk/src/rp2_common/hardware_sync_spin_lock/sync_spin_lock.c.o
                0x10000a5c                spin_locks_reset
 .text.runtime_init_per_core_irq_priorities
                0x10000a74       0x40 CMakeFiles/app.dir/home/juan/pico-sdk/src/rp2_common/hardware_irq/irq.c.o
                0x10000a74                runtime_init_per_core_irq_priorities
 .text.irq_set_enabled
                0x10000ab4       0x2c CMakeFiles/app.dir/home/juan/pico-sdk/src/rp2_common/hardware_irq/irq.c.o
                0x10000ab4                irq_set_enabled
 .text.irq_is_enabled
                0x10000ae0       0x20 CMakeFiles/app.dir/home/juan/pico-sdk/src/rp2_common/hardware_irq/irq.c.o
                0x10000ae0                irq_is_enabled
 .text.irq_set_pending
                0x10000b00       0x18 CMakeFiles/app.dir/home/juan/pico-sdk/src/rp2_common/hardware_irq/irq.c.o
                0x10000b00                irq_set_pending
 .text.irq_has_shared_handler
                0x10000b18       0x20 CMakeFiles/app.dir/home/juan/pico-sdk/src/rp2_common/hardware_irq/irq.c.o
                0x10000b18                irq_has_shared_handler
 .text.irq_set_exclusive_handler
                0x10000b38       0x60 CMakeFiles/app.dir/home/juan/pico-sdk/src/rp2_common/hardware_irq/irq.c.o
                0x10000b38                irq_set_exclusive_handler
 .text.irq_add_shared_handler
                0x10000b98      0x1e8 CMakeFiles/app.dir/home/juan/pico-sdk/src/rp2_common/hardware_irq/irq.c.o
                0x10000b98                irq_add_shared_handler
 .text.irq_remove_handler
                0x10000d80      0x1fc CMakeFiles/app.dir/home/juan/pico-sdk/src/rp2_common/hardware_irq/irq.c.o
                0x10000d80                irq_remove_handler
 .text.irq_add_tail_to_free_list
                0x10000f7c       0xbc CMakeFiles/app.dir/home/juan/pico-sdk/src/rp2_common/hardware_irq/irq.c.o
                0x10000f7c                irq_add_tail_to_free_list
 .text.user_irq_claim_unused
                0x10001038       0x28 CMakeFiles/app.dir/home/juan/pico-sdk/src/rp2_common/hardware_irq/irq.c.o
                0x10001038                user_irq_claim_unused
 .text.lock_init
                0x10001060        0xc CMakeFiles/app.dir/home/juan/pico-sdk/src/common/pico_sync/lock_core.c.o
                0x10001060                lock_init
 .text.runtime_init_mutex
                0x1000106c       0x4c CMakeFiles/app.dir/home/juan/pico-sdk/src/common/pico_sync/mutex.c.o
                0x1000106c                runtime_init_mutex
 .text.mutex_init
                0x100010b8       0x1c CMakeFiles/app.dir/home/juan/pico-sdk/src/common/pico_sync/mutex.c.o
                0x100010b8                mutex_init
 .text.critical_section_init
                0x100010d4       0x1c CMakeFiles/app.dir/home/juan/pico-sdk/src/common/pico_sync/critical_section.c.o
                0x100010d4                critical_section_init
 .text.critical_section_init_with_lock_num
                0x100010f0       0x10 CMakeFiles/app.dir/home/juan/pico-sdk/src/common/pico_sync/critical_section.c.o
                0x100010f0                critical_section_init_with_lock_num
 .text.sleep_until_callback
                0x10001100       0x3c CMakeFiles/app.dir/home/juan/pico-sdk/src/common/pico_time/time.c.o
 *fill*         0x1000113c        0x4 
 .text.alarm_pool_irq_handler
                0x10001140      0x2f0 CMakeFiles/app.dir/home/juan/pico-sdk/src/common/pico_time/time.c.o
 .text.runtime_init_default_alarm_pool
                0x10001430      0x100 CMakeFiles/app.dir/home/juan/pico-sdk/src/common/pico_time/time.c.o
                0x10001430                runtime_init_default_alarm_pool
 .text.alarm_pool_get_default
                0x10001530        0x8 CMakeFiles/app.dir/home/juan/pico-sdk/src/common/pico_time/time.c.o
                0x10001530                alarm_pool_get_default
 .text.alarm_pool_add_alarm_at
                0x10001538       0xdc CMakeFiles/app.dir/home/juan/pico-sdk/src/common/pico_time/time.c.o
                0x10001538                alarm_pool_add_alarm_at
 .text.alarm_pool_add_alarm_at_force_in_context
                0x10001614       0xc8 CMakeFiles/app.dir/home/juan/pico-sdk/src/common/pico_time/time.c.o
                0x10001614                alarm_pool_add_alarm_at_force_in_context
 .text.alarm_pool_cancel_alarm
                0x100016dc       0x80 CMakeFiles/app.dir/home/juan/pico-sdk/src/common/pico_time/time.c.o
                0x100016dc                alarm_pool_cancel_alarm
 .text.alarm_pool_core_num
                0x1000175c        0x4 CMakeFiles/app.dir/home/juan/pico-sdk/src/common/pico_time/time.c.o
                0x1000175c                alarm_pool_core_num
 .text.best_effort_wfe_or_timeout
                0x10001760       0xbc CMakeFiles/app.dir/home/juan/pico-sdk/src/common/pico_time/time.c.o
                0x10001760                best_effort_wfe_or_timeout
 .text.timer_hardware_alarm_claim
                0x1000181c       0x24 CMakeFiles/app.dir/home/juan/pico-sdk/src/rp2_common/hardware_timer/timer.c.o
                0x1000181c                timer_hardware_alarm_claim
 .text.timer_time_us_64
                0x10001840       0x10 CMakeFiles/app.dir/home/juan/pico-sdk/src/rp2_common/hardware_timer/timer.c.o
                0x10001840                timer_time_us_64
 .text.time_us_64
                0x10001850       0x14 CMakeFiles/app.dir/home/juan/pico-sdk/src/rp2_common/hardware_timer/timer.c.o
                0x10001850                time_us_64
 .text.busy_wait_us
                0x10001864       0x64 CMakeFiles/app.dir/home/juan/pico-sdk/src/rp2_common/hardware_timer/timer.c.o
                0x10001864                busy_wait_us
 .text.uart_init
                0x100018c8      0x104 CMakeFiles/app.dir/home/juan/pico-sdk/src/rp2_common/hardware_uart/uart.c.o
                0x100018c8                uart_init
 .text.clock_configure_undivided
                0x100019cc       0xd0 CMakeFiles/app.dir/home/juan/pico-sdk/src/rp2_common/hardware_clocks/clocks.c.o
                0x100019cc                clock_configure_undivided
 .text.clock_get_hz
                0x10001a9c        0xc CMakeFiles/app.dir/home/juan/pico-sdk/src/rp2_common/hardware_clocks/clocks.c.o
                0x10001a9c                clock_get_hz
 .text.pll_init
                0x10001aa8       0x8c CMakeFiles/app.dir/home/juan/pico-sdk/src/rp2_common/hardware_pll/pll.c.o
                0x10001aa8                pll_init
 .text.watchdog_reboot
                0x10001b34       0x98 CMakeFiles/app.dir/home/juan/pico-sdk/src/rp2_common/hardware_watchdog/watchdog.c.o
                0x10001b34                watchdog_reboot
 .text.tick_start
                0x10001bcc       0x18 CMakeFiles/app.dir/home/juan/pico-sdk/src/rp2_common/hardware_ticks/ticks.c.o
                0x10001bcc                tick_start
 .text.rom_reboot.constprop.0.isra.0
                0x10001be4       0x34 CMakeFiles/app.dir/home/juan/pico-sdk/src/rp2_common/pico_bootrom/bootrom.c.o
 .text.rom_func_lookup
                0x10001c18       0x18 CMakeFiles/app.dir/home/juan/pico-sdk/src/rp2_common/pico_bootrom/bootrom.c.o
                0x10001c18                rom_func_lookup
 .text.rom_reset_usb_boot_extra
                0x10001c30       0x1c CMakeFiles/app.dir/home/juan/pico-sdk/src/rp2_common/pico_bootrom/bootrom.c.o
                0x10001c30                rom_reset_usb_boot_extra
 .text.runtime_init_bootrom_locking_enable
                0x10001c4c       0x14 CMakeFiles/app.dir/home/juan/pico-sdk/src/rp2_common/pico_bootrom/bootrom_lock.c.o
                0x10001c4c                runtime_init_bootrom_locking_enable
 .text.runtime_init_boot_locks_reset
                0x10001c60       0x1c CMakeFiles/app.dir/home/juan/pico-sdk/src/rp2_common/hardware_boot_lock/boot_lock.c.o
                0x10001c60                runtime_init_boot_locks_reset
 .text.xosc_init
                0x10001c7c       0x30 CMakeFiles/app.dir/home/juan/pico-sdk/src/rp2_common/hardware_xosc/xosc.c.o
                0x10001c7c                xosc_init
 .text.first_per_core_initializer
                0x10001cac        0x4 CMakeFiles/app.dir/home/juan/pico-sdk/src/rp2_common/pico_runtime/runtime.c.o
 .text.hard_assertion_failure
                0x10001cb0        0xc CMakeFiles/app.dir/home/juan/pico-sdk/src/rp2_common/pico_runtime/runtime.c.o
                0x10001cb0                hard_assertion_failure
 .text.runtime_run_initializers
                0x10001cbc       0x20 CMakeFiles/app.dir/home/juan/pico-sdk/src/rp2_common/pico_runtime/runtime.c.o
                0x10001cbc                runtime_run_initializers
 .text.runtime_init_early_resets
                0x10001cdc       0x34 CMakeFiles/app.dir/home/juan/pico-sdk/src/rp2_common/pico_runtime_init/runtime_init.c.o
                0x10001cdc                runtime_init_early_resets
 .text.runtime_init_usb_power_down
                0x10001d10       0x1c CMakeFiles/app.dir/home/juan/pico-sdk/src/rp2_common/pico_runtime_init/runtime_init.c.o
                0x10001d10                runtime_init_usb_power_down
 .text.runtime_init_per_core_enable_coprocessors
                0x10001d2c       0x1c CMakeFiles/app.dir/home/juan/pico-sdk/src/rp2_common/pico_runtime_init/runtime_init.c.o
                0x10001d2c                runtime_init_per_core_enable_coprocessors
 .text.runtime_init_post_clock_resets
                0x10001d48       0x20 CMakeFiles/app.dir/home/juan/pico-sdk/src/rp2_common/pico_runtime_init/runtime_init.c.o
                0x10001d48                runtime_init_post_clock_resets
 .text.runtime_init_bootrom_reset
                0x10001d68       0x14 CMakeFiles/app.dir/home/juan/pico-sdk/src/rp2_common/pico_runtime_init/runtime_init.c.o
                0x10001d68                runtime_init_bootrom_reset
 .text.runtime_init_per_core_bootrom_reset
                0x10001d7c       0x14 CMakeFiles/app.dir/home/juan/pico-sdk/src/rp2_common/pico_runtime_init/runtime_init.c.o
                0x10001d7c                runtime_init_per_core_bootrom_reset
 .text.runtime_init_spin_locks_reset
                0x10001d90        0x4 CMakeFiles/app.dir/home/juan/pico-sdk/src/rp2_common/pico_runtime_init/runtime_init.c.o
                0x10001d90                runtime_init_spin_locks_reset
 .text.runtime_init_install_ram_vector_table
                0x10001d94       0x20 CMakeFiles/app.dir/home/juan/pico-sdk/src/rp2_common/pico_runtime_init/runtime_init.c.o
                0x10001d94                runtime_init_install_ram_vector_table
 .text.runtime_init_clocks
                0x10001db4       0xdc CMakeFiles/app.dir/home/juan/pico-sdk/src/rp2_common/pico_runtime_init/runtime_init_clocks.c.o
                0x10001db4                runtime_init_clocks
 .text.__rp2350_dcp_engaged_state_save_restore
                0x10001e90       0x3a CMakeFiles/app.dir/home/juan/pico-sdk/src/rp2_common/pico_double/double_aeabi_dcp.S.o
 *fill*         0x10001eca        0x2 
 .text.__wrap___aeabi_dadd
                0x10001ecc       0x28 CMakeFiles/app.dir/home/juan/pico-sdk/src/rp2_common/pico_double/double_aeabi_dcp.S.o
                0x10001ed4                __wrap___aeabi_dadd
 .text.__wrap___aeabi_dsub
                0x10001ef4       0x28 CMakeFiles/app.dir/home/juan/pico-sdk/src/rp2_common/pico_double/double_aeabi_dcp.S.o
                0x10001efc                __wrap___aeabi_dsub
 .text.__wrap___aeabi_dmul
                0x10001f1c       0x4c CMakeFiles/app.dir/home/juan/pico-sdk/src/rp2_common/pico_double/double_aeabi_dcp.S.o
                0x10001f24                __wrap___aeabi_dmul
 .text.__wrap___aeabi_ddiv
                0x10001f68       0x9c CMakeFiles/app.dir/home/juan/pico-sdk/src/rp2_common/pico_double/double_aeabi_dcp.S.o
                0x10001f70                __wrap___aeabi_ddiv
 .text.__wrap___aeabi_i2d
                0x10002004       0x24 CMakeFiles/app.dir/home/juan/pico-sdk/src/rp2_common/pico_double/double_aeabi_dcp.S.o
                0x1000200c                __wrap___aeabi_i2d
                0x1000200c                int2double
 .text.__wrap___aeabi_ui2d
                0x10002028       0x24 CMakeFiles/app.dir/home/juan/pico-sdk/src/rp2_common/pico_double/double_aeabi_dcp.S.o
                0x10002030                __wrap___aeabi_ui2d
                0x10002030                uint2double
 .text.__wrap___aeabi_d2iz
                0x1000204c       0x24 CMakeFiles/app.dir/home/juan/pico-sdk/src/rp2_common/pico_double/double_aeabi_dcp.S.o
                0x10002054                __wrap___aeabi_d2iz
                0x10002054                double2int_z
 .text.__wrap___aeabi_d2uiz
                0x10002070       0x24 CMakeFiles/app.dir/home/juan/pico-sdk/src/rp2_common/pico_double/double_aeabi_dcp.S.o
                0x10002078                double2uint_z
                0x10002078                double2uint
                0x10002078                __wrap___aeabi_d2uiz
 .text.__wrap___aeabi_dcmpun
                0x10002094       0x24 CMakeFiles/app.dir/home/juan/pico-sdk/src/rp2_common/pico_double/double_aeabi_dcp.S.o
                0x1000209c                __wrap___aeabi_dcmpun
 .text.__wrap___aeabi_dcmplt
                0x100020b8       0x28 CMakeFiles/app.dir/home/juan/pico-sdk/src/rp2_common/pico_double/double_aeabi_dcp.S.o
                0x100020c0                __wrap___aeabi_dcmplt
 .text.__wrap___aeabi_dcmpge
                0x100020e0       0x28 CMakeFiles/app.dir/home/juan/pico-sdk/src/rp2_common/pico_double/double_aeabi_dcp.S.o
                0x100020e8                __wrap___aeabi_dcmpge
 .text.__wrap___aeabi_dcmpgt
                0x10002108       0x28 CMakeFiles/app.dir/home/juan/pico-sdk/src/rp2_common/pico_double/double_aeabi_dcp.S.o
                0x10002110                __wrap___aeabi_dcmpgt
 .text.__wrap_malloc
                0x10002130       0x24 CMakeFiles/app.dir/home/juan/pico-sdk/src/rp2_common/pico_malloc/malloc.c.o
                0x10002130                __wrap_malloc
 .text.__wrap_free
                0x10002154        0x4 CMakeFiles/app.dir/home/juan/pico-sdk/src/rp2_common/pico_malloc/malloc.c.o
                0x10002154                __wrap_free
 .text._out_buffer
                0x10002158        0x8 CMakeFiles/app.dir/home/juan/pico-sdk/src/rp2_common/pico_printf/printf.c.o
 .text._out_null
                0x10002160        0x4 CMakeFiles/app.dir/home/juan/pico-sdk/src/rp2_common/pico_printf/printf.c.o
 .text._out_rev
                0x10002164       0x9c CMakeFiles/app.dir/home/juan/pico-sdk/src/rp2_common/pico_printf/printf.c.o
 .text._ntoa_format
                0x10002200      0x2a4 CMakeFiles/app.dir/home/juan/pico-sdk/src/rp2_common/pico_printf/printf.c.o
 .text._out_char
                0x100024a4        0x8 CMakeFiles/app.dir/home/juan/pico-sdk/src/rp2_common/pico_printf/printf.c.o
 .text._out_fct
                0x100024ac        0xc CMakeFiles/app.dir/home/juan/pico-sdk/src/rp2_common/pico_printf/printf.c.o
 .text._etoa    0x100024b8      0x460 CMakeFiles/app.dir/home/juan/pico-sdk/src/rp2_common/pico_printf/printf.c.o
 .text._ftoa    0x10002918      0x3f4 CMakeFiles/app.dir/home/juan/pico-sdk/src/rp2_common/pico_printf/printf.c.o
 .text._vsnprintf
                0x10002d0c      0x9e8 CMakeFiles/app.dir/home/juan/pico-sdk/src/rp2_common/pico_printf/printf.c.o
 .text.__wrap_sprintf
                0x100036f4       0x2c CMakeFiles/app.dir/home/juan/pico-sdk/src/rp2_common/pico_printf/printf.c.o
                0x100036f4                __wrap_sprintf
 .text.vfctprintf
                0x10003720       0x28 CMakeFiles/app.dir/home/juan/pico-sdk/src/rp2_common/pico_printf/printf.c.o
                0x10003720                vfctprintf
 .text.weak_raw_vprintf
                0x10003748       0x30 CMakeFiles/app.dir/home/juan/pico-sdk/src/rp2_common/pico_printf/printf.c.o
                0x10003748                weak_raw_vprintf
 .text._exit    0x10003778        0x4 CMakeFiles/app.dir/home/juan/pico-sdk/src/rp2_common/pico_clib_interface/newlib_interface.c.o
                0x10003778                _exit
 .text._sbrk    0x1000377c       0x2c CMakeFiles/app.dir/home/juan/pico-sdk/src/rp2_common/pico_clib_interface/newlib_interface.c.o
                0x1000377c                _sbrk
 .text.exit     0x100037a8        0x8 CMakeFiles/app.dir/home/juan/pico-sdk/src/rp2_common/pico_clib_interface/newlib_interface.c.o
                0x100037a8                exit
 .text.runtime_init
                0x100037b0       0x24 CMakeFiles/app.dir/home/juan/pico-sdk/src/rp2_common/pico_clib_interface/newlib_interface.c.o
                0x100037b0                runtime_init
 .text.stdio_out_chars_no_crlf
                0x100037d4        0x8 CMakeFiles/app.dir/home/juan/pico-sdk/src/rp2_common/pico_stdio/stdio.c.o
 .text.stdio_out_chars_crlf
                0x100037dc       0xac CMakeFiles/app.dir/home/juan/pico-sdk/src/rp2_common/pico_stdio/stdio.c.o
 .text.stdio_buffered_printer
                0x10003888       0x60 CMakeFiles/app.dir/home/juan/pico-sdk/src/rp2_common/pico_stdio/stdio.c.o
 .text.stdio_put_string
                0x100038e8       0xf0 CMakeFiles/app.dir/home/juan/pico-sdk/src/rp2_common/pico_stdio/stdio.c.o
                0x100038e8                stdio_put_string
 .text.stdio_set_driver_enabled
                0x100039d8       0x30 CMakeFiles/app.dir/home/juan/pico-sdk/src/rp2_common/pico_stdio/stdio.c.o
                0x100039d8                stdio_set_driver_enabled
 .text.stdio_init_all
                0x10003a08       0x10 CMakeFiles/app.dir/home/juan/pico-sdk/src/rp2_common/pico_stdio/stdio.c.o
                0x10003a08                stdio_init_all
 .text.__wrap_putchar
                0x10003a18       0x84 CMakeFiles/app.dir/home/juan/pico-sdk/src/rp2_common/pico_stdio/stdio.c.o
                0x10003a18                stdio_putchar
                0x10003a18                __wrap_putchar
 .text.__wrap_puts
                0x10003a9c       0x3c CMakeFiles/app.dir/home/juan/pico-sdk/src/rp2_common/pico_stdio/stdio.c.o
                0x10003a9c                __wrap_puts
                0x10003a9c                stdio_puts
 .text.__wrap_vprintf
                0x10003ad8       0xc8 CMakeFiles/app.dir/home/juan/pico-sdk/src/rp2_common/pico_stdio/stdio.c.o
                0x10003ad8                __wrap_vprintf
                0x10003ad8                stdio_vprintf
 .text.__wrap_printf
                0x10003ba0       0x1c CMakeFiles/app.dir/home/juan/pico-sdk/src/rp2_common/pico_stdio/stdio.c.o
                0x10003ba0                stdio_printf
                0x10003ba0                __wrap_printf
 .text.stdio_uart_out_chars
                0x10003bbc       0x50 CMakeFiles/app.dir/home/juan/pico-sdk/src/rp2_common/pico_stdio_uart/stdio_uart.c.o
 .text.stdio_uart_in_chars
                0x10003c0c       0x94 CMakeFiles/app.dir/home/juan/pico-sdk/src/rp2_common/pico_stdio_uart/stdio_uart.c.o
                0x10003c0c                stdio_uart_in_chars
 .text.on_uart_rx
                0x10003ca0       0x24 CMakeFiles/app.dir/home/juan/pico-sdk/src/rp2_common/pico_stdio_uart/stdio_uart.c.o
 .text.stdio_uart_out_flush
                0x10003cc4       0x10 CMakeFiles/app.dir/home/juan/pico-sdk/src/rp2_common/pico_stdio_uart/stdio_uart.c.o
 .text.stdio_uart_set_chars_available_callback
                0x10003cd4       0x88 CMakeFiles/app.dir/home/juan/pico-sdk/src/rp2_common/pico_stdio_uart/stdio_uart.c.o
 .text.stdio_uart_init
                0x10003d5c       0x54 CMakeFiles/app.dir/home/juan/pico-sdk/src/rp2_common/pico_stdio_uart/stdio_uart.c.o
                0x10003d5c                stdio_uart_init
 .text.resetd_init
                0x10003db0        0x4 CMakeFiles/app.dir/home/juan/pico-sdk/src/rp2_common/pico_stdio_usb/reset_interface.c.o
 .text.resetd_reset
                0x10003db4        0xc CMakeFiles/app.dir/home/juan/pico-sdk/src/rp2_common/pico_stdio_usb/reset_interface.c.o
 .text.resetd_open
                0x10003dc0       0x28 CMakeFiles/app.dir/home/juan/pico-sdk/src/rp2_common/pico_stdio_usb/reset_interface.c.o
 .text.resetd_xfer_cb
                0x10003de8        0x4 CMakeFiles/app.dir/home/juan/pico-sdk/src/rp2_common/pico_stdio_usb/reset_interface.c.o
 .text.resetd_control_xfer_cb
                0x10003dec       0x50 CMakeFiles/app.dir/home/juan/pico-sdk/src/rp2_common/pico_stdio_usb/reset_interface.c.o
 .text.tud_descriptor_bos_cb
                0x10003e3c        0x8 CMakeFiles/app.dir/home/juan/pico-sdk/src/rp2_common/pico_stdio_usb/reset_interface.c.o
                0x10003e3c                tud_descriptor_bos_cb
 .text.tud_vendor_control_xfer_cb
                0x10003e44       0x28 CMakeFiles/app.dir/home/juan/pico-sdk/src/rp2_common/pico_stdio_usb/reset_interface.c.o
                0x10003e44                tud_vendor_control_xfer_cb
 .text.usbd_app_driver_get_cb
                0x10003e6c       0x10 CMakeFiles/app.dir/home/juan/pico-sdk/src/rp2_common/pico_stdio_usb/reset_interface.c.o
                0x10003e6c                usbd_app_driver_get_cb
 .text.tud_cdc_line_coding_cb
                0x10003e7c       0x18 CMakeFiles/app.dir/home/juan/pico-sdk/src/rp2_common/pico_stdio_usb/reset_interface.c.o
                0x10003e7c                tud_cdc_line_coding_cb
 .text.stdio_usb_set_chars_available_callback
                0x10003e94       0x14 CMakeFiles/app.dir/home/juan/pico-sdk/src/rp2_common/pico_stdio_usb/stdio_usb.c.o
                0x10003e94                stdio_usb_set_chars_available_callback
 .text.timer_task
                0x10003ea8       0x70 CMakeFiles/app.dir/home/juan/pico-sdk/src/rp2_common/pico_stdio_usb/stdio_usb.c.o
 .text.usb_irq  0x10003f18        0xc CMakeFiles/app.dir/home/juan/pico-sdk/src/rp2_common/pico_stdio_usb/stdio_usb.c.o
 .text.stdio_usb_in_chars
                0x10003f24       0x88 CMakeFiles/app.dir/home/juan/pico-sdk/src/rp2_common/pico_stdio_usb/stdio_usb.c.o
                0x10003f24                stdio_usb_in_chars
 .text.stdio_usb_out_flush
                0x10003fac       0x54 CMakeFiles/app.dir/home/juan/pico-sdk/src/rp2_common/pico_stdio_usb/stdio_usb.c.o
 .text.stdio_usb_out_chars
                0x10004000       0xf4 CMakeFiles/app.dir/home/juan/pico-sdk/src/rp2_common/pico_stdio_usb/stdio_usb.c.o
 .text.low_priority_worker_irq
                0x100040f4       0xd8 CMakeFiles/app.dir/home/juan/pico-sdk/src/rp2_common/pico_stdio_usb/stdio_usb.c.o
 .text.stdio_usb_init
                0x100041cc       0xe8 CMakeFiles/app.dir/home/juan/pico-sdk/src/rp2_common/pico_stdio_usb/stdio_usb.c.o
                0x100041cc                stdio_usb_init
 .text.tud_descriptor_device_cb
                0x100042b4        0x8 CMakeFiles/app.dir/home/juan/pico-sdk/src/rp2_common/pico_stdio_usb/stdio_usb_descriptors.c.o
                0x100042b4                tud_descriptor_device_cb
 .text.tud_descriptor_configuration_cb
                0x100042bc        0x8 CMakeFiles/app.dir/home/juan/pico-sdk/src/rp2_common/pico_stdio_usb/stdio_usb_descriptors.c.o
                0x100042bc                tud_descriptor_configuration_cb
 .text.tud_descriptor_string_cb
                0x100042c4       0x70 CMakeFiles/app.dir/home/juan/pico-sdk/src/rp2_common/pico_stdio_usb/stdio_usb_descriptors.c.o
                0x100042c4                tud_descriptor_string_cb
 .text.startup._retrieve_unique_id_on_boot
                0x10004334       0x30 CMakeFiles/app.dir/home/juan/pico-sdk/src/rp2_common/pico_unique_id/unique_id.c.o
 .text.pico_get_unique_board_id_string
                0x10004364      0x184 CMakeFiles/app.dir/home/juan/pico-sdk/src/rp2_common/pico_unique_id/unique_id.c.o
                0x10004364                pico_get_unique_board_id_string
 .text.dcd_init
                0x100044e8       0x90 CMakeFiles/app.dir/home/juan/pico-sdk/lib/tinyusb/src/portable/raspberrypi/rp2040/dcd_rp2040.c.o
                0x100044e8                dcd_init
 .text.dcd_int_enable
                0x10004578        0x8 CMakeFiles/app.dir/home/juan/pico-sdk/lib/tinyusb/src/portable/raspberrypi/rp2040/dcd_rp2040.c.o
                0x10004578                dcd_int_enable
 .text.dcd_set_address
                0x10004580       0x10 CMakeFiles/app.dir/home/juan/pico-sdk/lib/tinyusb/src/portable/raspberrypi/rp2040/dcd_rp2040.c.o
                0x10004580                dcd_set_address
 .text.dcd_sof_enable
                0x10004590       0x1c CMakeFiles/app.dir/home/juan/pico-sdk/lib/tinyusb/src/portable/raspberrypi/rp2040/dcd_rp2040.c.o
                0x10004590                dcd_sof_enable
 .text.dcd_edpt0_status_complete
                0x100045ac       0x1c CMakeFiles/app.dir/home/juan/pico-sdk/lib/tinyusb/src/portable/raspberrypi/rp2040/dcd_rp2040.c.o
                0x100045ac                dcd_edpt0_status_complete
 .text.dcd_edpt_open
                0x100045c8      0x108 CMakeFiles/app.dir/home/juan/pico-sdk/lib/tinyusb/src/portable/raspberrypi/rp2040/dcd_rp2040.c.o
                0x100045c8                dcd_edpt_open
 .text.dcd_edpt_close_all
                0x100046d0        0x4 CMakeFiles/app.dir/home/juan/pico-sdk/lib/tinyusb/src/portable/raspberrypi/rp2040/dcd_rp2040.c.o
                0x100046d0                dcd_edpt_close_all
 .text.dcd_edpt_xfer
                0x100046d4       0x28 CMakeFiles/app.dir/home/juan/pico-sdk/lib/tinyusb/src/portable/raspberrypi/rp2040/dcd_rp2040.c.o
                0x100046d4                dcd_edpt_xfer
 .text.dcd_edpt_stall
                0x100046fc       0x2c CMakeFiles/app.dir/home/juan/pico-sdk/lib/tinyusb/src/portable/raspberrypi/rp2040/dcd_rp2040.c.o
                0x100046fc                dcd_edpt_stall
 .text.dcd_edpt_clear_stall
                0x10004728       0x2c CMakeFiles/app.dir/home/juan/pico-sdk/lib/tinyusb/src/portable/raspberrypi/rp2040/dcd_rp2040.c.o
                0x10004728                dcd_edpt_clear_stall
 .text.rp2040_usb_init
                0x10004754       0x40 CMakeFiles/app.dir/home/juan/pico-sdk/lib/tinyusb/src/portable/raspberrypi/rp2040/rp2040_usb.c.o
                0x10004754                rp2040_usb_init
 .text.hw_endpoint_xfer_start
                0x10004794       0x40 CMakeFiles/app.dir/home/juan/pico-sdk/lib/tinyusb/src/portable/raspberrypi/rp2040/rp2040_usb.c.o
                0x10004794                hw_endpoint_xfer_start
 .text.configuration_reset
                0x100047d4       0x8c CMakeFiles/app.dir/home/juan/pico-sdk/lib/tinyusb/src/device/usbd.c.o
 .text.tud_event_hook_cb
                0x10004860        0x4 CMakeFiles/app.dir/home/juan/pico-sdk/lib/tinyusb/src/device/usbd.c.o
                0x10004860                tud_event_hook_cb
 .text.tud_sof_cb
                0x10004864        0x4 CMakeFiles/app.dir/home/juan/pico-sdk/lib/tinyusb/src/device/usbd.c.o
                0x10004864                tud_sof_cb
 .text.tud_descriptor_device_qualifier_cb
                0x10004868        0x4 CMakeFiles/app.dir/home/juan/pico-sdk/lib/tinyusb/src/device/usbd.c.o
                0x10004868                tud_descriptor_device_qualifier_cb
 .text.tud_descriptor_other_speed_configuration_cb
                0x1000486c        0x4 CMakeFiles/app.dir/home/juan/pico-sdk/lib/tinyusb/src/device/usbd.c.o
                0x1000486c                tud_descriptor_other_speed_configuration_cb
 .text.tud_mount_cb
                0x10004870        0x4 CMakeFiles/app.dir/home/juan/pico-sdk/lib/tinyusb/src/device/usbd.c.o
                0x10004870                tud_mount_cb
 .text.tud_umount_cb
                0x10004874        0x4 CMakeFiles/app.dir/home/juan/pico-sdk/lib/tinyusb/src/device/usbd.c.o
                0x10004874                tud_umount_cb
 .text.tud_suspend_cb
                0x10004878        0x4 CMakeFiles/app.dir/home/juan/pico-sdk/lib/tinyusb/src/device/usbd.c.o
                0x10004878                tud_suspend_cb
 .text.tud_resume_cb
                0x1000487c        0x4 CMakeFiles/app.dir/home/juan/pico-sdk/lib/tinyusb/src/device/usbd.c.o
                0x1000487c                tud_resume_cb
 .text.tud_mounted
                0x10004880       0x10 CMakeFiles/app.dir/home/juan/pico-sdk/lib/tinyusb/src/device/usbd.c.o
                0x10004880                tud_mounted
 .text.tud_suspended
                0x10004890       0x10 CMakeFiles/app.dir/home/juan/pico-sdk/lib/tinyusb/src/device/usbd.c.o
                0x10004890                tud_suspended
 .text.tud_rhport_init
                0x100048a0       0xf8 CMakeFiles/app.dir/home/juan/pico-sdk/lib/tinyusb/src/device/usbd.c.o
                0x100048a0                tud_rhport_init
 .text.tud_task_ext
                0x10004998      0x784 CMakeFiles/app.dir/home/juan/pico-sdk/lib/tinyusb/src/device/usbd.c.o
                0x10004998                tud_task_ext
 .text.usbd_open_edpt_pair
                0x1000511c       0x98 CMakeFiles/app.dir/home/juan/pico-sdk/lib/tinyusb/src/device/usbd.c.o
                0x1000511c                usbd_open_edpt_pair
 .text.usbd_edpt_open
                0x100051b4       0x44 CMakeFiles/app.dir/home/juan/pico-sdk/lib/tinyusb/src/device/usbd.c.o
                0x100051b4                usbd_edpt_open
 .text.usbd_edpt_claim
                0x100051f8       0x24 CMakeFiles/app.dir/home/juan/pico-sdk/lib/tinyusb/src/device/usbd.c.o
                0x100051f8                usbd_edpt_claim
 .text.usbd_edpt_release
                0x1000521c       0x24 CMakeFiles/app.dir/home/juan/pico-sdk/lib/tinyusb/src/device/usbd.c.o
                0x1000521c                usbd_edpt_release
 .text.usbd_edpt_xfer
                0x10005240       0x70 CMakeFiles/app.dir/home/juan/pico-sdk/lib/tinyusb/src/device/usbd.c.o
                0x10005240                usbd_edpt_xfer
 .text.tud_control_status
                0x100052b0       0x34 CMakeFiles/app.dir/home/juan/pico-sdk/lib/tinyusb/src/device/usbd_control.c.o
                0x100052b0                tud_control_status
 .text.tud_control_xfer
                0x100052e4       0xac CMakeFiles/app.dir/home/juan/pico-sdk/lib/tinyusb/src/device/usbd_control.c.o
                0x100052e4                tud_control_xfer
 .text.usbd_control_reset
                0x10005390       0x14 CMakeFiles/app.dir/home/juan/pico-sdk/lib/tinyusb/src/device/usbd_control.c.o
                0x10005390                usbd_control_reset
 .text.usbd_control_set_complete_callback
                0x100053a4        0xc CMakeFiles/app.dir/home/juan/pico-sdk/lib/tinyusb/src/device/usbd_control.c.o
                0x100053a4                usbd_control_set_complete_callback
 .text.usbd_control_set_request
                0x100053b0       0x1c CMakeFiles/app.dir/home/juan/pico-sdk/lib/tinyusb/src/device/usbd_control.c.o
                0x100053b0                usbd_control_set_request
 .text.usbd_control_xfer_cb
                0x100053cc       0xfc CMakeFiles/app.dir/home/juan/pico-sdk/lib/tinyusb/src/device/usbd_control.c.o
                0x100053cc                usbd_control_xfer_cb
 .text._prep_out_transaction.isra.0
                0x100054c8       0x74 CMakeFiles/app.dir/home/juan/pico-sdk/lib/tinyusb/src/class/cdc/cdc_device.c.o
 .text.tud_cdc_n_connected
                0x1000553c       0x2c CMakeFiles/app.dir/home/juan/pico-sdk/lib/tinyusb/src/class/cdc/cdc_device.c.o
                0x1000553c                tud_cdc_n_connected
 .text.tud_cdc_n_available
                0x10005568       0x18 CMakeFiles/app.dir/home/juan/pico-sdk/lib/tinyusb/src/class/cdc/cdc_device.c.o
                0x10005568                tud_cdc_n_available
 .text.tud_cdc_n_read
                0x10005580       0x8c CMakeFiles/app.dir/home/juan/pico-sdk/lib/tinyusb/src/class/cdc/cdc_device.c.o
                0x10005580                tud_cdc_n_read
 .text.tud_cdc_n_write_flush
                0x1000560c       0x8c CMakeFiles/app.dir/home/juan/pico-sdk/lib/tinyusb/src/class/cdc/cdc_device.c.o
                0x1000560c                tud_cdc_n_write_flush
 .text.tud_cdc_n_write
                0x10005698       0x44 CMakeFiles/app.dir/home/juan/pico-sdk/lib/tinyusb/src/class/cdc/cdc_device.c.o
                0x10005698                tud_cdc_n_write
 .text.tud_cdc_n_write_available
                0x100056dc       0x18 CMakeFiles/app.dir/home/juan/pico-sdk/lib/tinyusb/src/class/cdc/cdc_device.c.o
                0x100056dc                tud_cdc_n_write_available
 .text.cdcd_init
                0x100056f4       0x74 CMakeFiles/app.dir/home/juan/pico-sdk/lib/tinyusb/src/class/cdc/cdc_device.c.o
                0x100056f4                cdcd_init
 .text.cdcd_deinit
                0x10005768       0x2c CMakeFiles/app.dir/home/juan/pico-sdk/lib/tinyusb/src/class/cdc/cdc_device.c.o
                0x10005768                cdcd_deinit
 .text.cdcd_reset
                0x10005794       0x48 CMakeFiles/app.dir/home/juan/pico-sdk/lib/tinyusb/src/class/cdc/cdc_device.c.o
                0x10005794                cdcd_reset
 .text.cdcd_open
                0x100057dc       0xbc CMakeFiles/app.dir/home/juan/pico-sdk/lib/tinyusb/src/class/cdc/cdc_device.c.o
                0x100057dc                cdcd_open
 .text.cdcd_control_xfer_cb
                0x10005898       0xc8 CMakeFiles/app.dir/home/juan/pico-sdk/lib/tinyusb/src/class/cdc/cdc_device.c.o
                0x10005898                cdcd_control_xfer_cb
 .text.cdcd_xfer_cb
                0x10005960      0x100 CMakeFiles/app.dir/home/juan/pico-sdk/lib/tinyusb/src/class/cdc/cdc_device.c.o
                0x10005960                cdcd_xfer_cb
 .text.vendord_init
                0x10005a60       0x5c CMakeFiles/app.dir/home/juan/pico-sdk/lib/tinyusb/src/class/vendor/vendor_device.c.o
                0x10005a60                vendord_init
 .text.vendord_deinit
                0x10005abc       0x1c CMakeFiles/app.dir/home/juan/pico-sdk/lib/tinyusb/src/class/vendor/vendor_device.c.o
                0x10005abc                vendord_deinit
 .text.vendord_reset
                0x10005ad8       0x24 CMakeFiles/app.dir/home/juan/pico-sdk/lib/tinyusb/src/class/vendor/vendor_device.c.o
                0x10005ad8                vendord_reset
 .text.vendord_open
                0x10005afc      0x104 CMakeFiles/app.dir/home/juan/pico-sdk/lib/tinyusb/src/class/vendor/vendor_device.c.o
                0x10005afc                vendord_open
 .text.vendord_xfer_cb
                0x10005c00       0x88 CMakeFiles/app.dir/home/juan/pico-sdk/lib/tinyusb/src/class/vendor/vendor_device.c.o
                0x10005c00                vendord_xfer_cb
 .text.tusb_rhport_init
                0x10005c88       0x60 CMakeFiles/app.dir/home/juan/pico-sdk/lib/tinyusb/src/tusb.c.o
                0x10005c88                tusb_rhport_init
 .text.tu_edpt_claim
                0x10005ce8       0x54 CMakeFiles/app.dir/home/juan/pico-sdk/lib/tinyusb/src/tusb.c.o
                0x10005ce8                tu_edpt_claim
 .text.tu_edpt_release
                0x10005d3c       0x38 CMakeFiles/app.dir/home/juan/pico-sdk/lib/tinyusb/src/tusb.c.o
                0x10005d3c                tu_edpt_release
 .text.tu_edpt_validate
                0x10005d74       0xa0 CMakeFiles/app.dir/home/juan/pico-sdk/lib/tinyusb/src/tusb.c.o
                0x10005d74                tu_edpt_validate
 .text.tu_edpt_bind_driver
                0x10005e14       0x58 CMakeFiles/app.dir/home/juan/pico-sdk/lib/tinyusb/src/tusb.c.o
                0x10005e14                tu_edpt_bind_driver
 .text.tu_edpt_stream_init
                0x10005e6c       0x58 CMakeFiles/app.dir/home/juan/pico-sdk/lib/tinyusb/src/tusb.c.o
                0x10005e6c                tu_edpt_stream_init
 .text.tu_edpt_stream_deinit
                0x10005ec4        0x4 CMakeFiles/app.dir/home/juan/pico-sdk/lib/tinyusb/src/tusb.c.o
                0x10005ec4                tu_edpt_stream_deinit
 .text.tu_edpt_stream_write_zlp_if_needed
                0x10005ec8       0x68 CMakeFiles/app.dir/home/juan/pico-sdk/lib/tinyusb/src/tusb.c.o
                0x10005ec8                tu_edpt_stream_write_zlp_if_needed
 .text.tu_edpt_stream_write_xfer
                0x10005f30       0x70 CMakeFiles/app.dir/home/juan/pico-sdk/lib/tinyusb/src/tusb.c.o
                0x10005f30                tu_edpt_stream_write_xfer
 .text.tu_edpt_stream_read_xfer
                0x10005fa0       0xd0 CMakeFiles/app.dir/home/juan/pico-sdk/lib/tinyusb/src/tusb.c.o
                0x10005fa0                tu_edpt_stream_read_xfer
 .text.tu_fifo_config
                0x10006070       0x60 CMakeFiles/app.dir/home/juan/pico-sdk/lib/tinyusb/src/common/tusb_fifo.c.o
                0x10006070                tu_fifo_config
 .text.tu_fifo_count
                0x100060d0       0x20 CMakeFiles/app.dir/home/juan/pico-sdk/lib/tinyusb/src/common/tusb_fifo.c.o
                0x100060d0                tu_fifo_count
 .text.tu_fifo_empty
                0x100060f0       0x14 CMakeFiles/app.dir/home/juan/pico-sdk/lib/tinyusb/src/common/tusb_fifo.c.o
                0x100060f0                tu_fifo_empty
 .text.tu_fifo_remaining
                0x10006104       0x24 CMakeFiles/app.dir/home/juan/pico-sdk/lib/tinyusb/src/common/tusb_fifo.c.o
                0x10006104                tu_fifo_remaining
 .text.tu_fifo_read
                0x10006128       0x94 CMakeFiles/app.dir/home/juan/pico-sdk/lib/tinyusb/src/common/tusb_fifo.c.o
                0x10006128                tu_fifo_read
 .text.tu_fifo_read_n
                0x100061bc       0xd8 CMakeFiles/app.dir/home/juan/pico-sdk/lib/tinyusb/src/common/tusb_fifo.c.o
                0x100061bc                tu_fifo_read_n
 .text.tu_fifo_write
                0x10006294       0xa0 CMakeFiles/app.dir/home/juan/pico-sdk/lib/tinyusb/src/common/tusb_fifo.c.o
                0x10006294                tu_fifo_write
 .text.tu_fifo_write_n
                0x10006334      0x158 CMakeFiles/app.dir/home/juan/pico-sdk/lib/tinyusb/src/common/tusb_fifo.c.o
                0x10006334                tu_fifo_write_n
 .text.tu_fifo_clear
                0x1000648c       0x38 CMakeFiles/app.dir/home/juan/pico-sdk/lib/tinyusb/src/common/tusb_fifo.c.o
                0x1000648c                tu_fifo_clear
 .text.tu_fifo_set_overwritable
                0x100064c4       0x44 CMakeFiles/app.dir/home/juan/pico-sdk/lib/tinyusb/src/common/tusb_fifo.c.o
                0x100064c4                tu_fifo_set_overwritable
 .text.adc_init
                0x10006508       0x30 CMakeFiles/app.dir/home/juan/pico-sdk/src/rp2_common/hardware_adc/adc.c.o
                0x10006508                adc_init
 .text          0x10006538     0x11a8 ../lib/liblib.a(queue.c.o)
                0x10006538                xQueueGenericReset
                0x100065ac                xQueueGenericCreate
                0x1000662c                xQueueGenericSend
                0x10006920                xQueueGenericSendFromISR
                0x10006a28                xQueueGiveFromISR
                0x10006a80                xQueueReceive
                0x10006d08                xQueueSemaphoreTake
                0x10006f74                xQueuePeek
                0x100071f8                xQueueReceiveFromISR
                0x1000727c                xQueuePeekFromISR
                0x100072c4                uxQueueMessagesWaiting
                0x100072d8                uxQueueSpacesAvailable
                0x100072f0                uxQueueMessagesWaitingFromISR
                0x100072f4                vQueueDelete
                0x1000737c                uxQueueGetQueueNumber
                0x10007380                vQueueSetQueueNumber
                0x10007384                ucQueueGetQueueType
                0x1000738c                uxQueueGetQueueItemSize
                0x10007390                xQueueIsQueueEmptyFromISR
                0x1000739c                xQueueIsQueueFullFromISR
                0x100073ac                vQueueAddToRegistry
                0x1000752c                pcQueueGetName
                0x100075a0                vQueueUnregisterQueue
                0x10007618                vQueueWaitForMessageRestricted
 .text          0x100076e0     0x1da0 ../lib/liblib.a(tasks.c.o)
                0x10007a0c                xTaskCreate
                0x10007c0c                vTaskDelete
                0x10007cb0                eTaskGetState
                0x10007d3c                uxTaskPriorityGet
                0x10007d64                uxTaskPriorityGetFromISR
                0x10007d8c                vTaskPrioritySet
                0x10007e5c                vTaskSuspend
                0x10007f2c                vTaskResume
                0x10007fb8                xTaskResumeFromISR
                0x10008058                vTaskStartScheduler
                0x10008200                vTaskEndScheduler
                0x10008214                vTaskSuspendAll
                0x10008228                xTaskResumeAll
                0x10008364                xTaskDelayUntil
                0x100083f8                vTaskDelay
                0x10008568                xTaskGetTickCount
                0x10008574                xTaskGetTickCountFromISR
                0x10008580                uxTaskGetNumberOfTasks
                0x1000858c                pcTaskGetName
                0x100085a0                uxTaskGetSystemState
                0x10008768                xTaskCatchUpTicks
                0x10008798                xTaskIncrementTick
                0x100087b8                vTaskSwitchContext
                0x100087d0                vTaskPlaceOnEventList
                0x10008868                vTaskPlaceOnUnorderedEventList
                0x10008930                vTaskPlaceOnEventListRestricted
                0x10008a04                xTaskRemoveFromEventList
                0x10008ac8                vTaskRemoveFromUnorderedEventList
                0x10008b60                vTaskSetTimeOutState
                0x10008b84                vTaskInternalSetTimeOutState
                0x10008b98                xTaskCheckForTimeOut
                0x10008bf4                vTaskMissedYield
                0x10008c04                uxTaskGetTaskNumber
                0x10008c0c                vTaskSetTaskNumber
                0x10008c14                vTaskSetThreadLocalStoragePointer
                0x10008c30                pvTaskGetThreadLocalStoragePointer
                0x10008c54                vTaskGetInfo
                0x10008d7c                xTaskGetCurrentTaskHandle
                0x10008d88                xTaskGetSchedulerState
                0x10008da8                vTaskList
                0x10008e84                vTaskGetRunTimeStats
                0x10008f68                uxTaskResetEventItemValue
                0x10008f88                ulTaskGenericNotifyTake
                0x10009010                xTaskGenericNotifyWait
                0x100090b4                xTaskGenericNotify
                0x100091a0                xTaskGenericNotifyFromISR
                0x100092c4                vTaskGenericNotifyGiveFromISR
                0x100093a0                xTaskGenericNotifyStateClear
                0x100093d4                ulTaskGenericNotifyValueClear
                0x10009404                ulTaskGetRunTimeCounter
                0x10009408                ulTaskGetRunTimePercent
                0x10009438                ulTaskGetIdleRunTimeCounter
                0x10009448                ulTaskGetIdleRunTimePercent
 .text          0x10009480      0x4fc ../lib/liblib.a(timers.c.o)
                0x10009758                xTimerCreateTimerTask
                0x100097cc                xTimerCreate
                0x10009864                xTimerGenericCommand
                0x100098bc                xTimerGetTimerDaemonTaskHandle
                0x100098c8                xTimerGetPeriod
                0x100098cc                vTimerSetReloadMode
                0x100098fc                xTimerGetReloadMode
                0x10009914                uxTimerGetReloadMode
                0x1000992c                xTimerGetExpiryTime
                0x10009930                pcTimerGetName
                0x10009934                xTimerIsTimerActive
                0x1000994c                pvTimerGetTimerID
                0x10009960                vTimerSetTimerID
                0x10009974                uxTimerGetTimerNumber
                0x10009978                vTimerSetTimerNumber
 .text          0x1000997c       0x34 ../lib/liblib.a(heap_3.c.o)
                0x1000997c                pvPortMalloc
                0x10009994                vPortFree
 .text          0x100099b0      0x188 ../lib/liblib.a(port.c.o)
                0x100099f4                pxPortInitialiseStack
                0x10009a14                isr_svcall
                0x10009a18                vPortEndScheduler
                0x10009a1c                vPortYield
                0x10009a34                vPortEnterCritical
                0x10009a4c                vPortExitCritical
                0x10009a60                ulSetInterruptMaskFromISR
                0x10009a68                vClearInterruptMaskFromISR
                0x10009a70                isr_pendsv
                0x10009ab4                isr_systick
                0x10009ad8                vPortSetupTimerInterrupt
                0x10009af0                xPortStartScheduler
 .text          0x10009b38       0x94 ../lib/liblib.a(list.c.o)
                0x10009b38                vListInitialise
                0x10009b50                vListInitialiseItem
                0x10009b58                vListInsertEnd
                0x10009b74                vListInsert
                0x10009ba4                uxListRemove
 .text          0x10009bcc       0xa4 /usr/lib/gcc/arm-none-eabi/13.2.1/../../../arm-none-eabi/lib/thumb/v8-m.main+fp/softfp/libg.a(libc_a-memset.o)
                0x10009bcc                memset
 .text          0x10009c70       0x48 /usr/lib/gcc/arm-none-eabi/13.2.1/../../../arm-none-eabi/lib/thumb/v8-m.main+fp/softfp/libg.a(libc_a-stpcpy.o)
                0x10009c70                stpcpy
 .text          0x10009cb8        0xc /usr/lib/gcc/arm-none-eabi/13.2.1/../../../arm-none-eabi/lib/thumb/v8-m.main+fp/softfp/libg.a(libc_a-errno.o)
                0x10009cb8                __errno
 .text          0x10009cc4      0x548 /usr/lib/gcc/arm-none-eabi/13.2.1/../../../arm-none-eabi/lib/thumb/v8-m.main+fp/softfp/libg.a(libc_a-mallocr.o)
                0x10009cc4                _malloc_r
 .text          0x1000a20c      0x2b0 /usr/lib/gcc/arm-none-eabi/13.2.1/../../../arm-none-eabi/lib/thumb/v8-m.main+fp/softfp/libg.a(libc_a-freer.o)
                0x1000a20c                _malloc_trim_r
                0x1000a2c4                _free_r
 .text          0x1000a4bc       0x20 /usr/lib/gcc/arm-none-eabi/13.2.1/../../../arm-none-eabi/lib/thumb/v8-m.main+fp/softfp/libg.a(libc_a-malloc.o)
                0x1000a4bc                malloc
                0x1000a4cc                free
 .text          0x1000a4dc       0xec /usr/lib/gcc/arm-none-eabi/13.2.1/../../../arm-none-eabi/lib/thumb/v8-m.main+fp/softfp/libg.a(libc_a-memcpy.o)
                0x1000a4dc                memcpy
 .text          0x1000a5c8       0x1c /usr/lib/gcc/arm-none-eabi/13.2.1/../../../arm-none-eabi/lib/thumb/v8-m.main+fp/softfp/libg.a(libc_a-sysconf.o)
                0x1000a5c8                sysconf
 .text          0x1000a5e4        0x8 /usr/lib/gcc/arm-none-eabi/13.2.1/../../../arm-none-eabi/lib/thumb/v8-m.main+fp/softfp/libg.a(libc_a-mlock.o)
                0x1000a5e4                __malloc_lock
                0x1000a5e8                __malloc_unlock
 .text          0x1000a5ec        0xc /usr/lib/gcc/arm-none-eabi/13.2.1/../../../arm-none-eabi/lib/thumb/v8-m.main+fp/softfp/libg.a(libc_a-atexit.o)
                0x1000a5ec                atexit
 .text          0x1000a5f8       0x5c /usr/lib/gcc/arm-none-eabi/13.2.1/../../../arm-none-eabi/lib/thumb/v8-m.main+fp/softfp/libg.a(libc_a-strlen-stub.o)
                0x1000a5f8                strlen
 .text          0x1000a654       0x24 /usr/lib/gcc/arm-none-eabi/13.2.1/../../../arm-none-eabi/lib/thumb/v8-m.main+fp/softfp/libg.a(libc_a-sbrkr.o)
                0x1000a654                _sbrk_r
 .text          0x1000a678       0x28 /usr/lib/gcc/arm-none-eabi/13.2.1/../../../arm-none-eabi/lib/thumb/v8-m.main+fp/softfp/libg.a(libc_a-fini.o)
                0x1000a678                __libc_fini_array
 .text          0x1000a6a0       0x64 /usr/lib/gcc/arm-none-eabi/13.2.1/../../../arm-none-eabi/lib/thumb/v8-m.main+fp/softfp/libg.a(libc_a-__atexit.o)
                0x1000a6a0                __register_exitproc
 .text.startup  0x1000a704       0x14 /usr/lib/gcc/arm-none-eabi/13.2.1/../../../arm-none-eabi/lib/thumb/v8-m.main+fp/softfp/libg.a(libc_a-__call_atexit.o)
 *(.fini)
 .fini          0x1000a718        0x4 /usr/lib/gcc/arm-none-eabi/13.2.1/thumb/v8-m.main+fp/softfp/crti.o
                0x1000a718                _fini
 *fill*         0x1000a71c        0x4 
 .fini.__stub   0x1000a720       0x50 linker stubs
 *crtbegin.o(.ctors)
 *crtbegin?.o(.ctors)
 *(EXCLUDE_FILE(*crtend.o *crtend?.o) .ctors)
 *(SORT_BY_NAME(.ctors.*))
 *(.ctors)
 *crtbegin.o(.dtors)
 *crtbegin?.o(.dtors)
 *(EXCLUDE_FILE(*crtend.o *crtend?.o) .dtors)
 *(SORT_BY_NAME(.dtors.*))
 *(.dtors)
                0x1000a770                        . = ALIGN (0x4)
                0x1000a770                        PROVIDE (__preinit_array_start = .)
 *(SORT_BY_NAME(.preinit_array.*))
 .preinit_array.00050
                0x1000a770        0x4 CMakeFiles/app.dir/home/juan/pico-sdk/src/rp2_common/pico_runtime_init/runtime_init.c.o
                0x1000a770                __pre_init_runtime_init_bootrom_reset
 .preinit_array.00100
                0x1000a774        0x4 CMakeFiles/app.dir/home/juan/pico-sdk/src/rp2_common/pico_runtime_init/runtime_init.c.o
                0x1000a774                __pre_init_runtime_init_early_resets
 .preinit_array.00101
                0x1000a778        0x4 CMakeFiles/app.dir/home/juan/pico-sdk/src/rp2_common/pico_runtime_init/runtime_init.c.o
                0x1000a778                __pre_init_runtime_init_usb_power_down
 .preinit_array.00500
                0x1000a77c        0x4 CMakeFiles/app.dir/home/juan/pico-sdk/src/rp2_common/pico_runtime_init/runtime_init.c.o
                0x1000a77c                __pre_init_runtime_init_clocks
 .preinit_array.00600
                0x1000a780        0x4 CMakeFiles/app.dir/home/juan/pico-sdk/src/rp2_common/pico_runtime_init/runtime_init.c.o
                0x1000a780                __pre_init_runtime_init_post_clock_resets
 .preinit_array.01000
                0x1000a784        0x4 CMakeFiles/app.dir/home/juan/pico-sdk/src/rp2_common/hardware_boot_lock/boot_lock.c.o
                0x1000a784                __pre_init_runtime_init_boot_locks_reset
 .preinit_array.01000
                0x1000a788        0x4 CMakeFiles/app.dir/home/juan/pico-sdk/src/rp2_common/pico_runtime_init/runtime_init.c.o
                0x1000a788                __pre_init_runtime_init_spin_locks_reset
 .preinit_array.01010
                0x1000a78c        0x4 CMakeFiles/app.dir/home/juan/pico-sdk/src/rp2_common/pico_bootrom/bootrom_lock.c.o
                0x1000a78c                __pre_init_runtime_init_bootrom_locking_enable
 .preinit_array.01100
                0x1000a790        0x4 CMakeFiles/app.dir/home/juan/pico-sdk/src/common/pico_sync/mutex.c.o
                0x1000a790                __pre_init_runtime_init_mutex
 .preinit_array.10080
                0x1000a794        0x4 CMakeFiles/app.dir/home/juan/pico-sdk/src/rp2_common/pico_runtime_init/runtime_init.c.o
                0x1000a794                __pre_init_runtime_init_install_ram_vector_table
 .preinit_array.11000
                0x1000a798        0x4 CMakeFiles/app.dir/home/juan/pico-sdk/src/common/pico_time/time.c.o
                0x1000a798                __pre_init_runtime_init_default_alarm_pool
 .preinit_array.YYYYY
                0x1000a79c        0x4 CMakeFiles/app.dir/home/juan/pico-sdk/src/rp2_common/pico_runtime/runtime.c.o
                0x1000a79c                __pre_init_first_per_core_initializer
 .preinit_array.ZZZZZ.00051
                0x1000a7a0        0x4 CMakeFiles/app.dir/home/juan/pico-sdk/src/rp2_common/pico_runtime_init/runtime_init.c.o
                0x1000a7a0                __pre_init_runtime_init_per_core_bootrom_reset
 .preinit_array.ZZZZZ.00200
                0x1000a7a4        0x4 CMakeFiles/app.dir/home/juan/pico-sdk/src/rp2_common/pico_runtime_init/runtime_init.c.o
                0x1000a7a4                __pre_init_runtime_init_per_core_enable_coprocessors
 .preinit_array.ZZZZZ.01000
                0x1000a7a8        0x4 CMakeFiles/app.dir/home/juan/pico-sdk/src/rp2_common/hardware_sync_spin_lock/sync_spin_lock.c.o
                0x1000a7a8                __pre_init_spinlock_set_extexclall
 .preinit_array.ZZZZZ.01200
                0x1000a7ac        0x4 CMakeFiles/app.dir/home/juan/pico-sdk/src/rp2_common/hardware_irq/irq.c.o
                0x1000a7ac                __pre_init_runtime_init_per_core_irq_priorities
 *(.preinit_array)
                0x1000a7b0                        PROVIDE (__preinit_array_end = .)
                0x1000a7b0                        . = ALIGN (0x4)
                0x1000a7b0                        PROVIDE (__init_array_start = .)
 *(SORT_BY_NAME(.init_array.*))
 .init_array.00000
                0x1000a7b0        0x4 /usr/lib/gcc/arm-none-eabi/13.2.1/../../../arm-none-eabi/lib/thumb/v8-m.main+fp/softfp/libg.a(libc_a-__call_atexit.o)
 *(.init_array)
 .init_array    0x1000a7b4        0x4 /usr/lib/gcc/arm-none-eabi/13.2.1/thumb/v8-m.main+fp/softfp/crtbegin.o
 .init_array    0x1000a7b8        0x4 CMakeFiles/app.dir/home/juan/pico-sdk/src/rp2_common/pico_unique_id/unique_id.c.o
                0x1000a7bc                        PROVIDE (__init_array_end = .)
                0x1000a7bc                        . = ALIGN (0x4)
                0x1000a7bc                        PROVIDE (__fini_array_start = .)
 *(SORT_BY_NAME(.fini_array.*))
 *(.fini_array)
                0x1000a7bc                        PROVIDE (__fini_array_end = .)
 *(.eh_frame*)
 .eh_frame      0x1000a7bc        0x0 /usr/lib/gcc/arm-none-eabi/13.2.1/thumb/v8-m.main+fp/softfp/crtbegin.o
                0x1000a7bc                        . = ALIGN (0x4)

.glue_7         0x1000a7bc        0x0
 .glue_7        0x1000a7bc        0x0 linker stubs

.glue_7t        0x1000a7bc        0x0
 .glue_7t       0x1000a7bc        0x0 linker stubs

.vfp11_veneer   0x1000a7bc        0x0
 .vfp11_veneer  0x1000a7bc        0x0 linker stubs

.v4_bx          0x1000a7bc        0x0
 .v4_bx         0x1000a7bc        0x0 linker stubs

.iplt           0x1000a7bc        0x0
 .iplt          0x1000a7bc        0x0 /usr/lib/gcc/arm-none-eabi/13.2.1/thumb/v8-m.main+fp/softfp/crtbegin.o

.boot2          0x1000a7bc        0x0
                0x1000a7bc                        __boot2_start__ = .
 *(.boot2)
                0x1000a7bc                        __boot2_end__ = .
                0x00000001                        ASSERT (((__boot2_end__ - __boot2_start__) <= 0x100), ERROR: Pico second stage bootloader must be no more than 256 bytes in size)

.rodata         0x1000a7c0      0x564
 *(EXCLUDE_FILE(*libm.a: *libc.a:*lib_a-mem*.o *libgcc.a:) .rodata*)
 .rodata.gpio_callback.str1.4
                0x1000a7c0      0x2b0 CMakeFiles/app.dir/main.c.o
                                 0x1b (size before relaxing)
 .rodata.process_button_task.str1.4
                0x1000aa70       0x4d CMakeFiles/app.dir/main.c.o
 .rodata.main.str1.4
                0x1000aa70       0x4d CMakeFiles/app.dir/main.c.o
 .rodata.str1.4
                0x1000aa70        0x6 CMakeFiles/app.dir/main.c.o
 .rodata        0x1000aa70       0x28 CMakeFiles/app.dir/main.c.o
 .rodata.ADC_Read_Task.str1.4
                0x1000aa98        0xf CMakeFiles/app.dir/adc_custom.c.o
 .rodata.panic.str1.4
                0x1000aa98       0x12 CMakeFiles/app.dir/home/juan/pico-sdk/src/rp2_common/pico_platform_panic/panic.c.o
 .rodata.spin_lock_claim_unused.str1.4
                0x1000aa98       0x1b CMakeFiles/app.dir/home/juan/pico-sdk/src/rp2_common/hardware_sync/sync.c.o
 .rodata.user_irq_claim_unused.str1.4
                0x1000aa98       0x1b CMakeFiles/app.dir/home/juan/pico-sdk/src/rp2_common/hardware_irq/irq.c.o
 .rodata.timer_hardware_alarm_claim.str1.4
                0x1000aa98       0x22 CMakeFiles/app.dir/home/juan/pico-sdk/src/rp2_common/hardware_timer/timer.c.o
 .rodata.hard_assertion_failure.str1.4
                0x1000aa98        0xc CMakeFiles/app.dir/home/juan/pico-sdk/src/rp2_common/pico_runtime/runtime.c.o
 .rodata.__wrap_malloc.str1.4
                0x1000aa98        0xe CMakeFiles/app.dir/home/juan/pico-sdk/src/rp2_common/pico_malloc/malloc.c.o
 .rodata.str1.4
                0x1000aa98       0x38 CMakeFiles/app.dir/home/juan/pico-sdk/src/rp2_common/pico_standard_binary_info/standard_binary_info.c.o
 .rodata.__bi_84
                0x1000aa98        0xc CMakeFiles/app.dir/home/juan/pico-sdk/src/rp2_common/pico_standard_binary_info/standard_binary_info.c.o
 .rodata.__bi_78
                0x1000aaa4        0xc CMakeFiles/app.dir/home/juan/pico-sdk/src/rp2_common/pico_standard_binary_info/standard_binary_info.c.o
 .rodata.__bi_54
                0x1000aab0        0xc CMakeFiles/app.dir/home/juan/pico-sdk/src/rp2_common/pico_standard_binary_info/standard_binary_info.c.o
 .rodata.__bi_48
                0x1000aabc        0xc CMakeFiles/app.dir/home/juan/pico-sdk/src/rp2_common/pico_standard_binary_info/standard_binary_info.c.o
 .rodata.__bi_42
                0x1000aac8        0xc CMakeFiles/app.dir/home/juan/pico-sdk/src/rp2_common/pico_standard_binary_info/standard_binary_info.c.o
 .rodata.__bi_34
                0x1000aad4        0xc CMakeFiles/app.dir/home/juan/pico-sdk/src/rp2_common/pico_standard_binary_info/standard_binary_info.c.o
 .rodata.__bi_26
                0x1000aae0        0xc CMakeFiles/app.dir/home/juan/pico-sdk/src/rp2_common/pico_standard_binary_info/standard_binary_info.c.o
 .rodata._ftoa.str1.4
                0x1000aaec       0x15 CMakeFiles/app.dir/home/juan/pico-sdk/src/rp2_common/pico_printf/printf.c.o
 *fill*         0x1000aaec        0x4 
 .rodata.pow10.0
                0x1000aaf0       0x50 CMakeFiles/app.dir/home/juan/pico-sdk/src/rp2_common/pico_printf/printf.c.o
 .rodata.crlf_str.0
                0x1000ab40        0x2 CMakeFiles/app.dir/home/juan/pico-sdk/src/rp2_common/pico_stdio/stdio.c.o
 .rodata.str1.4
                0x1000ab42       0x2c CMakeFiles/app.dir/home/juan/pico-sdk/src/rp2_common/pico_stdio_uart/stdio_uart.c.o
 *fill*         0x1000ab42        0x2 
 .rodata.__bi_45.4
                0x1000ab44        0xc CMakeFiles/app.dir/home/juan/pico-sdk/src/rp2_common/pico_stdio_uart/stdio_uart.c.o
 .rodata.__bi_49.5
                0x1000ab50        0x8 CMakeFiles/app.dir/home/juan/pico-sdk/src/rp2_common/pico_stdio_uart/stdio_uart.c.o
 .rodata.__bi_50.6
                0x1000ab58        0x8 CMakeFiles/app.dir/home/juan/pico-sdk/src/rp2_common/pico_stdio_uart/stdio_uart.c.o
 .rodata._resetd_driver
                0x1000ab60       0x20 CMakeFiles/app.dir/home/juan/pico-sdk/src/rp2_common/pico_stdio_usb/reset_interface.c.o
 .rodata.desc_ms_os_20
                0x1000ab80       0xa6 CMakeFiles/app.dir/home/juan/pico-sdk/src/rp2_common/pico_stdio_usb/reset_interface.c.o
 *fill*         0x1000ac26        0x2 
 .rodata.desc_bos
                0x1000ac28       0x21 CMakeFiles/app.dir/home/juan/pico-sdk/src/rp2_common/pico_stdio_usb/reset_interface.c.o
                0x1000ac28                desc_bos
 .rodata.str1.4
                0x1000ac49       0x13 CMakeFiles/app.dir/home/juan/pico-sdk/src/rp2_common/pico_stdio_usb/stdio_usb.c.o
 *fill*         0x1000ac49        0x3 
 .rodata.__bi_197.0
                0x1000ac4c        0xc CMakeFiles/app.dir/home/juan/pico-sdk/src/rp2_common/pico_stdio_usb/stdio_usb.c.o
 .rodata.str1.4
                0x1000ac58       0x2a CMakeFiles/app.dir/home/juan/pico-sdk/src/rp2_common/pico_stdio_usb/stdio_usb_descriptors.c.o
 .rodata.usbd_desc_str
                0x1000ac58       0x18 CMakeFiles/app.dir/home/juan/pico-sdk/src/rp2_common/pico_stdio_usb/stdio_usb_descriptors.c.o
 .rodata.usbd_desc_cfg
                0x1000ac70       0x54 CMakeFiles/app.dir/home/juan/pico-sdk/src/rp2_common/pico_stdio_usb/stdio_usb_descriptors.c.o
 .rodata.usbd_desc_device
                0x1000acc4       0x12 CMakeFiles/app.dir/home/juan/pico-sdk/src/rp2_common/pico_stdio_usb/stdio_usb_descriptors.c.o
 .rodata.str1.4
                0x1000acd6       0x14 CMakeFiles/app.dir/home/juan/pico-sdk/lib/tinyusb/src/portable/raspberrypi/rp2040/dcd_rp2040.c.o
 .rodata.str1.4
                0x1000acd6       0x48 CMakeFiles/app.dir/home/juan/pico-sdk/lib/tinyusb/src/portable/raspberrypi/rp2040/rp2040_usb.c.o
 *fill*         0x1000acd6        0x2 
 .rodata._usbd_driver
                0x1000acd8       0x40 CMakeFiles/app.dir/home/juan/pico-sdk/lib/tinyusb/src/device/usbd.c.o
 .rodata.str1.4
                0x1000ad18       0x28 ../lib/liblib.a(tasks.c.o)
 .rodata        0x1000ad18        0x9 ../lib/liblib.a(tasks.c.o)
                0x1000ad18                uxTopUsedPriority
 .rodata.str1.4
                0x1000ad21       0x10 ../lib/liblib.a(timers.c.o)
 *(.srodata*)
                0x1000ad40                        . = ALIGN (0x4)
 *fill*         0x1000ad21        0x3 
 *(SORT_BY_ALIGNMENT(SORT_BY_NAME(.flashdata*)))
                0x1000ad24                        . = ALIGN (0x4)

.ARM.extab
 *(.ARM.extab* .gnu.linkonce.armextab.*)
                0x1000ad24                        __exidx_start = .

.ARM.exidx      0x1000ad24        0x8
 *(.ARM.exidx* .gnu.linkonce.armexidx.*)
 .ARM.exidx     0x1000ad24        0x8 /usr/lib/gcc/arm-none-eabi/13.2.1/../../../arm-none-eabi/lib/thumb/v8-m.main+fp/softfp/libg.a(libc_a-memcpy.o)
 .ARM.exidx     0x1000ad2c        0x0 /usr/lib/gcc/arm-none-eabi/13.2.1/thumb/v8-m.main+fp/softfp/libgcc.a(_udivmoddi4.o)
                                  0x8 (size before relaxing)
                0x1000ad2c                        __exidx_end = .
                0x1000ad2c                        . = ALIGN (0x4)
                0x1000ad2c                        __binary_info_start = .

.binary_info    0x1000ad2c       0x2c
 *(.binary_info.keep.*)
 .binary_info.keep.__bi_ptr84
                0x1000ad2c        0x4 CMakeFiles/app.dir/home/juan/pico-sdk/src/rp2_common/pico_standard_binary_info/standard_binary_info.c.o
 .binary_info.keep.__bi_ptr78
                0x1000ad30        0x4 CMakeFiles/app.dir/home/juan/pico-sdk/src/rp2_common/pico_standard_binary_info/standard_binary_info.c.o
 .binary_info.keep.__bi_ptr54
                0x1000ad34        0x4 CMakeFiles/app.dir/home/juan/pico-sdk/src/rp2_common/pico_standard_binary_info/standard_binary_info.c.o
 .binary_info.keep.__bi_ptr48
                0x1000ad38        0x4 CMakeFiles/app.dir/home/juan/pico-sdk/src/rp2_common/pico_standard_binary_info/standard_binary_info.c.o
 .binary_info.keep.__bi_ptr42
                0x1000ad3c        0x4 CMakeFiles/app.dir/home/juan/pico-sdk/src/rp2_common/pico_standard_binary_info/standard_binary_info.c.o
 .binary_info.keep.__bi_ptr34
                0x1000ad40        0x4 CMakeFiles/app.dir/home/juan/pico-sdk/src/rp2_common/pico_standard_binary_info/standard_binary_info.c.o
 .binary_info.keep.__bi_ptr26
                0x1000ad44        0x4 CMakeFiles/app.dir/home/juan/pico-sdk/src/rp2_common/pico_standard_binary_info/standard_binary_info.c.o
 *(.binary_info.*)
 .binary_info.__bi_ptr50
                0x1000ad48        0x4 CMakeFiles/app.dir/home/juan/pico-sdk/src/rp2_common/pico_stdio_uart/stdio_uart.c.o
 .binary_info.__bi_ptr49
                0x1000ad4c        0x4 CMakeFiles/app.dir/home/juan/pico-sdk/src/rp2_common/pico_stdio_uart/stdio_uart.c.o
 .binary_info.__bi_ptr45
                0x1000ad50        0x4 CMakeFiles/app.dir/home/juan/pico-sdk/src/rp2_common/pico_stdio_uart/stdio_uart.c.o
 .binary_info.__bi_ptr197
                0x1000ad54        0x4 CMakeFiles/app.dir/home/juan/pico-sdk/src/rp2_common/pico_stdio_usb/stdio_usb.c.o
                0x1000ad58                        __binary_info_end = .
                0x1000ad58                        . = ALIGN (0x4)

.ram_vector_table
                0x20000000      0x110
 *(.ram_vector_table)
 .ram_vector_table
                0x20000000      0x110 CMakeFiles/app.dir/home/juan/pico-sdk/src/rp2_common/pico_runtime_init/runtime_init.c.o
                0x20000000                ram_vector_table

.uninitialized_data
                0x20000110        0x0
                0x20000110                        . = ALIGN (0x4)
 *(.uninitialized_data*)

.data           0x20000110     0x1610 load address 0x1000ad58
                0x20000110                        __data_start__ = .
 *(vtable)
 *(.time_critical*)
 .time_critical.mutex_try_enter
                0x20000110       0x50 CMakeFiles/app.dir/home/juan/pico-sdk/src/common/pico_sync/mutex.c.o
                0x20000110                mutex_try_enter
 .time_critical.mutex_enter_block_until
                0x20000160       0x70 CMakeFiles/app.dir/home/juan/pico-sdk/src/common/pico_sync/mutex.c.o
                0x20000160                mutex_enter_block_until
 .time_critical.mutex_try_enter_block_until
                0x200001d0       0x6c CMakeFiles/app.dir/home/juan/pico-sdk/src/common/pico_sync/mutex.c.o
                0x200001d0                mutex_try_enter_block_until
 .time_critical.mutex_enter_timeout_ms
                0x2000023c       0x38 CMakeFiles/app.dir/home/juan/pico-sdk/src/common/pico_sync/mutex.c.o
                0x2000023c                mutex_enter_timeout_ms
 .time_critical.mutex_exit
                0x20000274       0x3c CMakeFiles/app.dir/home/juan/pico-sdk/src/common/pico_sync/mutex.c.o
                0x20000274                mutex_exit
 .time_critical.reset_non_control_endpoints
                0x200002b0       0x64 CMakeFiles/app.dir/home/juan/pico-sdk/lib/tinyusb/src/portable/raspberrypi/rp2040/dcd_rp2040.c.o
 .time_critical.hw_handle_buff_status
                0x20000314       0x94 CMakeFiles/app.dir/home/juan/pico-sdk/lib/tinyusb/src/portable/raspberrypi/rp2040/dcd_rp2040.c.o
 .time_critical.dcd_rp2040_irq
                0x200003a8      0x4fc CMakeFiles/app.dir/home/juan/pico-sdk/lib/tinyusb/src/portable/raspberrypi/rp2040/dcd_rp2040.c.o
 .time_critical.prepare_ep_buffer
                0x200008a4       0xd0 CMakeFiles/app.dir/home/juan/pico-sdk/lib/tinyusb/src/portable/raspberrypi/rp2040/rp2040_usb.c.o
 .time_critical.sync_ep_buffer
                0x20000974       0xb8 CMakeFiles/app.dir/home/juan/pico-sdk/lib/tinyusb/src/portable/raspberrypi/rp2040/rp2040_usb.c.o
 .time_critical._hw_endpoint_xfer_sync
                0x20000a2c       0x2c CMakeFiles/app.dir/home/juan/pico-sdk/lib/tinyusb/src/portable/raspberrypi/rp2040/rp2040_usb.c.o
 .time_critical.e15_is_bulkin_ep
                0x20000a58       0x28 CMakeFiles/app.dir/home/juan/pico-sdk/lib/tinyusb/src/portable/raspberrypi/rp2040/rp2040_usb.c.o
 .time_critical.e15_is_critical_frame_period
                0x20000a80       0x28 CMakeFiles/app.dir/home/juan/pico-sdk/lib/tinyusb/src/portable/raspberrypi/rp2040/rp2040_usb.c.o
 .time_critical.hw_endpoint_reset_transfer
                0x20000aa8        0xc CMakeFiles/app.dir/home/juan/pico-sdk/lib/tinyusb/src/portable/raspberrypi/rp2040/rp2040_usb.c.o
                0x20000aa8                hw_endpoint_reset_transfer
 .time_critical._hw_endpoint_buffer_control_update32
                0x20000ab4       0x44 CMakeFiles/app.dir/home/juan/pico-sdk/lib/tinyusb/src/portable/raspberrypi/rp2040/rp2040_usb.c.o
                0x20000ab4                _hw_endpoint_buffer_control_update32
 .time_critical.hw_endpoint_start_next_buffer
                0x20000af8       0x64 CMakeFiles/app.dir/home/juan/pico-sdk/lib/tinyusb/src/portable/raspberrypi/rp2040/rp2040_usb.c.o
                0x20000af8                hw_endpoint_start_next_buffer
 .time_critical.hw_endpoint_xfer_continue
                0x20000b5c       0x3c CMakeFiles/app.dir/home/juan/pico-sdk/lib/tinyusb/src/portable/raspberrypi/rp2040/rp2040_usb.c.o
                0x20000b5c                hw_endpoint_xfer_continue
 .time_critical.tinyusb
                0x20000b98      0x224 CMakeFiles/app.dir/home/juan/pico-sdk/lib/tinyusb/src/device/usbd.c.o
                0x20000b98                dcd_event_handler
 *(.text*)
 .text          0x20000dbc       0x30 /usr/lib/gcc/arm-none-eabi/13.2.1/thumb/v8-m.main+fp/softfp/libgcc.a(_aeabi_uldivmod.o)
                0x20000dbc                __aeabi_uldivmod
 .text          0x20000dec      0x300 /usr/lib/gcc/arm-none-eabi/13.2.1/thumb/v8-m.main+fp/softfp/libgcc.a(_udivmoddi4.o)
                0x20000dec                __udivmoddi4
 .text          0x200010ec        0x4 /usr/lib/gcc/arm-none-eabi/13.2.1/thumb/v8-m.main+fp/softfp/libgcc.a(_dvmd_tls.o)
                0x200010ec                __aeabi_ldiv0
                0x200010ec                __aeabi_idiv0
 .text.__stub   0x200010f0       0x30 linker stubs
                0x20001120                        . = ALIGN (0x4)
 *(.rodata*)
                0x20001120                        . = ALIGN (0x4)
 *(.data*)
 .data.striped_spin_lock_num
                0x20001120        0x1 CMakeFiles/app.dir/home/juan/pico-sdk/src/rp2_common/hardware_sync/sync.c.o
 *fill*         0x20001121        0x3 
 .data          0x20001124       0x48 CMakeFiles/app.dir/home/juan/pico-sdk/src/rp2_common/hardware_irq/irq_handler_chain.S.o
                0x20001124                irq_handler_chain_slots
                0x20001154                irq_handler_chain_first_slot
                0x2000115e                irq_handler_chain_remove_tail
 .data.default_alarm_pool
                0x2000116c       0x18 CMakeFiles/app.dir/home/juan/pico-sdk/src/common/pico_time/time.c.o
 .data.stdio_uart
                0x20001184       0x18 CMakeFiles/app.dir/home/juan/pico-sdk/src/rp2_common/pico_stdio_uart/stdio_uart.c.o
                0x20001184                stdio_uart
 .data.stdio_usb
                0x2000119c       0x18 CMakeFiles/app.dir/home/juan/pico-sdk/src/rp2_common/pico_stdio_usb/stdio_usb.c.o
                0x2000119c                stdio_usb
 .data._usbd_qdef
                0x200011b4       0x1c CMakeFiles/app.dir/home/juan/pico-sdk/lib/tinyusb/src/device/usbd.c.o
                0x200011b4                _usbd_qdef
 .data._usbd_rhport
                0x200011d0        0x1 CMakeFiles/app.dir/home/juan/pico-sdk/lib/tinyusb/src/device/usbd.c.o
 *fill*         0x200011d1        0x3 
 .data._cdcd_cfg
                0x200011d4        0x1 CMakeFiles/app.dir/home/juan/pico-sdk/lib/tinyusb/src/class/cdc/cdc_device.c.o
 *fill*         0x200011d5        0x3 
 .data          0x200011d8        0x4 ../lib/liblib.a(port.c.o)
 *fill*         0x200011dc        0x4 
 .data          0x200011e0      0x128 /usr/lib/gcc/arm-none-eabi/13.2.1/../../../arm-none-eabi/lib/thumb/v8-m.main+fp/softfp/libg.a(libc_a-impure.o)
                0x200011e0                _impure_ptr
                0x200011e8                _impure_data
 .data          0x20001308      0x410 /usr/lib/gcc/arm-none-eabi/13.2.1/../../../arm-none-eabi/lib/thumb/v8-m.main+fp/softfp/libg.a(libc_a-mallocr.o)
                0x20001308                __malloc_av_
                0x20001710                __malloc_sbrk_base
                0x20001714                __malloc_trim_threshold
 *(.sdata*)
                0x20001718                        . = ALIGN (0x4)
 *(.after_data.*)
                0x20001718                        . = ALIGN (0x4)
                0x20001718                        PROVIDE (__mutex_array_start = .)
 *(SORT_BY_NAME(.mutex_array.*))
 *(.mutex_array)
 .mutex_array   0x20001718        0x8 CMakeFiles/app.dir/home/juan/pico-sdk/src/rp2_common/pico_stdio/stdio.c.o
                0x20001720                        PROVIDE (__mutex_array_end = .)
 *(.jcr)
                0x20001720                        . = ALIGN (0x4)

.tm_clone_table
                0x20001720        0x0 load address 0x1000c368
 .tm_clone_table
                0x20001720        0x0 /usr/lib/gcc/arm-none-eabi/13.2.1/thumb/v8-m.main+fp/softfp/crtbegin.o
 .tm_clone_table
                0x20001720        0x0 /usr/lib/gcc/arm-none-eabi/13.2.1/thumb/v8-m.main+fp/softfp/crtend.o

.igot.plt       0x20001720        0x0 load address 0x1000c368
 .igot.plt      0x20001720        0x0 /usr/lib/gcc/arm-none-eabi/13.2.1/thumb/v8-m.main+fp/softfp/crtbegin.o

.tdata          0x20001720        0x0 load address 0x1000c368
                0x20001720                        . = ALIGN (0x4)
 *(.tdata .tdata.* .gnu.linkonce.td.*)
                0x20001720                        __tdata_end = .
                0x20001720                        PROVIDE (__data_end__ = .)
                0x1000ad58                        __etext = LOADADDR (.data)

.tbss           0x20001720        0x0 load address 0x1000c368
                0x20001720                        . = ALIGN (0x4)
                0x20001720                        __bss_start__ = .
                0x20001720                        __tls_base = .
 *(.tbss .tbss.* .gnu.linkonce.tb.*)
 *(.tcommon)
                0x20001720                        __tls_end = .

.bss            0x20001720     0x1120 load address 0x1000c368
                0x20001720                        . = ALIGN (0x4)
                0x20001720                        __tbss_end = .
 *(SORT_BY_ALIGNMENT(SORT_BY_NAME(.bss*)))
 .bss           0x20001720       0x50 ../lib/liblib.a(queue.c.o)
                0x20001720                xQueueRegistry
 .bss._cdcd_itf
                0x20001770       0xc8 CMakeFiles/app.dir/home/juan/pico-sdk/lib/tinyusb/src/class/cdc/cdc_device.c.o
 .bss.default_alarm_pool_entries
                0x20001838      0x180 CMakeFiles/app.dir/home/juan/pico-sdk/src/common/pico_time/time.c.o
 .bss.last_avail_time.1
                0x200019b8        0x8 CMakeFiles/app.dir/home/juan/pico-sdk/src/rp2_common/pico_stdio_usb/stdio_usb.c.o
 .bss           0x200019c0       0x1c /usr/lib/gcc/arm-none-eabi/13.2.1/thumb/v8-m.main+fp/softfp/crtbegin.o
 .bss           0x200019dc      0x10c ../lib/liblib.a(tasks.c.o)
                0x20001a60                pxCurrentTCB
 .bss           0x20001ae8       0x3c ../lib/liblib.a(timers.c.o)
 .bss           0x20001b24       0x34 /usr/lib/gcc/arm-none-eabi/13.2.1/../../../arm-none-eabi/lib/thumb/v8-m.main+fp/softfp/libg.a(libc_a-mallocr.o)
                0x20001b24                __malloc_top_pad
                0x20001b28                __malloc_current_mallinfo
                0x20001b50                __malloc_max_sbrked_mem
                0x20001b54                __malloc_max_total_mem
 .bss           0x20001b58      0x13c /usr/lib/gcc/arm-none-eabi/13.2.1/../../../arm-none-eabi/lib/thumb/v8-m.main+fp/softfp/libg.a(libc_a-findfp.o)
                0x20001b58                __sf
                0x20001c90                __stdio_exit_handler
 .bss           0x20001c94        0x4 /usr/lib/gcc/arm-none-eabi/13.2.1/../../../arm-none-eabi/lib/thumb/v8-m.main+fp/softfp/libg.a(libc_a-reent.o)
                0x20001c94                errno
 .bss           0x20001c98      0x190 /usr/lib/gcc/arm-none-eabi/13.2.1/../../../arm-none-eabi/lib/thumb/v8-m.main+fp/softfp/libg.a(libc_a-__atexit.o)
                0x20001c98                __atexit0
 .bss           0x20001e28        0x4 /usr/lib/gcc/arm-none-eabi/13.2.1/../../../arm-none-eabi/lib/thumb/v8-m.main+fp/softfp/libg.a(libc_a-__call_atexit.o)
                0x20001e28                __atexit
 .bss.ADC_queue
                0x20001e2c        0x4 CMakeFiles/app.dir/adc_custom.c.o
                0x20001e2c                ADC_queue
 .bss.BTTN_Queue
                0x20001e30        0x4 CMakeFiles/app.dir/main.c.o
                0x20001e30                BTTN_Queue
 .bss._app_driver
                0x20001e34        0x4 CMakeFiles/app.dir/home/juan/pico-sdk/lib/tinyusb/src/device/usbd.c.o
 .bss._cdcd_epbuf
                0x20001e38       0x80 CMakeFiles/app.dir/home/juan/pico-sdk/lib/tinyusb/src/class/cdc/cdc_device.c.o
 .bss._ctrl_epbuf
                0x20001eb8       0x40 CMakeFiles/app.dir/home/juan/pico-sdk/lib/tinyusb/src/device/usbd_control.c.o
 .bss._ctrl_xfer
                0x20001ef8       0x14 CMakeFiles/app.dir/home/juan/pico-sdk/lib/tinyusb/src/device/usbd_control.c.o
 .bss._sw_spin_locks
                0x20001f0c       0x20 CMakeFiles/app.dir/home/juan/pico-sdk/src/rp2_common/hardware_sync_spin_lock/sync_spin_lock.c.o
                0x20001f0c                _sw_spin_locks
 .bss._tusb_rhport_role
                0x20001f2c        0x2 CMakeFiles/app.dir/home/juan/pico-sdk/lib/tinyusb/src/tusb.c.o
                0x20001f2c                _tusb_rhport_role
 *fill*         0x20001f2e        0x2 
 .bss._ubsd_mutexdef
                0x20001f30        0x8 CMakeFiles/app.dir/home/juan/pico-sdk/lib/tinyusb/src/device/usbd.c.o
 .bss._usbd_dev
                0x20001f38       0x54 CMakeFiles/app.dir/home/juan/pico-sdk/lib/tinyusb/src/device/usbd.c.o
 .bss._usbd_mutex
                0x20001f8c        0x4 CMakeFiles/app.dir/home/juan/pico-sdk/lib/tinyusb/src/device/usbd.c.o
 .bss._usbd_q   0x20001f90        0x4 CMakeFiles/app.dir/home/juan/pico-sdk/lib/tinyusb/src/device/usbd.c.o
 .bss._usbd_qdef_buf
                0x20001f94       0xc0 CMakeFiles/app.dir/home/juan/pico-sdk/lib/tinyusb/src/device/usbd.c.o
                0x20001f94                _usbd_qdef_buf
 .bss._vendord_epbuf
                0x20002054       0x80 CMakeFiles/app.dir/home/juan/pico-sdk/lib/tinyusb/src/class/vendor/vendor_device.c.o
 .bss._vendord_itf
                0x200020d4      0x24c CMakeFiles/app.dir/home/juan/pico-sdk/lib/tinyusb/src/class/vendor/vendor_device.c.o
 .bss.callbacks
                0x20002320        0x8 CMakeFiles/app.dir/home/juan/pico-sdk/src/rp2_common/hardware_gpio/gpio.c.o
 .bss.chars_available_callback
                0x20002328        0x4 CMakeFiles/app.dir/home/juan/pico-sdk/src/rp2_common/pico_stdio_uart/stdio_uart.c.o
 .bss.chars_available_callback
                0x2000232c        0x4 CMakeFiles/app.dir/home/juan/pico-sdk/src/rp2_common/pico_stdio_usb/stdio_usb.c.o
 .bss.chars_available_param
                0x20002330        0x4 CMakeFiles/app.dir/home/juan/pico-sdk/src/rp2_common/pico_stdio_uart/stdio_uart.c.o
 .bss.chars_available_param
                0x20002334        0x4 CMakeFiles/app.dir/home/juan/pico-sdk/src/rp2_common/pico_stdio_usb/stdio_usb.c.o
 .bss.claimed   0x20002338        0x4 CMakeFiles/app.dir/home/juan/pico-sdk/src/rp2_common/hardware_sync/sync.c.o
 .bss.claimed   0x2000233c        0x2 CMakeFiles/app.dir/home/juan/pico-sdk/src/rp2_common/hardware_timer/timer.c.o
 *fill*         0x2000233e        0x2 
 .bss.configured_freq
                0x20002340       0x28 CMakeFiles/app.dir/home/juan/pico-sdk/src/rp2_common/hardware_clocks/clocks.c.o
 .bss.desc_str.0
                0x20002368       0x28 CMakeFiles/app.dir/home/juan/pico-sdk/src/rp2_common/pico_stdio_usb/stdio_usb_descriptors.c.o
 .bss.drivers   0x20002390        0x4 CMakeFiles/app.dir/home/juan/pico-sdk/src/rp2_common/pico_stdio/stdio.c.o
 .bss.e15_last_sof
                0x20002394        0x4 CMakeFiles/app.dir/home/juan/pico-sdk/lib/tinyusb/src/portable/raspberrypi/rp2040/rp2040_usb.c.o
                0x20002394                e15_last_sof
 .bss.filter    0x20002398        0x4 CMakeFiles/app.dir/home/juan/pico-sdk/src/rp2_common/pico_stdio/stdio.c.o
 .bss.heap_end.0
                0x2000239c        0x4 CMakeFiles/app.dir/home/juan/pico-sdk/src/rp2_common/pico_clib_interface/newlib_interface.c.o
 .bss.hw_endpoints
                0x200023a0      0x400 CMakeFiles/app.dir/home/juan/pico-sdk/lib/tinyusb/src/portable/raspberrypi/rp2040/dcd_rp2040.c.o
 .bss.idle_tick_counter
                0x200027a0        0x4 CMakeFiles/app.dir/cpu_monitor.c.o
 .bss.lazy_vsnprintf
                0x200027a4        0x4 CMakeFiles/app.dir/home/juan/pico-sdk/src/rp2_common/pico_printf/printf.c.o
 .bss.load_value
                0x200027a8        0x4 CMakeFiles/app.dir/home/juan/pico-sdk/src/rp2_common/hardware_watchdog/watchdog.c.o
 .bss.next_buffer_ptr
                0x200027ac        0x4 CMakeFiles/app.dir/home/juan/pico-sdk/lib/tinyusb/src/portable/raspberrypi/rp2040/dcd_rp2040.c.o
 .bss.one_shot_timer_crit_sec
                0x200027b0        0x8 CMakeFiles/app.dir/home/juan/pico-sdk/src/rp2_common/pico_stdio_usb/stdio_usb.c.o
 .bss.pTaskParams
                0x200027b8       0x28 CMakeFiles/app.dir/cpu_monitor.c.o
                0x200027b8                pTaskParams
 .bss.pools     0x200027e0       0x20 CMakeFiles/app.dir/home/juan/pico-sdk/src/common/pico_time/time.c.o
 .bss.raw_irq_mask
                0x20002800        0x8 CMakeFiles/app.dir/home/juan/pico-sdk/src/rp2_common/hardware_gpio/gpio.c.o
 .bss.retrieved_id
                0x20002808        0x8 CMakeFiles/app.dir/home/juan/pico-sdk/src/rp2_common/pico_unique_id/unique_id.c.o
 .bss.sleep_notifier
                0x20002810        0x4 CMakeFiles/app.dir/home/juan/pico-sdk/src/common/pico_time/time.c.o
 .bss.stdio_usb_mutex
                0x20002814        0x8 CMakeFiles/app.dir/home/juan/pico-sdk/src/rp2_common/pico_stdio_usb/stdio_usb.c.o
 .bss.uart_char_to_line_feed
                0x2000281c        0x4 CMakeFiles/app.dir/home/juan/pico-sdk/src/rp2_common/hardware_uart/uart.c.o
                0x2000281c                uart_char_to_line_feed
 .bss.uart_instance
                0x20002820        0x4 CMakeFiles/app.dir/home/juan/pico-sdk/src/rp2_common/pico_stdio_uart/stdio_uart.c.o
 .bss.usbd_serial_str
                0x20002824       0x11 CMakeFiles/app.dir/home/juan/pico-sdk/src/rp2_common/pico_stdio_usb/stdio_usb_descriptors.c.o
 .bss.Handler_cnt
                0x20002835        0x1 CMakeFiles/app.dir/cpu_monitor.c.o
                0x20002835                Handler_cnt
 .bss._app_driver_count
                0x20002836        0x1 CMakeFiles/app.dir/home/juan/pico-sdk/lib/tinyusb/src/device/usbd.c.o
 .bss._sof_enable
                0x20002837        0x1 CMakeFiles/app.dir/home/juan/pico-sdk/lib/tinyusb/src/portable/raspberrypi/rp2040/dcd_rp2040.c.o
 .bss._usbd_queued_setup
                0x20002838        0x1 CMakeFiles/app.dir/home/juan/pico-sdk/lib/tinyusb/src/device/usbd.c.o
 .bss.irq_handler_chain_free_slot_head
                0x20002839        0x1 CMakeFiles/app.dir/home/juan/pico-sdk/src/rp2_common/hardware_irq/irq.c.o
 .bss.itf_num   0x2000283a        0x1 CMakeFiles/app.dir/home/juan/pico-sdk/src/rp2_common/pico_stdio_usb/reset_interface.c.o
 .bss.low_priority_irq_num
                0x2000283b        0x1 CMakeFiles/app.dir/home/juan/pico-sdk/src/rp2_common/pico_stdio_usb/stdio_usb.c.o
 .bss.one_shot_timer_pending
                0x2000283c        0x1 CMakeFiles/app.dir/home/juan/pico-sdk/src/rp2_common/pico_stdio_usb/stdio_usb.c.o
 .bss.user_irq_claimed
                0x2000283d        0x1 CMakeFiles/app.dir/home/juan/pico-sdk/src/rp2_common/hardware_irq/irq.c.o
 *(COMMON)
                [!provide]                        PROVIDE (__global_pointer$ = (. + 0x800))
 *(.sbss*)
                0x20002840                        . = ALIGN (0x4)
 *fill*         0x2000283e        0x2 
                0x20002840                        __bss_end__ = .

.heap           0x20002840      0x800 load address 0x1000c368
                0x20002840                        __end__ = .
                0x20002840                        end = __end__
 *(.heap*)
 .heap          0x20002840      0x800 CMakeFiles/app.dir/home/juan/pico-sdk/src/rp2_common/pico_crt0/crt0.S.o
                0x20080000                        __HeapLimit = (ORIGIN (RAM) + LENGTH (RAM))

.scratch_x      0x20080000        0x0 load address 0x1000c368
                0x20080000                        __scratch_x_start__ = .
 *(.scratch_x.*)
                0x20080000                        . = ALIGN (0x4)
                0x20080000                        __scratch_x_end__ = .
                0x1000c368                        __scratch_x_source__ = LOADADDR (.scratch_x)

.scratch_y      0x20081000        0x0 load address 0x1000c368
                0x20081000                        __scratch_y_start__ = .
 *(.scratch_y.*)
                0x20081000                        . = ALIGN (0x4)
                0x20081000                        __scratch_y_end__ = .
                0x1000c368                        __scratch_y_source__ = LOADADDR (.scratch_y)

.stack1_dummy
 *(.stack1*)

.stack_dummy    0x20081000      0x800
 *(.stack*)
 .stack         0x20081000      0x800 CMakeFiles/app.dir/home/juan/pico-sdk/src/rp2_common/pico_crt0/crt0.S.o

.flash_end      0x1000c368       0x14
 *(.embedded_end_block*)
 .embedded_end_block
                0x1000c368       0x14 CMakeFiles/app.dir/home/juan/pico-sdk/src/rp2_common/pico_crt0/crt0.S.o
                0x1000c37c                        PROVIDE (__flash_binary_end = .)
                0x20080000                        __StackLimit = (ORIGIN (RAM) + LENGTH (RAM))
                0x20081000                        __StackOneTop = (ORIGIN (SCRATCH_X) + LENGTH (SCRATCH_X))
                0x20082000                        __StackTop = (ORIGIN (SCRATCH_Y) + LENGTH (SCRATCH_Y))